[scx_bpfland] tasks -> r:  5/16 | dispatch -> k: 0     d: 3     s: 0    
[scx_bpfland] tasks -> r:  4/16 | dispatch -> k: 0     d: 4279  s: 3    
[scx_bpfland] tasks -> r: 16/16 | dispatch -> k: 0     d: 3308  s: 3565 
[scx_bpfland] tasks -> r: 13/16 | dispatch -> k: 0     d: 4078  s: 4492 
[scx_bpfland] tasks -> r: 11/16 | dispatch -> k: 0     d: 4717  s: 1295 
[scx_bpfland] tasks -> r: 12/16 | dispatch -> k: 0     d: 5563  s: 853  
[scx_bpfland] tasks -> r: 12/16 | dispatch -> k: 0     d: 5090  s: 701  
[scx_bpfland] tasks -> r: 11/16 | dispatch -> k: 0     d: 5209  s: 616  
[scx_bpfland] tasks -> r: 11/16 | dispatch -> k: 0     d: 6231  s: 31   
[scx_bpfland] tasks -> r: 12/16 | dispatch -> k: 0     d: 5217  s: 598  
[scx_bpfland] tasks -> r:  9/16 | dispatch -> k: 0     d: 5374  s: 678  
[scx_bpfland] tasks -> r: 13/16 | dispatch -> k: 0     d: 5188  s: 700  
[scx_bpfland] tasks -> r: 14/16 | dispatch -> k: 0     d: 5299  s: 606  
[scx_bpfland] tasks -> r: 16/16 | dispatch -> k: 0     d: 5491  s: 403  
[scx_bpfland] tasks -> r: 14/16 | dispatch -> k: 0     d: 5776  s: 168  
[scx_bpfland] tasks -> r:  9/16 | dispatch -> k: 0     d: 5387  s: 958  
[scx_bpfland] tasks -> r: 10/16 | dispatch -> k: 0     d: 5122  s: 590  
[scx_bpfland] tasks -> r: 12/16 | dispatch -> k: 0     d: 5960  s: 82   
[scx_bpfland] tasks -> r:  9/16 | dispatch -> k: 0     d: 5204  s: 560  
[scx_bpfland] tasks -> r: 12/16 | dispatch -> k: 0     d: 5203  s: 580  
[scx_bpfland] tasks -> r: 11/16 | dispatch -> k: 0     d: 5588  s: 753  
[scx_bpfland] tasks -> r:  9/16 | dispatch -> k: 0     d: 5213  s: 575  
[scx_bpfland] tasks -> r: 13/16 | dispatch -> k: 0     d: 5242  s: 543  
[scx_bpfland] tasks -> r:  9/16 | dispatch -> k: 0     d: 5914  s: 81   
[scx_bpfland] tasks -> r: 10/16 | dispatch -> k: 0     d: 5263  s: 653  
[scx_bpfland] tasks -> r:  8/16 | dispatch -> k: 0     d: 5352  s: 944  
[scx_bpfland] tasks -> r:  9/16 | dispatch -> k: 0     d: 5264  s: 710  
[scx_bpfland] tasks -> r: 13/16 | dispatch -> k: 0     d: 5121  s: 614  
[scx_bpfland] tasks -> r: 16/16 | dispatch -> k: 0     d: 5541  s: 1816 
[scx_bpfland] tasks -> r: 16/16 | dispatch -> k: 0     d: 5880  s: 720  
[scx_bpfland] tasks -> r: 15/16 | dispatch -> k: 0     d: 4905  s: 993  
[scx_bpfland] tasks -> r: 16/16 | dispatch -> k: 0     d: 4856  s: 945  
[scx_bpfland] tasks -> r:  9/16 | dispatch -> k: 0     d: 4511  s: 977  
[scx_bpfland] tasks -> r:  7/16 | dispatch -> k: 0     d: 5071  s: 398  
[scx_bpfland] tasks -> r:  7/16 | dispatch -> k: 0     d: 5110  s: 570  
[scx_bpfland] tasks -> r: 11/16 | dispatch -> k: 0     d: 5407  s: 774  
[scx_bpfland] tasks -> r: 14/16 | dispatch -> k: 0     d: 5155  s: 675  
[scx_bpfland] tasks -> r: 16/16 | dispatch -> k: 0     d: 5185  s: 552  
[scx_bpfland] tasks -> r: 12/16 | dispatch -> k: 0     d: 5055  s: 640  
[scx_bpfland] tasks -> r: 13/16 | dispatch -> k: 0     d: 5046  s: 639  
[scx_bpfland] tasks -> r: 12/16 | dispatch -> k: 0     d: 5260  s: 766  
[scx_bpfland] tasks -> r:  9/16 | dispatch -> k: 0     d: 4951  s: 1529 
[scx_bpfland] tasks -> r: 16/16 | dispatch -> k: 0     d: 5289  s: 1117 
[scx_bpfland] tasks -> r: 14/16 | dispatch -> k: 0     d: 5420  s: 242  
[scx_bpfland] tasks -> r: 10/16 | dispatch -> k: 0     d: 4896  s: 698  
[scx_bpfland] tasks -> r: 16/16 | dispatch -> k: 0     d: 5219  s: 867  
[scx_bpfland] tasks -> r: 16/16 | dispatch -> k: 0     d: 5371  s: 720  
[scx_bpfland] tasks -> r: 10/16 | dispatch -> k: 0     d: 5066  s: 690  
[scx_bpfland] tasks -> r: 12/16 | dispatch -> k: 0     d: 5082  s: 736  
[scx_bpfland] tasks -> r: 10/16 | dispatch -> k: 0     d: 4998  s: 624  
[scx_bpfland] tasks -> r: 11/16 | dispatch -> k: 0     d: 5141  s: 1083 
[scx_bpfland] tasks -> r: 15/16 | dispatch -> k: 0     d: 5946  s: 843  
[scx_bpfland] tasks -> r: 12/16 | dispatch -> k: 0     d: 5135  s: 779  
[scx_bpfland] tasks -> r: 11/16 | dispatch -> k: 0     d: 4879  s: 1744 
[scx_bpfland] tasks -> r: 10/16 | dispatch -> k: 0     d: 5019  s: 1165 
[scx_bpfland] tasks -> r: 15/16 | dispatch -> k: 0     d: 5944  s: 311  
[scx_bpfland] tasks -> r:  8/16 | dispatch -> k: 0     d: 5472  s: 974  
[scx_bpfland] tasks -> r: 16/16 | dispatch -> k: 0     d: 6705  s: 2053 
[scx_bpfland] tasks -> r: 11/16 | dispatch -> k: 0     d: 5176  s: 604  
[scx_bpfland] tasks -> r: 12/16 | dispatch -> k: 0     d: 4982  s: 661  
[scx_bpfland] tasks -> r: 12/16 | dispatch -> k: 0     d: 5379  s: 742  
[scx_bpfland] tasks -> r: 12/16 | dispatch -> k: 0     d: 5900  s: 22   
[scx_bpfland] tasks -> r: 10/16 | dispatch -> k: 0     d: 5073  s: 666  
[scx_bpfland] tasks -> r:  8/16 | dispatch -> k: 0     d: 4958  s: 615  
[scx_bpfland] tasks -> r: 16/16 | dispatch -> k: 0     d: 4647  s: 838  
[scx_bpfland] tasks -> r:  8/16 | dispatch -> k: 0     d: 5434  s: 753  
[scx_bpfland] tasks -> r:  9/16 | dispatch -> k: 0     d: 5078  s: 532  
[scx_bpfland] tasks -> r: 12/16 | dispatch -> k: 0     d: 4961  s: 596  
[scx_bpfland] tasks -> r: 12/16 | dispatch -> k: 0     d: 4846  s: 605  
[scx_bpfland] tasks -> r: 16/16 | dispatch -> k: 0     d: 5071  s: 476  
[scx_bpfland] tasks -> r:  8/16 | dispatch -> k: 0     d: 5574  s: 701  
[scx_bpfland] tasks -> r: 15/16 | dispatch -> k: 0     d: 4941  s: 639  
[scx_bpfland] tasks -> r: 12/16 | dispatch -> k: 0     d: 5050  s: 527  
[scx_bpfland] tasks -> r: 16/16 | dispatch -> k: 0     d: 5189  s: 615  
[scx_bpfland] tasks -> r: 12/16 | dispatch -> k: 0     d: 5310  s: 495  
[scx_bpfland] tasks -> r: 13/16 | dispatch -> k: 0     d: 5049  s: 1073 
[scx_bpfland] tasks -> r: 13/16 | dispatch -> k: 0     d: 4657  s: 558  
[scx_bpfland] tasks -> r: 15/16 | dispatch -> k: 0     d: 6196  s: 158  
[scx_bpfland] tasks -> r: 16/16 | dispatch -> k: 0     d: 4846  s: 1041 
[scx_bpfland] tasks -> r: 16/16 | dispatch -> k: 0     d: 5351  s: 1157 
[scx_bpfland] tasks -> r: 13/16 | dispatch -> k: 0     d: 5313  s: 849  
[scx_bpfland] tasks -> r: 12/16 | dispatch -> k: 0     d: 5744  s: 92   
[scx_bpfland] tasks -> r:  5/16 | dispatch -> k: 0     d: 4747  s: 772  
[scx_bpfland] tasks -> r: 15/16 | dispatch -> k: 0     d: 4531  s: 792  
[scx_bpfland] tasks -> r: 16/16 | dispatch -> k: 0     d: 5573  s: 125  
[scx_bpfland] tasks -> r: 14/16 | dispatch -> k: 0     d: 5570  s: 701  
[scx_bpfland] tasks -> r: 15/16 | dispatch -> k: 0     d: 4716  s: 915  
[scx_bpfland] tasks -> r: 12/16 | dispatch -> k: 0     d: 5018  s: 604  
[scx_bpfland] tasks -> r: 16/16 | dispatch -> k: 0     d: 5007  s: 539  
[scx_bpfland] tasks -> r: 13/16 | dispatch -> k: 0     d: 5550  s: 261  
[scx_bpfland] tasks -> r: 13/16 | dispatch -> k: 0     d: 4897  s: 1037 
[scx_bpfland] tasks -> r: 13/16 | dispatch -> k: 0     d: 4620  s: 826  
[scx_bpfland] tasks -> r: 16/16 | dispatch -> k: 0     d: 5792  s: 183  
[scx_bpfland] tasks -> r: 15/16 | dispatch -> k: 0     d: 4844  s: 564  
[scx_bpfland] tasks -> r:  8/16 | dispatch -> k: 0     d: 4921  s: 601  
[scx_bpfland] tasks -> r: 11/16 | dispatch -> k: 0     d: 4967  s: 891  
[scx_bpfland] tasks -> r: 16/16 | dispatch -> k: 0     d: 5308  s: 728  
[scx_bpfland] tasks -> r:  9/16 | dispatch -> k: 0     d: 5696  s: 493  
[scx_bpfland] tasks -> r: 14/16 | dispatch -> k: 0     d: 4857  s: 632  
[scx_bpfland] tasks -> r: 10/16 | dispatch -> k: 0     d: 4228  s: 1059 
[scx_bpfland] tasks -> r: 16/16 | dispatch -> k: 0     d: 5038  s: 1382 
[scx_bpfland] tasks -> r: 14/16 | dispatch -> k: 0     d: 5182  s: 923  
[scx_bpfland] tasks -> r:  3/16 | dispatch -> k: 0     d: 5219  s: 284  
[scx_bpfland] tasks -> r:  9/16 | dispatch -> k: 0     d: 5720  s: 84   
[scx_bpfland] tasks -> r:  7/16 | dispatch -> k: 0     d: 6580  s: 263  
[scx_bpfland] tasks -> r:  8/16 | dispatch -> k: 0     d: 6228  s: 311  
[scx_bpfland] tasks -> r:  6/16 | dispatch -> k: 0     d: 5744  s: 232  
[scx_bpfland] tasks -> r:  7/16 | dispatch -> k: 0     d: 5739  s: 253  
[scx_bpfland] tasks -> r:  8/16 | dispatch -> k: 0     d: 5630  s: 227  
[scx_bpfland] tasks -> r:  8/16 | dispatch -> k: 0     d: 5726  s: 149  
[scx_bpfland] tasks -> r:  4/16 | dispatch -> k: 0     d: 5909  s: 270  
[scx_bpfland] tasks -> r:  4/16 | dispatch -> k: 0     d: 5610  s: 213  
[scx_bpfland] tasks -> r:  7/16 | dispatch -> k: 0     d: 5515  s: 269  
[scx_bpfland] tasks -> r:  6/16 | dispatch -> k: 0     d: 7788  s: 224  
[scx_bpfland] tasks -> r: 14/16 | dispatch -> k: 0     d: 5533  s: 122  
[scx_bpfland] tasks -> r:  6/16 | dispatch -> k: 0     d: 6069  s: 136  
[scx_bpfland] tasks -> r:  8/16 | dispatch -> k: 0     d: 5660  s: 97   
[scx_bpfland] tasks -> r:  8/16 | dispatch -> k: 0     d: 5678  s: 263  
[scx_bpfland] tasks -> r:  8/16 | dispatch -> k: 0     d: 5840  s: 131  
[scx_bpfland] tasks -> r:  7/16 | dispatch -> k: 0     d: 5628  s: 301  
[scx_bpfland] tasks -> r:  7/16 | dispatch -> k: 0     d: 6277  s: 107  
[scx_bpfland] tasks -> r: 12/16 | dispatch -> k: 0     d: 5899  s: 151  
[scx_bpfland] tasks -> r:  7/16 | dispatch -> k: 0     d: 5874  s: 116  
[scx_bpfland] tasks -> r:  8/16 | dispatch -> k: 0     d: 5587  s: 339  
[scx_bpfland] tasks -> r:  8/16 | dispatch -> k: 0     d: 5686  s: 206  
[scx_bpfland] tasks -> r: 10/16 | dispatch -> k: 0     d: 5990  s: 250  
[scx_bpfland] tasks -> r:  3/16 | dispatch -> k: 0     d: 5703  s: 73   
[scx_bpfland] tasks -> r:  8/16 | dispatch -> k: 0     d: 5954  s: 181  
[scx_bpfland] tasks -> r:  6/16 | dispatch -> k: 0     d: 6180  s: 260  
[scx_bpfland] tasks -> r: 16/16 | dispatch -> k: 0     d: 5961  s: 728  
[scx_bpfland] tasks -> r:  6/16 | dispatch -> k: 0     d: 6069  s: 476  
[scx_bpfland] tasks -> r:  9/16 | dispatch -> k: 0     d: 6190  s: 0    
[scx_bpfland] tasks -> r:  7/16 | dispatch -> k: 0     d: 5745  s: 154  
[scx_bpfland] tasks -> r: 12/16 | dispatch -> k: 0     d: 5703  s: 350  
[scx_bpfland] tasks -> r:  8/16 | dispatch -> k: 0     d: 5803  s: 32   
[scx_bpfland] tasks -> r:  7/16 | dispatch -> k: 0     d: 5876  s: 543  
[scx_bpfland] tasks -> r:  6/16 | dispatch -> k: 0     d: 5965  s: 118  
[scx_bpfland] tasks -> r:  8/16 | dispatch -> k: 0     d: 5753  s: 192  
[scx_bpfland] tasks -> r:  6/16 | dispatch -> k: 0     d: 5558  s: 318  
[scx_bpfland] tasks -> r: 16/16 | dispatch -> k: 0     d: 5356  s: 395  
[scx_bpfland] tasks -> r:  8/16 | dispatch -> k: 0     d: 6363  s: 175  
[scx_bpfland] tasks -> r:  7/16 | dispatch -> k: 0     d: 5560  s: 278  
[scx_bpfland] tasks -> r: 11/16 | dispatch -> k: 0     d: 5453  s: 298  
[scx_bpfland] tasks -> r:  7/16 | dispatch -> k: 0     d: 5713  s: 224  
[scx_bpfland] tasks -> r:  6/16 | dispatch -> k: 0     d: 5666  s: 206  
[scx_bpfland] tasks -> r:  7/16 | dispatch -> k: 0     d: 5887  s: 453  
[scx_bpfland] tasks -> r:  7/16 | dispatch -> k: 0     d: 6186  s: 306  
[scx_bpfland] tasks -> r: 15/16 | dispatch -> k: 0     d: 5821  s: 332  
[scx_bpfland] tasks -> r: 10/16 | dispatch -> k: 0     d: 5900  s: 167  
[scx_bpfland] tasks -> r:  5/16 | dispatch -> k: 0     d: 5578  s: 143  
[scx_bpfland] tasks -> r: 13/16 | dispatch -> k: 0     d: 5758  s: 422  
[scx_bpfland] tasks -> r: 13/16 | dispatch -> k: 0     d: 5563  s: 420  
[scx_bpfland] tasks -> r:  6/16 | dispatch -> k: 0     d: 5568  s: 269  
[scx_bpfland] tasks -> r:  8/16 | dispatch -> k: 0     d: 5640  s: 238  
[scx_bpfland] tasks -> r: 16/16 | dispatch -> k: 0     d: 6899  s: 204  
[scx_bpfland] tasks -> r: 13/16 | dispatch -> k: 0     d: 6268  s: 562  
[scx_bpfland] tasks -> r:  7/16 | dispatch -> k: 0     d: 5436  s: 230  
[scx_bpfland] tasks -> r: 16/16 | dispatch -> k: 0     d: 6025  s: 53   
[scx_bpfland] tasks -> r:  7/16 | dispatch -> k: 0     d: 5763  s: 168  
[scx_bpfland] tasks -> r:  9/16 | dispatch -> k: 0     d: 5764  s: 319  
[scx_bpfland] tasks -> r:  6/16 | dispatch -> k: 0     d: 7308  s: 1412 
[scx_bpfland] tasks -> r:  4/16 | dispatch -> k: 0     d: 5672  s: 221  
[scx_bpfland] tasks -> r:  9/16 | dispatch -> k: 0     d: 5827  s: 186  
[scx_bpfland] tasks -> r:  6/16 | dispatch -> k: 0     d: 5635  s: 223  
[scx_bpfland] tasks -> r:  7/16 | dispatch -> k: 0     d: 5665  s: 235  
[scx_bpfland] tasks -> r:  7/16 | dispatch -> k: 0     d: 5966  s: 411  
[scx_bpfland] tasks -> r: 10/16 | dispatch -> k: 0     d: 5898  s: 158  
[scx_bpfland] tasks -> r: 11/16 | dispatch -> k: 0     d: 5657  s: 248  
[scx_bpfland] tasks -> r:  6/16 | dispatch -> k: 0     d: 5786  s: 120  
[scx_bpfland] tasks -> r:  4/16 | dispatch -> k: 0     d: 5730  s: 243  
[scx_bpfland] tasks -> r:  7/16 | dispatch -> k: 0     d: 6058  s: 270  
[scx_bpfland] tasks -> r:  5/16 | dispatch -> k: 0     d: 5561  s: 143  
[scx_bpfland] tasks -> r:  7/16 | dispatch -> k: 0     d: 5812  s: 237  
[scx_bpfland] tasks -> r:  5/16 | dispatch -> k: 0     d: 5573  s: 278  
[scx_bpfland] tasks -> r: 10/16 | dispatch -> k: 0     d: 5943  s: 139  
[scx_bpfland] tasks -> r: 16/16 | dispatch -> k: 0     d: 6320  s: 202  
[scx_bpfland] tasks -> r: 16/16 | dispatch -> k: 0     d: 5613  s: 252  
[scx_bpfland] tasks -> r: 16/16 | dispatch -> k: 0     d: 6362  s: 424  
[scx_bpfland] tasks -> r:  6/16 | dispatch -> k: 0     d: 6417  s: 209  
[scx_bpfland] tasks -> r:  5/16 | dispatch -> k: 0     d: 6642  s: 224  
[scx_bpfland] tasks -> r:  8/16 | dispatch -> k: 0     d: 5529  s: 592  
[scx_bpfland] tasks -> r:  5/16 | dispatch -> k: 0     d: 6109  s: 106  
[scx_bpfland] tasks -> r:  8/16 | dispatch -> k: 0     d: 5623  s: 215  
[scx_bpfland] tasks -> r:  8/16 | dispatch -> k: 0     d: 5626  s: 170  
[scx_bpfland] tasks -> r:  6/16 | dispatch -> k: 0     d: 5673  s: 333  
[scx_bpfland] tasks -> r:  6/16 | dispatch -> k: 0     d: 6489  s: 287  
[scx_bpfland] tasks -> r:  6/16 | dispatch -> k: 0     d: 6186  s: 276  
[scx_bpfland] tasks -> r:  5/16 | dispatch -> k: 0     d: 6105  s: 249  
[scx_bpfland] tasks -> r:  8/16 | dispatch -> k: 0     d: 6086  s: 298  
[scx_bpfland] tasks -> r:  8/16 | dispatch -> k: 0     d: 5731  s: 305  
[scx_bpfland] tasks -> r:  8/16 | dispatch -> k: 0     d: 8570  s: 648  
[scx_bpfland] tasks -> r:  7/16 | dispatch -> k: 0     d: 6478  s: 689  
[scx_bpfland] tasks -> r:  5/16 | dispatch -> k: 0     d: 6877  s: 392  
[scx_bpfland] tasks -> r:  5/16 | dispatch -> k: 0     d: 4631  s: 0    
[scx_bpfland] tasks -> r:  5/16 | dispatch -> k: 0     d: 4218  s: 0    
[scx_bpfland] tasks -> r:  9/16 | dispatch -> k: 0     d: 4302  s: 6    
[scx_bpfland] tasks -> r:  3/16 | dispatch -> k: 0     d: 5907  s: 238  
[scx_bpfland] tasks -> r:  4/16 | dispatch -> k: 0     d: 4396  s: 19   
[scx_bpfland] tasks -> r: 10/16 | dispatch -> k: 0     d: 4160  s: 49   
[scx_bpfland] tasks -> r:  3/16 | dispatch -> k: 0     d: 3391  s: 2    
[scx_bpfland] tasks -> r:  5/16 | dispatch -> k: 0     d: 4165  s: 16   
[scx_bpfland] tasks -> r:  5/16 | dispatch -> k: 0     d: 3484  s: 12   
[scx_bpfland] tasks -> r:  3/16 | dispatch -> k: 0     d: 3317  s: 27   
[scx_bpfland] tasks -> r:  5/16 | dispatch -> k: 0     d: 3321  s: 11   
[scx_bpfland] tasks -> r:  8/16 | dispatch -> k: 0     d: 3804  s: 40   
[scx_bpfland] tasks -> r:  4/16 | dispatch -> k: 0     d: 4621  s: 4    
[scx_bpfland] tasks -> r:  4/16 | dispatch -> k: 0     d: 3506  s: 15   
[scx_bpfland] tasks -> r:  4/16 | dispatch -> k: 0     d: 3228  s: 8    
[scx_bpfland] tasks -> r:  6/16 | dispatch -> k: 0     d: 3362  s: 8    
[scx_bpfland] tasks -> r:  3/16 | dispatch -> k: 0     d: 3311  s: 0    
[scx_bpfland] tasks -> r:  3/16 | dispatch -> k: 0     d: 4107  s: 6    
[scx_bpfland] tasks -> r:  2/16 | dispatch -> k: 0     d: 5005  s: 60   
[scx_bpfland] tasks -> r:  7/16 | dispatch -> k: 0     d: 3531  s: 48   
[scx_bpfland] tasks -> r:  5/16 | dispatch -> k: 0     d: 2938  s: 22   
[scx_bpfland] tasks -> r: 10/16 | dispatch -> k: 0     d: 3560  s: 6    
[scx_bpfland] tasks -> r:  3/16 | dispatch -> k: 0     d: 4043  s: 54   
[scx_bpfland] tasks -> r:  2/16 | dispatch -> k: 0     d: 2836  s: 14   
[scx_bpfland] tasks -> r:  9/16 | dispatch -> k: 0     d: 3820  s: 14   
[scx_bpfland] tasks -> r: 11/16 | dispatch -> k: 0     d: 3741  s: 143  
[scx_bpfland] tasks -> r:  5/16 | dispatch -> k: 0     d: 3593  s: 0    
[scx_bpfland] tasks -> r:  3/16 | dispatch -> k: 0     d: 3934  s: 64   
[scx_bpfland] tasks -> r:  3/16 | dispatch -> k: 0     d: 3416  s: 11   
[scx_bpfland] tasks -> r:  7/16 | dispatch -> k: 0     d: 3351  s: 10   
[scx_bpfland] tasks -> r: 11/16 | dispatch -> k: 0     d: 3555  s: 10   
[scx_bpfland] tasks -> r: 13/16 | dispatch -> k: 0     d: 3477  s: 10   
[scx_bpfland] tasks -> r:  4/16 | dispatch -> k: 0     d: 3899  s: 169  
[scx_bpfland] tasks -> r:  3/16 | dispatch -> k: 0     d: 3502  s: 17   
[scx_bpfland] tasks -> r:  4/16 | dispatch -> k: 0     d: 4103  s: 12   
[scx_bpfland] tasks -> r:  5/16 | dispatch -> k: 0     d: 3510  s: 203  
[scx_bpfland] tasks -> r:  0/16 | dispatch -> k: 0     d: 2436  s: 52   
