05:30:50 [INFO] scx_flow 1.0.0 x86_64-unknown-linux-gnu
05:30:50 [INFO] Starting scx_flow scheduler
05:30:54 [INFO] autotune=latency gen=1 reserve_cap=275us shared_slice=900us refill_floor=120us preempt_budget=175us preempt_refill=225us
05:30:55 [INFO] autotune=latency gen=2 reserve_cap=300us shared_slice=900us refill_floor=140us preempt_budget=200us preempt_refill=250us
05:30:56 [INFO] autotune=latency gen=3 reserve_cap=300us shared_slice=900us refill_floor=140us preempt_budget=225us preempt_refill=250us

DEBUG DUMP
================================================================================

kworker/u64:4[2199005] triggered exit kind 1026:
  runnable task stall (cyclictest[2198985] failed to run for 7.018s)

Backtrace:
  scx_watchdog_workfn+0x12a/0x1c0
  process_scheduled_works+0x1f3/0x5e0
  worker_thread+0x18d/0x340
  kthread+0x205/0x280
  ret_from_fork+0x118/0x260
  ret_from_fork_asm+0x1a/0x30

CPU states
----------

CPU 0   : nr_run=3 flags=0x1 cpu_rel=0 ops_qseq=53607925 ksync=179900591
          curr=bash[2198990] class=rt_sched_class

  R cyclictest[2198985] -7018ms
      scx_state/flags=3/0x9 dsq_flags=0x0 ops_state/qseq=0/0
      sticky/holding_cpu=-1/-1 dsq_id=0x8000000000000002
      dsq_vtime=0 slice=50000 weight=244
      cpus=0001 no_mig=0

    __x64_sys_clock_nanosleep+0xea/0x160
    do_syscall_64+0x75/0x280
    entry_SYSCALL_64_after_hwframe+0x79/0x81

  R cyclictest[2198981] -7015ms
      scx_state/flags=3/0x9 dsq_flags=0x0 ops_state/qseq=0/0
      sticky/holding_cpu=-1/-1 dsq_id=0x8000000000000002
      dsq_vtime=0 slice=50000 weight=244
      cpus=0001 no_mig=0

    __x64_sys_clock_nanosleep+0xea/0x160
    do_syscall_64+0x75/0x280
    entry_SYSCALL_64_after_hwframe+0x79/0x81

  R kworker/0:0[1934806] -6912ms
      scx_state/flags=3/0x9 dsq_flags=0x0 ops_state/qseq=0/0
      sticky/holding_cpu=-1/-1 dsq_id=0x8000000000000002
      dsq_vtime=2799123 slice=900000 weight=100
      cpus=0001 no_mig=0

    kthread+0x205/0x280
    ret_from_fork+0x118/0x260
    ret_from_fork_asm+0x1a/0x30

CPU 2   : nr_run=1 flags=0x1 cpu_rel=0 ops_qseq=47729982 ksync=163372000
          curr=kworker/u64:4[2199005] class=ext_sched_class

 *R kworker/u64:4[2199005] +0ms
      scx_state/flags=3/0xd dsq_flags=0x0 ops_state/qseq=0/0
      sticky/holding_cpu=-1/-1 dsq_id=(n/a)
      dsq_vtime=0 slice=300000 weight=100
      cpus=ffff no_mig=0

    scx_dump_state+0x7d1/0xce0
    scx_error_irq_workfn+0x24/0x40
    irq_work_run+0x63/0xd0
    __sysvec_irq_work+0x1f/0x30
    sysvec_irq_work+0x4f/0x80
    asm_sysvec_irq_work+0x1a/0x20
    scx_watchdog_workfn+0x15d/0x1c0
    process_scheduled_works+0x1f3/0x5e0
    worker_thread+0x18d/0x340
    kthread+0x205/0x280
    ret_from_fork+0x118/0x260
    ret_from_fork_asm+0x1a/0x30

CPU 4   : nr_run=1 flags=0x9 cpu_rel=0 ops_qseq=45045214 ksync=156665210
          curr=kilo[34320] class=ext_sched_class

 *R kilo[34320] -64ms
      scx_state/flags=3/0x5 dsq_flags=0x0 ops_state/qseq=0/0
      sticky/holding_cpu=-1/-1 dsq_id=(n/a)
      dsq_vtime=2401428 slice=900000 weight=244
      cpus=ffff no_mig=0

CPU 6   : nr_run=1 flags=0x1 cpu_rel=0 ops_qseq=52081161 ksync=177034577
          curr=swapper/6[0] class=idle_sched_class

  R code[811196] +0ms
      scx_state/flags=3/0x1 dsq_flags=0x0 ops_state/qseq=0/0
      sticky/holding_cpu=-1/-1 dsq_id=0x402
      dsq_vtime=25025531 slice=900000 weight=244
      cpus=ffff no_mig=0

    asm_sysvec_apic_timer_interrupt+0x1a/0x20

CPU 8   : nr_run=1 flags=0x9 cpu_rel=0 ops_qseq=45853013 ksync=160616240
          curr=kilo[116809] class=ext_sched_class

 *R kilo[116809] -39ms
      scx_state/flags=3/0x5 dsq_flags=0x0 ops_state/qseq=0/0
      sticky/holding_cpu=-1/-1 dsq_id=(n/a)
      dsq_vtime=8186353 slice=900000 weight=244
      cpus=ffff no_mig=0

CPU 12  : nr_run=1 flags=0x1 cpu_rel=0 ops_qseq=49193713 ksync=171981812
          curr=swapper/12[0] class=idle_sched_class

  R Chrome_ChildIOT[129060] +0ms
      scx_state/flags=3/0x9 dsq_flags=0x0 ops_state/qseq=0/0
      sticky/holding_cpu=-1/-1 dsq_id=0x3ff
      dsq_vtime=50402645 slice=300000 weight=596
      cpus=ffff no_mig=0

    do_syscall_64+0x75/0x280
    entry_SYSCALL_64_after_hwframe+0x79/0x81

Event counters
--------------
              SCX_EV_SELECT_CPU_FALLBACK:                0
       SCX_EV_DISPATCH_LOCAL_DSQ_OFFLINE:                0
               SCX_EV_DISPATCH_KEEP_LAST:                1
                 SCX_EV_ENQ_SKIP_EXITING:                0
      SCX_EV_ENQ_SKIP_MIGRATION_DISABLED:                0
                 SCX_EV_REFILL_SLICE_DFL:                5
                  SCX_EV_BYPASS_DURATION:         31231038
                  SCX_EV_BYPASS_DISPATCH:                4
                  SCX_EV_BYPASS_ACTIVATE:                1

================================================================================

Error: EXIT: runnable task stall (cyclictest[2198985] failed to run for 7.018s)
