00:06:44 [0m[34m[INFO] [0mNUMA nodes: 1
00:06:44 [0m[34m[INFO] [0mDisabling NUMA optimizations
00:06:44 [0m[34m[INFO] [0mscx_cosmos 1.1.0-gc505008f x86_64-unknown-linux-gnu SMT on
00:06:44 [0m[34m[INFO] [0mscheduler options: /usr/bin/scx_cosmos
00:06:44 [0m[34m[INFO] [0mscheduler flags: 0x36
00:06:44 [0m[34m[INFO] [0mSetting up performance counters for 16 CPUs...
00:06:44 [0m[34m[INFO] [0mPerformance counters configured successfully for all CPUs
00:06:44 [0m[34m[INFO] [0mSMT sibling CPUs: [1, 0, 3, 2, 5, 4, 7, 6, 9, 8, 11, 10, 13, 12, 15, 14]

DEBUG DUMP
================================================================================

kworker/u64:4[173] triggered exit kind 1026:
  runnable task stall (cyclictest[660606] failed to run for 6.645s)

Backtrace:
  scx_watchdog_workfn+0x12a/0x1c0
  process_scheduled_works+0x1f3/0x5e0
  worker_thread+0x18d/0x340
  kthread+0x205/0x280
  ret_from_fork+0x118/0x260
  ret_from_fork_asm+0x1a/0x30

CPU states
----------

CPU 0   : nr_run=4 flags=0x1 cpu_rel=0 ops_qseq=1220645 ksync=4008569
          curr=bash[660625] class=rt_sched_class

  R cyclictest[660606] -6645ms
      scx_state/flags=3/0x9 dsq_flags=0x0 ops_state/qseq=0/0
      sticky/holding_cpu=-1/-1 dsq_id=0x8000000000000002
      dsq_vtime=808484932 slice=24400 weight=244
      cpus=0001 no_mig=0

    __x64_sys_clock_nanosleep+0xea/0x160
    do_syscall_64+0x75/0x280
    entry_SYSCALL_64_after_hwframe+0x79/0x81

  R cyclictest[660602] -6637ms
      scx_state/flags=3/0x9 dsq_flags=0x0 ops_state/qseq=0/0
      sticky/holding_cpu=-1/-1 dsq_id=0x8000000000000002
      dsq_vtime=807908768 slice=24400 weight=244
      cpus=0001 no_mig=0

    __x64_sys_clock_nanosleep+0xea/0x160
    do_syscall_64+0x75/0x280
    entry_SYSCALL_64_after_hwframe+0x79/0x81

  R kworker/0:0[530137] -6592ms
      scx_state/flags=3/0x9 dsq_flags=0x0 ops_state/qseq=0/0
      sticky/holding_cpu=-1/-1 dsq_id=0x8000000000000002
      dsq_vtime=8344809 slice=10000 weight=100
      cpus=0001 no_mig=0

    kthread+0x205/0x280
    ret_from_fork+0x118/0x260
    ret_from_fork_asm+0x1a/0x30

  R HeapHelper[6190] -6374ms
      scx_state/flags=3/0x9 dsq_flags=0x0 ops_state/qseq=0/0
      sticky/holding_cpu=-1/-1 dsq_id=0x8000000000000002
      dsq_vtime=2005609 slice=24400 weight=244
      cpus=ffff no_mig=0

    __x64_sys_futex+0x142/0x260
    do_syscall_64+0x75/0x280
    entry_SYSCALL_64_after_hwframe+0x79/0x81

CPU 2   : nr_run=1 flags=0x9 cpu_rel=0 ops_qseq=602940 ksync=2806989
          curr=code[5788] class=ext_sched_class

 *R code[5788] -122ms
      scx_state/flags=3/0xd dsq_flags=0x0 ops_state/qseq=0/0
      sticky/holding_cpu=-1/-1 dsq_id=(n/a)
      dsq_vtime=43176564 slice=24400 weight=244
      cpus=ffff no_mig=0

CPU 4   : nr_run=1 flags=0x9 cpu_rel=0 ops_qseq=621170 ksync=2926922
          curr=Discord[2296] class=ext_sched_class

 *R Discord[2296] -1ms
      scx_state/flags=3/0xd dsq_flags=0x0 ops_state/qseq=0/0
      sticky/holding_cpu=-1/-1 dsq_id=(n/a)
      dsq_vtime=84425696 slice=19400 weight=194
      cpus=ffff no_mig=0

CPU 8   : nr_run=1 flags=0x1 cpu_rel=0 ops_qseq=604405 ksync=2847380
          curr=kworker/u64:4[173] class=ext_sched_class

 *R kworker/u64:4[173] +0ms
      scx_state/flags=3/0xd dsq_flags=0x0 ops_state/qseq=0/0
      sticky/holding_cpu=-1/-1 dsq_id=(n/a)
      dsq_vtime=3775995 slice=10000 weight=100
      cpus=ffff no_mig=0

    scx_dump_state+0x7d1/0xce0
    scx_error_irq_workfn+0x24/0x40
    irq_work_run+0x63/0xd0
    __sysvec_irq_work+0x1f/0x30
    sysvec_irq_work+0x4f/0x80
    asm_sysvec_irq_work+0x1a/0x20
    scx_watchdog_workfn+0x15d/0x1c0
    process_scheduled_works+0x1f3/0x5e0
    worker_thread+0x18d/0x340
    kthread+0x205/0x280
    ret_from_fork+0x118/0x260
    ret_from_fork_asm+0x1a/0x30

CPU 11  : nr_run=1 flags=0x1 cpu_rel=0 ops_qseq=437879 ksync=2131063
          curr=pipewire-pulse[1704] class=ext_sched_class

 *R pipewire-pulse[1704] +0ms
      scx_state/flags=3/0xd dsq_flags=0x0 ops_state/qseq=0/0
      sticky/holding_cpu=-1/-1 dsq_id=(n/a)
      dsq_vtime=374148 slice=146000 weight=1460
      cpus=ffff no_mig=0

CPU 12  : nr_run=1 flags=0x1 cpu_rel=0 ops_qseq=643709 ksync=3000491
          curr=Discord:cs0[2575] class=ext_sched_class

 *R Discord:cs0[2575] +0ms
      scx_state/flags=3/0xd dsq_flags=0x0 ops_state/qseq=0/0
      sticky/holding_cpu=-1/-1 dsq_id=(n/a)
      dsq_vtime=12629153 slice=19400 weight=194
      cpus=ffff no_mig=0

Event counters
--------------
              SCX_EV_SELECT_CPU_FALLBACK:                0
       SCX_EV_DISPATCH_LOCAL_DSQ_OFFLINE:                0
               SCX_EV_DISPATCH_KEEP_LAST:                2
                 SCX_EV_ENQ_SKIP_EXITING:                0
      SCX_EV_ENQ_SKIP_MIGRATION_DISABLED:                0
                 SCX_EV_REFILL_SLICE_DFL:               10
                  SCX_EV_BYPASS_DURATION:         21839879
                  SCX_EV_BYPASS_DISPATCH:                8
                  SCX_EV_BYPASS_ACTIVATE:                1

================================================================================

00:07:30 [0m[34m[INFO] [0mUnregister scx_cosmos scheduler
Error: EXIT: runnable task stall (cyclictest[660606] failed to run for 6.645s)
