00:16:36 [0m[34m[INFO] [0mNUMA nodes: 1
00:16:36 [0m[34m[INFO] [0mDisabling NUMA optimizations
00:16:36 [0m[34m[INFO] [0mscx_bpfland 1.1.0-gc505008f x86_64-unknown-linux-gnu SMT on
00:16:36 [0m[34m[INFO] [0mscheduler options: /usr/bin/scx_bpfland
00:16:36 [0m[34m[INFO] [0mscheduler flags: 0x36
00:16:36 [0m[34m[INFO] [0mprimary CPU domain = 0xffff
00:16:36 [0m[34m[INFO] [0mcpufreq performance level: max
00:16:36 [0m[34m[INFO] [0mSMT sibling CPUs: [1, 0, 3, 2, 5, 4, 7, 6, 9, 8, 11, 10, 13, 12, 15, 14]

DEBUG DUMP
================================================================================

kworker/u64:0[12] triggered exit kind 1026:
  runnable task stall (cyclictest[906298] failed to run for 6.416s)

Backtrace:
  scx_watchdog_workfn+0x12a/0x1c0
  process_scheduled_works+0x1f3/0x5e0
  worker_thread+0x18d/0x340
  kthread+0x205/0x280
  ret_from_fork+0x118/0x260
  ret_from_fork_asm+0x1a/0x30

CPU states
----------

CPU 0   : nr_run=4 flags=0x1 cpu_rel=0 ops_qseq=1422627 ksync=5261204
          curr=bash[906302] class=rt_sched_class

  R cyclictest[906298] -6416ms
      scx_state/flags=3/0x9 dsq_flags=0x1 ops_state/qseq=0/0
      sticky/holding_cpu=-1/-1 dsq_id=0x0
      dsq_vtime=65612217465 slice=2440000 weight=244
      cpus=0001 no_mig=0

    __x64_sys_clock_nanosleep+0xea/0x160
    do_syscall_64+0x75/0x280
    entry_SYSCALL_64_after_hwframe+0x79/0x81

  R cyclictest[906294] -6410ms
      scx_state/flags=3/0x9 dsq_flags=0x1 ops_state/qseq=0/0
      sticky/holding_cpu=-1/-1 dsq_id=0x0
      dsq_vtime=65611074226 slice=2440000 weight=244
      cpus=0001 no_mig=0

    __x64_sys_clock_nanosleep+0xea/0x160
    do_syscall_64+0x75/0x280
    entry_SYSCALL_64_after_hwframe+0x79/0x81

  R kworker/0:2[148] -6400ms
      scx_state/flags=3/0x9 dsq_flags=0x1 ops_state/qseq=0/0
      sticky/holding_cpu=-1/-1 dsq_id=0x0
      dsq_vtime=66030080660 slice=500000 weight=100
      cpus=0001 no_mig=0

    kthread+0x205/0x280
    ret_from_fork+0x118/0x260
    ret_from_fork_asm+0x1a/0x30

  R kworker/0:1H[152] -2902ms
      scx_state/flags=3/0x9 dsq_flags=0x1 ops_state/qseq=0/0
      sticky/holding_cpu=-1/-1 dsq_id=0x0
      dsq_vtime=41546879431 slice=28893333 weight=8668
      cpus=0001 no_mig=0

    kthread+0x205/0x280
    ret_from_fork+0x118/0x260
    ret_from_fork_asm+0x1a/0x30

CPU 2   : nr_run=1 flags=0x9 cpu_rel=0 ops_qseq=640215 ksync=3696534
          curr=code[5788] class=ext_sched_class

 *R code[5788] -76ms
      scx_state/flags=3/0x5 dsq_flags=0x0 ops_state/qseq=0/0
      sticky/holding_cpu=-1/-1 dsq_id=(n/a)
      dsq_vtime=69962935177 slice=1456266 weight=244
      cpus=ffff no_mig=0

CPU 6   : nr_run=1 flags=0x1 cpu_rel=0 ops_qseq=631326 ksync=3924624
          curr=kworker/u64:0[12] class=ext_sched_class

 *R kworker/u64:0[12] +0ms
      scx_state/flags=3/0xd dsq_flags=0x0 ops_state/qseq=0/0
      sticky/holding_cpu=-1/-1 dsq_id=(n/a)
      dsq_vtime=68602944142 slice=1000000 weight=100
      cpus=ffff no_mig=0

    scx_dump_state+0x7d1/0xce0
    scx_error_irq_workfn+0x24/0x40
    irq_work_run+0x63/0xd0
    __sysvec_irq_work+0x1f/0x30
    sysvec_irq_work+0x4f/0x80
    asm_sysvec_irq_work+0x1a/0x20
    scx_watchdog_workfn+0x15d/0x1c0
    process_scheduled_works+0x1f3/0x5e0
    worker_thread+0x18d/0x340
    kthread+0x205/0x280
    ret_from_fork+0x118/0x260
    ret_from_fork_asm+0x1a/0x30

CPU 11  : nr_run=1 flags=0x1 cpu_rel=0 ops_qseq=461791 ksync=2917606
          curr=swapper/11[0] class=idle_sched_class

  R kworker/u64:7[170703] +0ms
      scx_state/flags=3/0x9 dsq_flags=0x1 ops_state/qseq=0/0
      sticky/holding_cpu=-1/-1 dsq_id=0xb
      dsq_vtime=68571883043 slice=1000000 weight=100
      cpus=ffff no_mig=0

    kthread+0x205/0x280
    ret_from_fork+0x118/0x260
    ret_from_fork_asm+0x1a/0x30

Event counters
--------------
              SCX_EV_SELECT_CPU_FALLBACK:                0
       SCX_EV_DISPATCH_LOCAL_DSQ_OFFLINE:                0
               SCX_EV_DISPATCH_KEEP_LAST:                0
                 SCX_EV_ENQ_SKIP_EXITING:                0
      SCX_EV_ENQ_SKIP_MIGRATION_DISABLED:                0
                 SCX_EV_REFILL_SLICE_DFL:               10
                  SCX_EV_BYPASS_DURATION:         25665400
                  SCX_EV_BYPASS_DISPATCH:               10
                  SCX_EV_BYPASS_ACTIVATE:                1

================================================================================

00:17:22 [0m[34m[INFO] [0mUnregister scx_bpfland scheduler
Error: EXIT: runnable task stall (cyclictest[906298] failed to run for 6.416s)
