[scx_bpfland] tasks -> r:  2/16 | dispatch -> k: 0     d: 3     s: 0    
[scx_bpfland] tasks -> r:  5/16 | dispatch -> k: 0     d: 4127  s: 7    
[scx_bpfland] tasks -> r: 16/16 | dispatch -> k: 0     d: 3567  s: 3406 
[scx_bpfland] tasks -> r: 15/16 | dispatch -> k: 0     d: 3878  s: 3507 
[scx_bpfland] tasks -> r:  9/16 | dispatch -> k: 0     d: 4856  s: 1267 
[scx_bpfland] tasks -> r: 13/16 | dispatch -> k: 0     d: 5590  s: 804  
[scx_bpfland] tasks -> r:  9/16 | dispatch -> k: 0     d: 5349  s: 610  
[scx_bpfland] tasks -> r: 12/16 | dispatch -> k: 0     d: 5361  s: 591  
[scx_bpfland] tasks -> r: 16/16 | dispatch -> k: 0     d: 5920  s: 1122 
[scx_bpfland] tasks -> r: 11/16 | dispatch -> k: 0     d: 4905  s: 605  
[scx_bpfland] tasks -> r: 13/16 | dispatch -> k: 0     d: 5549  s: 774  
[scx_bpfland] tasks -> r: 12/16 | dispatch -> k: 0     d: 5357  s: 682  
[scx_bpfland] tasks -> r: 12/16 | dispatch -> k: 0     d: 6394  s: 670  
[scx_bpfland] tasks -> r: 11/16 | dispatch -> k: 0     d: 5442  s: 1072 
[scx_bpfland] tasks -> r: 10/16 | dispatch -> k: 0     d: 5249  s: 558  
[scx_bpfland] tasks -> r: 16/16 | dispatch -> k: 0     d: 5529  s: 1832 
[scx_bpfland] tasks -> r: 12/16 | dispatch -> k: 0     d: 6692  s: 224  
[scx_bpfland] tasks -> r:  9/16 | dispatch -> k: 0     d: 5227  s: 584  
[scx_bpfland] tasks -> r: 15/16 | dispatch -> k: 0     d: 5255  s: 543  
[scx_bpfland] tasks -> r:  9/16 | dispatch -> k: 0     d: 5273  s: 566  
[scx_bpfland] tasks -> r: 10/16 | dispatch -> k: 0     d: 5516  s: 689  
[scx_bpfland] tasks -> r: 16/16 | dispatch -> k: 0     d: 5892  s: 231  
[scx_bpfland] tasks -> r: 12/16 | dispatch -> k: 0     d: 5402  s: 497  
[scx_bpfland] tasks -> r: 11/16 | dispatch -> k: 0     d: 5052  s: 779  
[scx_bpfland] tasks -> r:  9/16 | dispatch -> k: 0     d: 5280  s: 491  
[scx_bpfland] tasks -> r: 12/16 | dispatch -> k: 0     d: 5352  s: 924  
[scx_bpfland] tasks -> r: 11/16 | dispatch -> k: 0     d: 6071  s: 23   
[scx_bpfland] tasks -> r: 11/16 | dispatch -> k: 0     d: 5405  s: 451  
[scx_bpfland] tasks -> r: 13/16 | dispatch -> k: 0     d: 5177  s: 670  
[scx_bpfland] tasks -> r: 10/16 | dispatch -> k: 0     d: 5158  s: 614  
[scx_bpfland] tasks -> r: 14/16 | dispatch -> k: 0     d: 5336  s: 865  
[scx_bpfland] tasks -> r: 16/16 | dispatch -> k: 0     d: 6050  s: 177  
[scx_bpfland] tasks -> r: 12/16 | dispatch -> k: 0     d: 5454  s: 497  
[scx_bpfland] tasks -> r: 11/16 | dispatch -> k: 0     d: 5814  s: 1225 
[scx_bpfland] tasks -> r:  9/16 | dispatch -> k: 0     d: 5309  s: 908  
[scx_bpfland] tasks -> r: 16/16 | dispatch -> k: 0     d: 5733  s: 709  
[scx_bpfland] tasks -> r:  9/16 | dispatch -> k: 0     d: 5831  s: 263  
[scx_bpfland] tasks -> r: 15/16 | dispatch -> k: 0     d: 5064  s: 683  
[scx_bpfland] tasks -> r: 14/16 | dispatch -> k: 0     d: 5247  s: 712  
[scx_bpfland] tasks -> r: 13/16 | dispatch -> k: 0     d: 5213  s: 602  
[scx_bpfland] tasks -> r:  9/16 | dispatch -> k: 0     d: 5311  s: 764  
[scx_bpfland] tasks -> r: 15/16 | dispatch -> k: 0     d: 5941  s: 160  
[scx_bpfland] tasks -> r:  9/16 | dispatch -> k: 0     d: 5226  s: 482  
[scx_bpfland] tasks -> r:  7/16 | dispatch -> k: 0     d: 5365  s: 1038 
[scx_bpfland] tasks -> r: 11/16 | dispatch -> k: 0     d: 5266  s: 570  
[scx_bpfland] tasks -> r: 13/16 | dispatch -> k: 0     d: 5161  s: 906  
[scx_bpfland] tasks -> r: 12/16 | dispatch -> k: 0     d: 5290  s: 848  
[scx_bpfland] tasks -> r: 13/16 | dispatch -> k: 0     d: 6043  s: 32   
[scx_bpfland] tasks -> r:  9/16 | dispatch -> k: 0     d: 5238  s: 608  
[scx_bpfland] tasks -> r: 13/16 | dispatch -> k: 0     d: 5091  s: 581  
[scx_bpfland] tasks -> r: 11/16 | dispatch -> k: 0     d: 3707  s: 2343 
[scx_bpfland] tasks -> r: 12/16 | dispatch -> k: 0     d: 5008  s: 638  
[scx_bpfland] tasks -> r: 11/16 | dispatch -> k: 0     d: 4909  s: 722  
[scx_bpfland] tasks -> r:  7/16 | dispatch -> k: 0     d: 5119  s: 606  
[scx_bpfland] tasks -> r: 12/16 | dispatch -> k: 0     d: 5583  s: 201  
[scx_bpfland] tasks -> r:  9/16 | dispatch -> k: 0     d: 5378  s: 814  
[scx_bpfland] tasks -> r: 13/16 | dispatch -> k: 0     d: 5178  s: 668  
[scx_bpfland] tasks -> r: 11/16 | dispatch -> k: 0     d: 5133  s: 633  
[scx_bpfland] tasks -> r: 13/16 | dispatch -> k: 0     d: 6527  s: 328  
[scx_bpfland] tasks -> r: 12/16 | dispatch -> k: 0     d: 5083  s: 966  
[scx_bpfland] tasks -> r: 11/16 | dispatch -> k: 0     d: 5598  s: 631  
[scx_bpfland] tasks -> r: 13/16 | dispatch -> k: 0     d: 5761  s: 132  
[scx_bpfland] tasks -> r: 16/16 | dispatch -> k: 0     d: 4946  s: 1390 
[scx_bpfland] tasks -> r: 12/16 | dispatch -> k: 0     d: 5166  s: 887  
[scx_bpfland] tasks -> r: 16/16 | dispatch -> k: 0     d: 5148  s: 497  
[scx_bpfland] tasks -> r:  4/16 | dispatch -> k: 0     d: 5679  s: 720  
[scx_bpfland] tasks -> r: 10/16 | dispatch -> k: 0     d: 4958  s: 622  
[scx_bpfland] tasks -> r: 11/16 | dispatch -> k: 0     d: 5066  s: 611  
[scx_bpfland] tasks -> r: 13/16 | dispatch -> k: 0     d: 5016  s: 687  
[scx_bpfland] tasks -> r: 16/16 | dispatch -> k: 0     d: 5067  s: 618  
[scx_bpfland] tasks -> r: 16/16 | dispatch -> k: 0     d: 5775  s: 403  
[scx_bpfland] tasks -> r: 15/16 | dispatch -> k: 0     d: 4765  s: 799  
[scx_bpfland] tasks -> r: 13/16 | dispatch -> k: 0     d: 5322  s: 686  
[scx_bpfland] tasks -> r: 12/16 | dispatch -> k: 0     d: 6170  s: 1164 
[scx_bpfland] tasks -> r: 16/16 | dispatch -> k: 0     d: 5390  s: 452  
[scx_bpfland] tasks -> r: 13/16 | dispatch -> k: 0     d: 5797  s: 477  
[scx_bpfland] tasks -> r: 11/16 | dispatch -> k: 0     d: 5192  s: 740  
[scx_bpfland] tasks -> r: 10/16 | dispatch -> k: 0     d: 5192  s: 599  
[scx_bpfland] tasks -> r: 16/16 | dispatch -> k: 0     d: 5648  s: 352  
[scx_bpfland] tasks -> r:  7/16 | dispatch -> k: 0     d: 4730  s: 770  
[scx_bpfland] tasks -> r: 10/16 | dispatch -> k: 0     d: 5020  s: 950  
[scx_bpfland] tasks -> r:  7/16 | dispatch -> k: 0     d: 5194  s: 624  
[scx_bpfland] tasks -> r: 16/16 | dispatch -> k: 0     d: 5560  s: 306  
[scx_bpfland] tasks -> r:  9/16 | dispatch -> k: 0     d: 5259  s: 735  
[scx_bpfland] tasks -> r:  9/16 | dispatch -> k: 0     d: 5198  s: 1313 
[scx_bpfland] tasks -> r: 10/16 | dispatch -> k: 0     d: 5465  s: 706  
[scx_bpfland] tasks -> r: 10/16 | dispatch -> k: 0     d: 5852  s: 99   
[scx_bpfland] tasks -> r: 10/16 | dispatch -> k: 0     d: 5157  s: 560  
[scx_bpfland] tasks -> r: 12/16 | dispatch -> k: 0     d: 5096  s: 651  
[scx_bpfland] tasks -> r: 14/16 | dispatch -> k: 0     d: 5156  s: 621  
[scx_bpfland] tasks -> r: 14/16 | dispatch -> k: 0     d: 5372  s: 867  
[scx_bpfland] tasks -> r: 14/16 | dispatch -> k: 0     d: 5040  s: 761  
[scx_bpfland] tasks -> r:  7/16 | dispatch -> k: 0     d: 4215  s: 1032 
[scx_bpfland] tasks -> r:  9/16 | dispatch -> k: 0     d: 4431  s: 1487 
[scx_bpfland] tasks -> r:  9/16 | dispatch -> k: 0     d: 6069  s: 22   
[scx_bpfland] tasks -> r: 12/16 | dispatch -> k: 0     d: 5314  s: 796  
[scx_bpfland] tasks -> r:  8/16 | dispatch -> k: 0     d: 5256  s: 848  
[scx_bpfland] tasks -> r:  8/16 | dispatch -> k: 0     d: 5324  s: 645  
[scx_bpfland] tasks -> r: 15/16 | dispatch -> k: 0     d: 5286  s: 492  
[scx_bpfland] tasks -> r:  7/16 | dispatch -> k: 0     d: 4431  s: 958  
[scx_bpfland] tasks -> r: 16/16 | dispatch -> k: 0     d: 4775  s: 1184 
[scx_bpfland] tasks -> r:  8/16 | dispatch -> k: 0     d: 4589  s: 1164 
[scx_bpfland] tasks -> r:  5/16 | dispatch -> k: 0     d: 5537  s: 218  
[scx_bpfland] tasks -> r:  6/16 | dispatch -> k: 0     d: 5579  s: 250  
[scx_bpfland] tasks -> r: 15/16 | dispatch -> k: 0     d: 5753  s: 264  
[scx_bpfland] tasks -> r: 11/16 | dispatch -> k: 0     d: 5848  s: 397  
[scx_bpfland] tasks -> r: 11/16 | dispatch -> k: 0     d: 5849  s: 257  
[scx_bpfland] tasks -> r:  3/16 | dispatch -> k: 0     d: 5576  s: 189  
[scx_bpfland] tasks -> r: 10/16 | dispatch -> k: 0     d: 5908  s: 196  
[scx_bpfland] tasks -> r: 11/16 | dispatch -> k: 0     d: 6529  s: 311  
[scx_bpfland] tasks -> r: 16/16 | dispatch -> k: 0     d: 6269  s: 298  
[scx_bpfland] tasks -> r: 11/16 | dispatch -> k: 0     d: 5691  s: 239  
[scx_bpfland] tasks -> r:  9/16 | dispatch -> k: 0     d: 6761  s: 287  
[scx_bpfland] tasks -> r:  9/16 | dispatch -> k: 0     d: 6344  s: 260  
[scx_bpfland] tasks -> r:  9/16 | dispatch -> k: 0     d: 5786  s: 246  
[scx_bpfland] tasks -> r:  8/16 | dispatch -> k: 0     d: 6347  s: 182  
[scx_bpfland] tasks -> r:  5/16 | dispatch -> k: 0     d: 5779  s: 151  
[scx_bpfland] tasks -> r:  8/16 | dispatch -> k: 0     d: 5806  s: 272  
[scx_bpfland] tasks -> r:  6/16 | dispatch -> k: 0     d: 5695  s: 262  
[scx_bpfland] tasks -> r:  5/16 | dispatch -> k: 0     d: 5625  s: 232  
[scx_bpfland] tasks -> r:  5/16 | dispatch -> k: 0     d: 6254  s: 189  
[scx_bpfland] tasks -> r: 10/16 | dispatch -> k: 0     d: 5515  s: 275  
[scx_bpfland] tasks -> r:  8/16 | dispatch -> k: 0     d: 5684  s: 320  
[scx_bpfland] tasks -> r:  5/16 | dispatch -> k: 0     d: 5898  s: 256  
[scx_bpfland] tasks -> r:  8/16 | dispatch -> k: 0     d: 5737  s: 225  
[scx_bpfland] tasks -> r: 11/16 | dispatch -> k: 0     d: 8005  s: 530  
[scx_bpfland] tasks -> r: 13/16 | dispatch -> k: 0     d: 5937  s: 225  
[scx_bpfland] tasks -> r: 16/16 | dispatch -> k: 0     d: 5500  s: 355  
[scx_bpfland] tasks -> r:  5/16 | dispatch -> k: 0     d: 5793  s: 162  
[scx_bpfland] tasks -> r: 13/16 | dispatch -> k: 0     d: 5963  s: 75   
[scx_bpfland] tasks -> r:  7/16 | dispatch -> k: 0     d: 6228  s: 276  
[scx_bpfland] tasks -> r:  8/16 | dispatch -> k: 0     d: 5800  s: 142  
[scx_bpfland] tasks -> r:  7/16 | dispatch -> k: 0     d: 5651  s: 246  
[scx_bpfland] tasks -> r:  8/16 | dispatch -> k: 0     d: 5822  s: 120  
[scx_bpfland] tasks -> r:  6/16 | dispatch -> k: 0     d: 5822  s: 659  
[scx_bpfland] tasks -> r: 10/16 | dispatch -> k: 0     d: 6562  s: 271  
[scx_bpfland] tasks -> r:  8/16 | dispatch -> k: 0     d: 5876  s: 235  
[scx_bpfland] tasks -> r: 11/16 | dispatch -> k: 0     d: 5704  s: 275  
[scx_bpfland] tasks -> r:  7/16 | dispatch -> k: 0     d: 5840  s: 118  
[scx_bpfland] tasks -> r:  6/16 | dispatch -> k: 0     d: 5599  s: 236  
[scx_bpfland] tasks -> r:  4/16 | dispatch -> k: 0     d: 6022  s: 374  
[scx_bpfland] tasks -> r:  3/16 | dispatch -> k: 0     d: 5767  s: 142  
[scx_bpfland] tasks -> r:  4/16 | dispatch -> k: 0     d: 5864  s: 163  
[scx_bpfland] tasks -> r:  4/16 | dispatch -> k: 0     d: 6046  s: 388  
[scx_bpfland] tasks -> r:  7/16 | dispatch -> k: 0     d: 5684  s: 156  
[scx_bpfland] tasks -> r:  6/16 | dispatch -> k: 0     d: 6393  s: 202  
[scx_bpfland] tasks -> r:  3/16 | dispatch -> k: 0     d: 5801  s: 456  
[scx_bpfland] tasks -> r: 11/16 | dispatch -> k: 0     d: 5886  s: 137  
[scx_bpfland] tasks -> r:  4/16 | dispatch -> k: 0     d: 5605  s: 351  
[scx_bpfland] tasks -> r: 12/16 | dispatch -> k: 0     d: 5717  s: 150  
[scx_bpfland] tasks -> r:  6/16 | dispatch -> k: 0     d: 6202  s: 261  
[scx_bpfland] tasks -> r:  6/16 | dispatch -> k: 0     d: 5575  s: 293  
[scx_bpfland] tasks -> r:  6/16 | dispatch -> k: 0     d: 5876  s: 166  
[scx_bpfland] tasks -> r: 11/16 | dispatch -> k: 0     d: 5469  s: 254  
[scx_bpfland] tasks -> r:  7/16 | dispatch -> k: 0     d: 5773  s: 175  
[scx_bpfland] tasks -> r:  8/16 | dispatch -> k: 0     d: 6271  s: 277  
[scx_bpfland] tasks -> r: 13/16 | dispatch -> k: 0     d: 5967  s: 407  
[scx_bpfland] tasks -> r:  4/16 | dispatch -> k: 0     d: 5390  s: 547  
[scx_bpfland] tasks -> r:  9/16 | dispatch -> k: 0     d: 5841  s: 140  
[scx_bpfland] tasks -> r:  5/16 | dispatch -> k: 0     d: 6409  s: 309  
[scx_bpfland] tasks -> r:  6/16 | dispatch -> k: 0     d: 6522  s: 319  
[scx_bpfland] tasks -> r:  9/16 | dispatch -> k: 0     d: 5199  s: 445  
[scx_bpfland] tasks -> r:  7/16 | dispatch -> k: 0     d: 6430  s: 470  
[scx_bpfland] tasks -> r:  7/16 | dispatch -> k: 0     d: 5593  s: 440  
[scx_bpfland] tasks -> r:  8/16 | dispatch -> k: 0     d: 5779  s: 182  
[scx_bpfland] tasks -> r:  5/16 | dispatch -> k: 0     d: 5737  s: 474  
[scx_bpfland] tasks -> r:  6/16 | dispatch -> k: 0     d: 5941  s: 172  
[scx_bpfland] tasks -> r:  8/16 | dispatch -> k: 0     d: 5760  s: 113  
[scx_bpfland] tasks -> r:  7/16 | dispatch -> k: 0     d: 5460  s: 288  
[scx_bpfland] tasks -> r: 10/16 | dispatch -> k: 0     d: 5851  s: 251  
[scx_bpfland] tasks -> r: 10/16 | dispatch -> k: 0     d: 5852  s: 522  
[scx_bpfland] tasks -> r:  8/16 | dispatch -> k: 0     d: 5559  s: 292  
[scx_bpfland] tasks -> r:  7/16 | dispatch -> k: 0     d: 7354  s: 277  
[scx_bpfland] tasks -> r:  7/16 | dispatch -> k: 0     d: 5518  s: 370  
[scx_bpfland] tasks -> r: 10/16 | dispatch -> k: 0     d: 5348  s: 283  
[scx_bpfland] tasks -> r:  4/16 | dispatch -> k: 0     d: 6403  s: 199  
[scx_bpfland] tasks -> r:  6/16 | dispatch -> k: 0     d: 5677  s: 222  
[scx_bpfland] tasks -> r:  8/16 | dispatch -> k: 0     d: 5499  s: 184  
[scx_bpfland] tasks -> r:  6/16 | dispatch -> k: 0     d: 5689  s: 228  
[scx_bpfland] tasks -> r:  5/16 | dispatch -> k: 0     d: 5603  s: 222  
[scx_bpfland] tasks -> r:  7/16 | dispatch -> k: 0     d: 6165  s: 359  
[scx_bpfland] tasks -> r:  4/16 | dispatch -> k: 0     d: 5799  s: 197  
[scx_bpfland] tasks -> r:  9/16 | dispatch -> k: 0     d: 5621  s: 179  
[scx_bpfland] tasks -> r:  8/16 | dispatch -> k: 0     d: 4791  s: 942  
[scx_bpfland] tasks -> r:  8/16 | dispatch -> k: 0     d: 5641  s: 693  
[scx_bpfland] tasks -> r:  5/16 | dispatch -> k: 0     d: 6451  s: 222  
[scx_bpfland] tasks -> r:  7/16 | dispatch -> k: 0     d: 6007  s: 128  
[scx_bpfland] tasks -> r: 16/16 | dispatch -> k: 0     d: 6089  s: 39   
[scx_bpfland] tasks -> r:  6/16 | dispatch -> k: 0     d: 5716  s: 148  
[scx_bpfland] tasks -> r:  7/16 | dispatch -> k: 0     d: 5555  s: 271  
[scx_bpfland] tasks -> r:  4/16 | dispatch -> k: 0     d: 6135  s: 306  
[scx_bpfland] tasks -> r:  7/16 | dispatch -> k: 0     d: 5799  s: 123  
[scx_bpfland] tasks -> r:  3/16 | dispatch -> k: 0     d: 4479  s: 273  
[scx_bpfland] tasks -> r:  3/16 | dispatch -> k: 0     d: 4263  s: 236  
[scx_bpfland] tasks -> r:  3/16 | dispatch -> k: 0     d: 3158  s: 240  
[scx_bpfland] tasks -> r:  5/16 | dispatch -> k: 0     d: 4139  s: 6    
[scx_bpfland] tasks -> r:  3/16 | dispatch -> k: 0     d: 4188  s: 9    
[scx_bpfland] tasks -> r:  4/16 | dispatch -> k: 0     d: 3680  s: 8    
[scx_bpfland] tasks -> r:  4/16 | dispatch -> k: 0     d: 3660  s: 10   
[scx_bpfland] tasks -> r:  3/16 | dispatch -> k: 0     d: 3359  s: 10   
[scx_bpfland] tasks -> r:  3/16 | dispatch -> k: 0     d: 3859  s: 216  
[scx_bpfland] tasks -> r:  4/16 | dispatch -> k: 0     d: 3517  s: 43   
[scx_bpfland] tasks -> r:  3/16 | dispatch -> k: 0     d: 3673  s: 16   
[scx_bpfland] tasks -> r:  3/16 | dispatch -> k: 0     d: 3573  s: 17   
[scx_bpfland] tasks -> r:  3/16 | dispatch -> k: 0     d: 3437  s: 10   
[scx_bpfland] tasks -> r:  5/16 | dispatch -> k: 0     d: 3821  s: 188  
[scx_bpfland] tasks -> r:  5/16 | dispatch -> k: 0     d: 3421  s: 31   
[scx_bpfland] tasks -> r:  2/16 | dispatch -> k: 0     d: 3528  s: 37   
[scx_bpfland] tasks -> r:  9/16 | dispatch -> k: 0     d: 3690  s: 28   
[scx_bpfland] tasks -> r:  2/16 | dispatch -> k: 0     d: 3911  s: 0    
[scx_bpfland] tasks -> r:  4/16 | dispatch -> k: 0     d: 4499  s: 271  
[scx_bpfland] tasks -> r:  4/16 | dispatch -> k: 0     d: 3575  s: 44   
[scx_bpfland] tasks -> r:  4/16 | dispatch -> k: 0     d: 4198  s: 53   
[scx_bpfland] tasks -> r:  7/16 | dispatch -> k: 0     d: 3694  s: 44   
[scx_bpfland] tasks -> r:  2/16 | dispatch -> k: 0     d: 3458  s: 34   
[scx_bpfland] tasks -> r:  2/16 | dispatch -> k: 0     d: 3941  s: 196  
[scx_bpfland] tasks -> r:  4/16 | dispatch -> k: 0     d: 3627  s: 68   
[scx_bpfland] tasks -> r:  2/16 | dispatch -> k: 0     d: 3658  s: 13   
[scx_bpfland] tasks -> r:  8/16 | dispatch -> k: 0     d: 5077  s: 34   
[scx_bpfland] tasks -> r:  5/16 | dispatch -> k: 0     d: 4520  s: 38   
[scx_bpfland] tasks -> r:  2/16 | dispatch -> k: 0     d: 4039  s: 150  
[scx_bpfland] tasks -> r:  3/16 | dispatch -> k: 0     d: 3631  s: 40   
[scx_bpfland] tasks -> r:  4/16 | dispatch -> k: 0     d: 3715  s: 43   
[scx_bpfland] tasks -> r:  4/16 | dispatch -> k: 0     d: 4716  s: 198  
[scx_bpfland] tasks -> r:  3/16 | dispatch -> k: 0     d: 3466  s: 20   
[scx_bpfland] tasks -> r:  4/16 | dispatch -> k: 0     d: 3877  s: 187  
[scx_bpfland] tasks -> r:  5/16 | dispatch -> k: 0     d: 3517  s: 28   
[scx_bpfland] tasks -> r: 12/16 | dispatch -> k: 0     d: 3590  s: 13   
[scx_bpfland] tasks -> r:  5/16 | dispatch -> k: 0     d: 3541  s: 0    
[scx_bpfland] tasks -> r:  0/16 | dispatch -> k: 0     d: 2691  s: 36   
