[scx_bpfland] tasks -> r:  5/16 | dispatch -> k: 0     d: 5     s: 0    
[scx_bpfland] tasks -> r:  6/16 | dispatch -> k: 0     d: 3578  s: 145  
[scx_bpfland] tasks -> r: 16/16 | dispatch -> k: 0     d: 3677  s: 3879 
[scx_bpfland] tasks -> r: 15/16 | dispatch -> k: 0     d: 3458  s: 4473 
[scx_bpfland] tasks -> r: 16/16 | dispatch -> k: 0     d: 5637  s: 1554 
[scx_bpfland] tasks -> r: 12/16 | dispatch -> k: 0     d: 5301  s: 464  
[scx_bpfland] tasks -> r: 13/16 | dispatch -> k: 0     d: 5327  s: 804  
[scx_bpfland] tasks -> r: 10/16 | dispatch -> k: 0     d: 7201  s: 819  
[scx_bpfland] tasks -> r: 16/16 | dispatch -> k: 0     d: 5666  s: 962  
[scx_bpfland] tasks -> r: 16/16 | dispatch -> k: 0     d: 5259  s: 907  
[scx_bpfland] tasks -> r: 10/16 | dispatch -> k: 0     d: 6036  s: 22   
[scx_bpfland] tasks -> r:  9/16 | dispatch -> k: 0     d: 5113  s: 706  
[scx_bpfland] tasks -> r: 13/16 | dispatch -> k: 0     d: 5435  s: 569  
[scx_bpfland] tasks -> r:  9/16 | dispatch -> k: 0     d: 5385  s: 749  
[scx_bpfland] tasks -> r: 10/16 | dispatch -> k: 0     d: 5747  s: 130  
[scx_bpfland] tasks -> r: 13/16 | dispatch -> k: 0     d: 5199  s: 593  
[scx_bpfland] tasks -> r:  9/16 | dispatch -> k: 0     d: 5220  s: 567  
[scx_bpfland] tasks -> r: 10/16 | dispatch -> k: 0     d: 5168  s: 721  
[scx_bpfland] tasks -> r: 11/16 | dispatch -> k: 0     d: 5340  s: 635  
[scx_bpfland] tasks -> r: 16/16 | dispatch -> k: 0     d: 5194  s: 632  
[scx_bpfland] tasks -> r: 10/16 | dispatch -> k: 0     d: 6106  s: 19   
[scx_bpfland] tasks -> r: 15/16 | dispatch -> k: 0     d: 5364  s: 661  
[scx_bpfland] tasks -> r: 10/16 | dispatch -> k: 0     d: 5262  s: 791  
[scx_bpfland] tasks -> r: 12/16 | dispatch -> k: 0     d: 5362  s: 720  
[scx_bpfland] tasks -> r: 11/16 | dispatch -> k: 0     d: 5222  s: 625  
[scx_bpfland] tasks -> r: 16/16 | dispatch -> k: 0     d: 5544  s: 384  
[scx_bpfland] tasks -> r: 14/16 | dispatch -> k: 0     d: 5612  s: 279  
[scx_bpfland] tasks -> r: 12/16 | dispatch -> k: 0     d: 5079  s: 767  
[scx_bpfland] tasks -> r: 10/16 | dispatch -> k: 0     d: 5473  s: 1478 
[scx_bpfland] tasks -> r: 14/16 | dispatch -> k: 0     d: 5189  s: 744  
[scx_bpfland] tasks -> r:  7/16 | dispatch -> k: 0     d: 5178  s: 450  
[scx_bpfland] tasks -> r:  9/16 | dispatch -> k: 0     d: 4953  s: 652  
[scx_bpfland] tasks -> r: 14/16 | dispatch -> k: 0     d: 5298  s: 617  
[scx_bpfland] tasks -> r: 10/16 | dispatch -> k: 0     d: 5147  s: 723  
[scx_bpfland] tasks -> r: 16/16 | dispatch -> k: 0     d: 5320  s: 358  
[scx_bpfland] tasks -> r: 14/16 | dispatch -> k: 0     d: 5769  s: 696  
[scx_bpfland] tasks -> r: 13/16 | dispatch -> k: 0     d: 5054  s: 634  
[scx_bpfland] tasks -> r: 13/16 | dispatch -> k: 0     d: 5299  s: 588  
[scx_bpfland] tasks -> r: 12/16 | dispatch -> k: 0     d: 5119  s: 855  
[scx_bpfland] tasks -> r:  7/16 | dispatch -> k: 0     d: 5672  s: 532  
[scx_bpfland] tasks -> r: 15/16 | dispatch -> k: 0     d: 4993  s: 667  
[scx_bpfland] tasks -> r:  9/16 | dispatch -> k: 0     d: 4991  s: 676  
[scx_bpfland] tasks -> r: 16/16 | dispatch -> k: 0     d: 4617  s: 860  
[scx_bpfland] tasks -> r:  8/16 | dispatch -> k: 0     d: 4983  s: 727  
[scx_bpfland] tasks -> r:  8/16 | dispatch -> k: 0     d: 4785  s: 673  
[scx_bpfland] tasks -> r: 16/16 | dispatch -> k: 0     d: 5000  s: 862  
[scx_bpfland] tasks -> r: 13/16 | dispatch -> k: 0     d: 5716  s: 119  
[scx_bpfland] tasks -> r: 16/16 | dispatch -> k: 0     d: 4960  s: 835  
[scx_bpfland] tasks -> r: 12/16 | dispatch -> k: 0     d: 4694  s: 921  
[scx_bpfland] tasks -> r: 15/16 | dispatch -> k: 0     d: 5592  s: 192  
[scx_bpfland] tasks -> r:  9/16 | dispatch -> k: 0     d: 4976  s: 674  
[scx_bpfland] tasks -> r: 11/16 | dispatch -> k: 0     d: 4429  s: 801  
[scx_bpfland] tasks -> r: 14/16 | dispatch -> k: 0     d: 4990  s: 796  
[scx_bpfland] tasks -> r: 16/16 | dispatch -> k: 0     d: 4974  s: 1842 
[scx_bpfland] tasks -> r:  9/16 | dispatch -> k: 0     d: 6278  s: 751  
[scx_bpfland] tasks -> r: 10/16 | dispatch -> k: 0     d: 5188  s: 565  
[scx_bpfland] tasks -> r:  9/16 | dispatch -> k: 0     d: 4966  s: 558  
[scx_bpfland] tasks -> r: 13/16 | dispatch -> k: 0     d: 5176  s: 865  
[scx_bpfland] tasks -> r: 13/16 | dispatch -> k: 0     d: 6542  s: 321  
[scx_bpfland] tasks -> r: 14/16 | dispatch -> k: 0     d: 4618  s: 915  
[scx_bpfland] tasks -> r:  8/16 | dispatch -> k: 0     d: 5002  s: 629  
[scx_bpfland] tasks -> r: 11/16 | dispatch -> k: 0     d: 4671  s: 783  
[scx_bpfland] tasks -> r:  9/16 | dispatch -> k: 0     d: 6077  s: 177  
[scx_bpfland] tasks -> r: 13/16 | dispatch -> k: 0     d: 5092  s: 809  
[scx_bpfland] tasks -> r: 12/16 | dispatch -> k: 0     d: 5868  s: 1040 
[scx_bpfland] tasks -> r: 16/16 | dispatch -> k: 0     d: 5276  s: 1347 
[scx_bpfland] tasks -> r:  9/16 | dispatch -> k: 0     d: 5813  s: 79   
[scx_bpfland] tasks -> r: 16/16 | dispatch -> k: 0     d: 4970  s: 844  
[scx_bpfland] tasks -> r: 10/16 | dispatch -> k: 0     d: 4829  s: 849  
[scx_bpfland] tasks -> r: 16/16 | dispatch -> k: 0     d: 5535  s: 417  
[scx_bpfland] tasks -> r: 14/16 | dispatch -> k: 0     d: 5305  s: 524  
[scx_bpfland] tasks -> r: 11/16 | dispatch -> k: 0     d: 5117  s: 582  
[scx_bpfland] tasks -> r: 13/16 | dispatch -> k: 0     d: 5019  s: 657  
[scx_bpfland] tasks -> r: 16/16 | dispatch -> k: 0     d: 6009  s: 119  
[scx_bpfland] tasks -> r: 13/16 | dispatch -> k: 0     d: 5176  s: 679  
[scx_bpfland] tasks -> r:  8/16 | dispatch -> k: 0     d: 4940  s: 656  
[scx_bpfland] tasks -> r:  7/16 | dispatch -> k: 0     d: 5124  s: 661  
[scx_bpfland] tasks -> r: 16/16 | dispatch -> k: 0     d: 5214  s: 658  
[scx_bpfland] tasks -> r: 16/16 | dispatch -> k: 0     d: 5455  s: 520  
[scx_bpfland] tasks -> r:  8/16 | dispatch -> k: 0     d: 4803  s: 793  
[scx_bpfland] tasks -> r: 11/16 | dispatch -> k: 0     d: 5161  s: 600  
[scx_bpfland] tasks -> r: 11/16 | dispatch -> k: 0     d: 5214  s: 547  
[scx_bpfland] tasks -> r:  9/16 | dispatch -> k: 0     d: 6069  s: 160  
[scx_bpfland] tasks -> r: 12/16 | dispatch -> k: 0     d: 5381  s: 965  
[scx_bpfland] tasks -> r: 11/16 | dispatch -> k: 0     d: 4976  s: 1426 
[scx_bpfland] tasks -> r:  9/16 | dispatch -> k: 0     d: 5425  s: 1056 
[scx_bpfland] tasks -> r: 15/16 | dispatch -> k: 0     d: 5182  s: 625  
[scx_bpfland] tasks -> r:  8/16 | dispatch -> k: 0     d: 5776  s: 344  
[scx_bpfland] tasks -> r:  9/16 | dispatch -> k: 0     d: 5327  s: 639  
[scx_bpfland] tasks -> r:  6/16 | dispatch -> k: 0     d: 5121  s: 811  
[scx_bpfland] tasks -> r: 12/16 | dispatch -> k: 0     d: 4513  s: 1012 
[scx_bpfland] tasks -> r: 11/16 | dispatch -> k: 0     d: 5847  s: 84   
[scx_bpfland] tasks -> r: 13/16 | dispatch -> k: 0     d: 5395  s: 505  
[scx_bpfland] tasks -> r: 10/16 | dispatch -> k: 0     d: 4857  s: 915  
[scx_bpfland] tasks -> r: 14/16 | dispatch -> k: 0     d: 5394  s: 517  
[scx_bpfland] tasks -> r: 16/16 | dispatch -> k: 0     d: 5744  s: 160  
[scx_bpfland] tasks -> r:  7/16 | dispatch -> k: 0     d: 4751  s: 888  
[scx_bpfland] tasks -> r: 13/16 | dispatch -> k: 0     d: 5036  s: 751  
[scx_bpfland] tasks -> r: 11/16 | dispatch -> k: 0     d: 5391  s: 790  
[scx_bpfland] tasks -> r: 15/16 | dispatch -> k: 0     d: 5320  s: 495  
[scx_bpfland] tasks -> r: 14/16 | dispatch -> k: 0     d: 5155  s: 587  
[scx_bpfland] tasks -> r: 13/16 | dispatch -> k: 0     d: 5003  s: 740  
[scx_bpfland] tasks -> r:  6/16 | dispatch -> k: 0     d: 5916  s: 259  
[scx_bpfland] tasks -> r:  9/16 | dispatch -> k: 0     d: 6118  s: 251  
[scx_bpfland] tasks -> r:  3/16 | dispatch -> k: 0     d: 5881  s: 379  
[scx_bpfland] tasks -> r:  5/16 | dispatch -> k: 0     d: 5013  s: 812  
[scx_bpfland] tasks -> r: 13/16 | dispatch -> k: 0     d: 5558  s: 208  
[scx_bpfland] tasks -> r:  6/16 | dispatch -> k: 0     d: 5675  s: 390  
[scx_bpfland] tasks -> r:  9/16 | dispatch -> k: 0     d: 6869  s: 345  
[scx_bpfland] tasks -> r: 16/16 | dispatch -> k: 0     d: 6824  s: 626  
[scx_bpfland] tasks -> r: 16/16 | dispatch -> k: 0     d: 6195  s: 274  
[scx_bpfland] tasks -> r:  4/16 | dispatch -> k: 0     d: 5531  s: 324  
[scx_bpfland] tasks -> r: 13/16 | dispatch -> k: 0     d: 5892  s: 344  
[scx_bpfland] tasks -> r: 16/16 | dispatch -> k: 0     d: 5970  s: 388  
[scx_bpfland] tasks -> r: 16/16 | dispatch -> k: 0     d: 5917  s: 170  
[scx_bpfland] tasks -> r: 16/16 | dispatch -> k: 0     d: 6003  s: 200  
[scx_bpfland] tasks -> r: 16/16 | dispatch -> k: 0     d: 5768  s: 389  
[scx_bpfland] tasks -> r:  8/16 | dispatch -> k: 0     d: 6012  s: 199  
[scx_bpfland] tasks -> r:  8/16 | dispatch -> k: 0     d: 6117  s: 289  
[scx_bpfland] tasks -> r:  7/16 | dispatch -> k: 0     d: 7399  s: 1213 
[scx_bpfland] tasks -> r:  4/16 | dispatch -> k: 0     d: 5823  s: 194  
[scx_bpfland] tasks -> r: 10/16 | dispatch -> k: 0     d: 5013  s: 405  
[scx_bpfland] tasks -> r:  8/16 | dispatch -> k: 0     d: 6118  s: 168  
[scx_bpfland] tasks -> r: 11/16 | dispatch -> k: 0     d: 6140  s: 127  
[scx_bpfland] tasks -> r:  8/16 | dispatch -> k: 0     d: 5868  s: 155  
[scx_bpfland] tasks -> r:  8/16 | dispatch -> k: 0     d: 5782  s: 96   
[scx_bpfland] tasks -> r: 13/16 | dispatch -> k: 0     d: 5533  s: 266  
[scx_bpfland] tasks -> r:  5/16 | dispatch -> k: 0     d: 6026  s: 232  
[scx_bpfland] tasks -> r:  6/16 | dispatch -> k: 0     d: 6041  s: 183  
[scx_bpfland] tasks -> r:  6/16 | dispatch -> k: 0     d: 5761  s: 225  
[scx_bpfland] tasks -> r: 12/16 | dispatch -> k: 0     d: 5724  s: 262  
[scx_bpfland] tasks -> r:  7/16 | dispatch -> k: 0     d: 5779  s: 184  
[scx_bpfland] tasks -> r:  7/16 | dispatch -> k: 0     d: 6082  s: 208  
[scx_bpfland] tasks -> r:  8/16 | dispatch -> k: 0     d: 6148  s: 162  
[scx_bpfland] tasks -> r:  6/16 | dispatch -> k: 0     d: 6369  s: 308  
[scx_bpfland] tasks -> r:  5/16 | dispatch -> k: 0     d: 6821  s: 333  
[scx_bpfland] tasks -> r:  9/16 | dispatch -> k: 0     d: 6290  s: 2    
[scx_bpfland] tasks -> r: 16/16 | dispatch -> k: 0     d: 5988  s: 176  
[scx_bpfland] tasks -> r:  5/16 | dispatch -> k: 0     d: 5876  s: 313  
[scx_bpfland] tasks -> r:  8/16 | dispatch -> k: 0     d: 6061  s: 196  
[scx_bpfland] tasks -> r:  6/16 | dispatch -> k: 0     d: 5716  s: 315  
[scx_bpfland] tasks -> r:  4/16 | dispatch -> k: 0     d: 6013  s: 180  
[scx_bpfland] tasks -> r:  8/16 | dispatch -> k: 0     d: 5882  s: 309  
[scx_bpfland] tasks -> r:  7/16 | dispatch -> k: 0     d: 5803  s: 317  
[scx_bpfland] tasks -> r:  6/16 | dispatch -> k: 0     d: 5882  s: 195  
[scx_bpfland] tasks -> r: 16/16 | dispatch -> k: 0     d: 5603  s: 518  
[scx_bpfland] tasks -> r:  5/16 | dispatch -> k: 0     d: 5255  s: 591  
[scx_bpfland] tasks -> r:  7/16 | dispatch -> k: 0     d: 5929  s: 335  
[scx_bpfland] tasks -> r:  8/16 | dispatch -> k: 0     d: 6025  s: 208  
[scx_bpfland] tasks -> r:  8/16 | dispatch -> k: 0     d: 4980  s: 770  
[scx_bpfland] tasks -> r:  6/16 | dispatch -> k: 0     d: 6191  s: 34   
[scx_bpfland] tasks -> r:  8/16 | dispatch -> k: 0     d: 5764  s: 224  
[scx_bpfland] tasks -> r: 14/16 | dispatch -> k: 0     d: 6123  s: 225  
[scx_bpfland] tasks -> r:  8/16 | dispatch -> k: 0     d: 6027  s: 182  
[scx_bpfland] tasks -> r:  8/16 | dispatch -> k: 0     d: 5635  s: 641  
[scx_bpfland] tasks -> r: 11/16 | dispatch -> k: 0     d: 5703  s: 228  
[scx_bpfland] tasks -> r:  7/16 | dispatch -> k: 0     d: 5686  s: 205  
[scx_bpfland] tasks -> r: 10/16 | dispatch -> k: 0     d: 5873  s: 225  
[scx_bpfland] tasks -> r:  4/16 | dispatch -> k: 0     d: 6123  s: 310  
[scx_bpfland] tasks -> r: 11/16 | dispatch -> k: 0     d: 6118  s: 353  
[scx_bpfland] tasks -> r:  9/16 | dispatch -> k: 0     d: 6216  s: 284  
[scx_bpfland] tasks -> r:  5/16 | dispatch -> k: 0     d: 5727  s: 217  
[scx_bpfland] tasks -> r:  5/16 | dispatch -> k: 0     d: 5888  s: 338  
[scx_bpfland] tasks -> r:  6/16 | dispatch -> k: 0     d: 5983  s: 243  
[scx_bpfland] tasks -> r:  5/16 | dispatch -> k: 0     d: 5860  s: 243  
[scx_bpfland] tasks -> r:  4/16 | dispatch -> k: 0     d: 5642  s: 223  
[scx_bpfland] tasks -> r: 16/16 | dispatch -> k: 0     d: 7790  s: 341  
[scx_bpfland] tasks -> r: 10/16 | dispatch -> k: 0     d: 6262  s: 106  
[scx_bpfland] tasks -> r:  8/16 | dispatch -> k: 0     d: 5929  s: 367  
[scx_bpfland] tasks -> r:  5/16 | dispatch -> k: 0     d: 5770  s: 197  
[scx_bpfland] tasks -> r:  7/16 | dispatch -> k: 0     d: 5765  s: 277  
[scx_bpfland] tasks -> r:  5/16 | dispatch -> k: 0     d: 5650  s: 244  
[scx_bpfland] tasks -> r:  4/16 | dispatch -> k: 0     d: 6017  s: 307  
[scx_bpfland] tasks -> r:  8/16 | dispatch -> k: 0     d: 6294  s: 120  
[scx_bpfland] tasks -> r:  4/16 | dispatch -> k: 0     d: 5891  s: 191  
[scx_bpfland] tasks -> r:  6/16 | dispatch -> k: 0     d: 5901  s: 96   
[scx_bpfland] tasks -> r:  8/16 | dispatch -> k: 0     d: 5659  s: 249  
[scx_bpfland] tasks -> r:  6/16 | dispatch -> k: 0     d: 6123  s: 179  
[scx_bpfland] tasks -> r:  4/16 | dispatch -> k: 0     d: 6025  s: 160  
[scx_bpfland] tasks -> r:  7/16 | dispatch -> k: 0     d: 5885  s: 181  
[scx_bpfland] tasks -> r:  9/16 | dispatch -> k: 0     d: 5783  s: 183  
[scx_bpfland] tasks -> r:  7/16 | dispatch -> k: 0     d: 5864  s: 175  
[scx_bpfland] tasks -> r:  8/16 | dispatch -> k: 0     d: 6110  s: 177  
[scx_bpfland] tasks -> r:  6/16 | dispatch -> k: 0     d: 6166  s: 155  
[scx_bpfland] tasks -> r:  7/16 | dispatch -> k: 0     d: 6636  s: 240  
[scx_bpfland] tasks -> r:  6/16 | dispatch -> k: 0     d: 6014  s: 602  
[scx_bpfland] tasks -> r:  9/16 | dispatch -> k: 0     d: 6299  s: 126  
[scx_bpfland] tasks -> r:  8/16 | dispatch -> k: 0     d: 4991  s: 551  
[scx_bpfland] tasks -> r: 11/16 | dispatch -> k: 0     d: 6281  s: 182  
[scx_bpfland] tasks -> r: 11/16 | dispatch -> k: 0     d: 5698  s: 239  
[scx_bpfland] tasks -> r:  5/16 | dispatch -> k: 0     d: 5551  s: 265  
[scx_bpfland] tasks -> r:  5/16 | dispatch -> k: 0     d: 5730  s: 217  
[scx_bpfland] tasks -> r: 11/16 | dispatch -> k: 0     d: 5458  s: 258  
[scx_bpfland] tasks -> r:  4/16 | dispatch -> k: 0     d: 4106  s: 145  
[scx_bpfland] tasks -> r:  4/16 | dispatch -> k: 0     d: 3962  s: 39   
[scx_bpfland] tasks -> r: 10/16 | dispatch -> k: 0     d: 4046  s: 32   
[scx_bpfland] tasks -> r: 10/16 | dispatch -> k: 0     d: 3883  s: 55   
[scx_bpfland] tasks -> r:  3/16 | dispatch -> k: 0     d: 4205  s: 0    
[scx_bpfland] tasks -> r:  3/16 | dispatch -> k: 0     d: 3955  s: 34   
[scx_bpfland] tasks -> r:  3/16 | dispatch -> k: 0     d: 3669  s: 9    
[scx_bpfland] tasks -> r:  5/16 | dispatch -> k: 0     d: 3824  s: 22   
[scx_bpfland] tasks -> r:  4/16 | dispatch -> k: 0     d: 3665  s: 58   
[scx_bpfland] tasks -> r:  4/16 | dispatch -> k: 0     d: 3822  s: 49   
[scx_bpfland] tasks -> r:  4/16 | dispatch -> k: 0     d: 3843  s: 19   
[scx_bpfland] tasks -> r:  4/16 | dispatch -> k: 0     d: 4209  s: 61   
[scx_bpfland] tasks -> r:  3/16 | dispatch -> k: 0     d: 4063  s: 36   
[scx_bpfland] tasks -> r:  3/16 | dispatch -> k: 0     d: 3747  s: 57   
[scx_bpfland] tasks -> r:  3/16 | dispatch -> k: 0     d: 3900  s: 102  
[scx_bpfland] tasks -> r:  5/16 | dispatch -> k: 0     d: 3884  s: 56   
[scx_bpfland] tasks -> r:  5/16 | dispatch -> k: 0     d: 4148  s: 61   
[scx_bpfland] tasks -> r:  3/16 | dispatch -> k: 0     d: 4058  s: 268  
[scx_bpfland] tasks -> r:  3/16 | dispatch -> k: 0     d: 3651  s: 19   
[scx_bpfland] tasks -> r: 15/16 | dispatch -> k: 0     d: 5460  s: 140  
[scx_bpfland] tasks -> r: 12/16 | dispatch -> k: 0     d: 4822  s: 206  
[scx_bpfland] tasks -> r: 11/16 | dispatch -> k: 0     d: 3731  s: 32   
[scx_bpfland] tasks -> r: 11/16 | dispatch -> k: 0     d: 3665  s: 80   
[scx_bpfland] tasks -> r: 11/16 | dispatch -> k: 0     d: 3658  s: 53   
[scx_bpfland] tasks -> r:  4/16 | dispatch -> k: 0     d: 4051  s: 5    
[scx_bpfland] tasks -> r:  3/16 | dispatch -> k: 0     d: 4010  s: 145  
[scx_bpfland] tasks -> r:  4/16 | dispatch -> k: 0     d: 3561  s: 49   
[scx_bpfland] tasks -> r:  3/16 | dispatch -> k: 0     d: 3087  s: 239  
[scx_bpfland] tasks -> r:  5/16 | dispatch -> k: 0     d: 3587  s: 9    
[scx_bpfland] tasks -> r:  3/16 | dispatch -> k: 0     d: 3863  s: 13   
[scx_bpfland] tasks -> r:  5/16 | dispatch -> k: 0     d: 3845  s: 17   
[scx_bpfland] tasks -> r:  3/16 | dispatch -> k: 0     d: 3528  s: 29   
[scx_bpfland] tasks -> r:  3/16 | dispatch -> k: 0     d: 3672  s: 11   
[scx_bpfland] tasks -> r:  3/16 | dispatch -> k: 0     d: 3544  s: 45   
[scx_bpfland] tasks -> r:  4/16 | dispatch -> k: 0     d: 3843  s: 31   
[scx_bpfland] tasks -> r:  4/16 | dispatch -> k: 0     d: 3845  s: 59   
[scx_bpfland] tasks -> r:  0/16 | dispatch -> k: 0     d: 2729  s: 7    
