00:17:28 [0m[34m[INFO] [0mNUMA nodes: 1
00:17:28 [0m[34m[INFO] [0mDisabling NUMA optimizations
00:17:28 [0m[34m[INFO] [0mscx_bpfland 1.1.0-gc505008f x86_64-unknown-linux-gnu SMT on
00:17:28 [0m[34m[INFO] [0mscheduler options: /usr/bin/scx_bpfland
00:17:28 [0m[34m[INFO] [0mscheduler flags: 0x36
00:17:28 [0m[34m[INFO] [0mprimary CPU domain = 0xffff
00:17:28 [0m[34m[INFO] [0mcpufreq performance level: max
00:17:28 [0m[34m[INFO] [0mSMT sibling CPUs: [1, 0, 3, 2, 5, 4, 7, 6, 9, 8, 11, 10, 13, 12, 15, 14]

DEBUG DUMP
================================================================================

kworker/u64:2[121] triggered exit kind 1026:
  runnable task stall (cyclictest[987538] failed to run for 6.319s)

Backtrace:
  scx_watchdog_workfn+0x12a/0x1c0
  process_scheduled_works+0x1f3/0x5e0
  worker_thread+0x18d/0x340
  kthread+0x205/0x280
  ret_from_fork+0x118/0x260
  ret_from_fork_asm+0x1a/0x30

CPU states
----------

CPU 0   : nr_run=3 flags=0x1 cpu_rel=0 ops_qseq=1481109 ksync=5646644
          curr=bash[987542] class=rt_sched_class

  R cyclictest[987538] -6319ms
      scx_state/flags=3/0x9 dsq_flags=0x1 ops_state/qseq=0/0
      sticky/holding_cpu=-1/-1 dsq_id=0x0
      dsq_vtime=66020165636 slice=2440000 weight=244
      cpus=0001 no_mig=0

    __x64_sys_clock_nanosleep+0xea/0x160
    do_syscall_64+0x75/0x280
    entry_SYSCALL_64_after_hwframe+0x79/0x81

  R cyclictest[987534] -6318ms
      scx_state/flags=3/0x9 dsq_flags=0x1 ops_state/qseq=0/0
      sticky/holding_cpu=-1/-1 dsq_id=0x0
      dsq_vtime=66019696652 slice=2440000 weight=244
      cpus=0001 no_mig=0

    __x64_sys_clock_nanosleep+0xea/0x160
    do_syscall_64+0x75/0x280
    entry_SYSCALL_64_after_hwframe+0x79/0x81

  R kworker/0:2[148] -6273ms
      scx_state/flags=3/0x9 dsq_flags=0x1 ops_state/qseq=0/0
      sticky/holding_cpu=-1/-1 dsq_id=0x0
      dsq_vtime=66263251044 slice=500000 weight=100
      cpus=0001 no_mig=0

    kthread+0x205/0x280
    ret_from_fork+0x118/0x260
    ret_from_fork_asm+0x1a/0x30

CPU 1   : nr_run=1 flags=0x1 cpu_rel=0 ops_qseq=459947 ksync=2729662
          curr=code[5788] class=ext_sched_class

 *R code[5788] -2ms
      scx_state/flags=3/0xd dsq_flags=0x0 ops_state/qseq=0/0
      sticky/holding_cpu=-1/-1 dsq_id=(n/a)
      dsq_vtime=70328435294 slice=1157955 weight=244
      cpus=ffff no_mig=0

CPU 3   : nr_run=1 flags=0x9 cpu_rel=0 ops_qseq=515100 ksync=2869393
          curr=ThreadPoolForeg[5483] class=ext_sched_class

 *R ThreadPoolForeg[5483] -7ms
      scx_state/flags=3/0x5 dsq_flags=0x0 ops_state/qseq=0/0
      sticky/holding_cpu=-1/-1 dsq_id=(n/a)
      dsq_vtime=66965317688 slice=1445314 weight=244
      cpus=ffff no_mig=0

CPU 4   : nr_run=1 flags=0x1 cpu_rel=0 ops_qseq=676724 ksync=4074159
          curr=kworker/u64:2[121] class=ext_sched_class

 *R kworker/u64:2[121] +0ms
      scx_state/flags=3/0xd dsq_flags=0x0 ops_state/qseq=0/0
      sticky/holding_cpu=-1/-1 dsq_id=(n/a)
      dsq_vtime=69638424403 slice=1000000 weight=100
      cpus=ffff no_mig=0

    scx_dump_state+0x7d1/0xce0
    scx_error_irq_workfn+0x24/0x40
    irq_work_run+0x63/0xd0
    __sysvec_irq_work+0x1f/0x30
    sysvec_irq_work+0x4f/0x80
    asm_sysvec_irq_work+0x1a/0x20
    scx_watchdog_workfn+0x15d/0x1c0
    process_scheduled_works+0x1f3/0x5e0
    worker_thread+0x18d/0x340
    kthread+0x205/0x280
    ret_from_fork+0x118/0x260
    ret_from_fork_asm+0x1a/0x30

CPU 7   : nr_run=1 flags=0x9 cpu_rel=0 ops_qseq=472876 ksync=3176541
          curr=ThreadPoolForeg[5488] class=ext_sched_class

 *R ThreadPoolForeg[5488] -8ms
      scx_state/flags=3/0xd dsq_flags=0x0 ops_state/qseq=0/0
      sticky/holding_cpu=-1/-1 dsq_id=(n/a)
      dsq_vtime=67927362169 slice=1442109 weight=244
      cpus=ffff no_mig=0

CPU 10  : nr_run=1 flags=0x1 cpu_rel=0 ops_qseq=646244 ksync=4273088
          curr=ThreadPoolForeg[5484] class=ext_sched_class

 *R ThreadPoolForeg[5484] -2ms
      scx_state/flags=3/0x5 dsq_flags=0x0 ops_state/qseq=0/0
      sticky/holding_cpu=-1/-1 dsq_id=(n/a)
      dsq_vtime=67612144851 slice=452393 weight=244
      cpus=ffff no_mig=0

CPU 11  : nr_run=1 flags=0x1 cpu_rel=0 ops_qseq=472363 ksync=3151433
          curr=code[5475] class=ext_sched_class

 *R code[5475] -2ms
      scx_state/flags=3/0x5 dsq_flags=0x0 ops_state/qseq=0/0
      sticky/holding_cpu=-1/-1 dsq_id=(n/a)
      dsq_vtime=66670714856 slice=453384 weight=244
      cpus=ffff no_mig=0

CPU 12  : nr_run=1 flags=0x9 cpu_rel=0 ops_qseq=688085 ksync=4214533
          curr=ThreadPoolForeg[5478] class=ext_sched_class

 *R ThreadPoolForeg[5478] -6ms
      scx_state/flags=3/0x5 dsq_flags=0x0 ops_state/qseq=0/0
      sticky/holding_cpu=-1/-1 dsq_id=(n/a)
      dsq_vtime=67274823664 slice=443546 weight=244
      cpus=ffff no_mig=0

CPU 13  : nr_run=1 flags=0x1 cpu_rel=0 ops_qseq=475408 ksync=2820940
          curr=ThreadPoolForeg[5486] class=ext_sched_class

 *R ThreadPoolForeg[5486] -2ms
      scx_state/flags=3/0x5 dsq_flags=0x0 ops_state/qseq=0/0
      sticky/holding_cpu=-1/-1 dsq_id=(n/a)
      dsq_vtime=67483111955 slice=453806 weight=244
      cpus=ffff no_mig=0

CPU 14  : nr_run=1 flags=0x1 cpu_rel=0 ops_qseq=654823 ksync=3693818
          curr=ThreadPoolForeg[5485] class=ext_sched_class

 *R ThreadPoolForeg[5485] -2ms
      scx_state/flags=3/0x5 dsq_flags=0x0 ops_state/qseq=0/0
      sticky/holding_cpu=-1/-1 dsq_id=(n/a)
      dsq_vtime=67921136155 slice=453955 weight=244
      cpus=ffff no_mig=0

CPU 15  : nr_run=1 flags=0x9 cpu_rel=0 ops_qseq=469792 ksync=2660205
          curr=ThreadPoolForeg[5480] class=ext_sched_class

 *R ThreadPoolForeg[5480] -8ms
      scx_state/flags=3/0xd dsq_flags=0x0 ops_state/qseq=0/0
      sticky/holding_cpu=-1/-1 dsq_id=(n/a)
      dsq_vtime=66719044447 slice=443445 weight=244
      cpus=ffff no_mig=0

Event counters
--------------
              SCX_EV_SELECT_CPU_FALLBACK:                0
       SCX_EV_DISPATCH_LOCAL_DSQ_OFFLINE:                0
               SCX_EV_DISPATCH_KEEP_LAST:                1
                 SCX_EV_ENQ_SKIP_EXITING:                0
      SCX_EV_ENQ_SKIP_MIGRATION_DISABLED:                0
                 SCX_EV_REFILL_SLICE_DFL:               13
                  SCX_EV_BYPASS_DURATION:         26448034
                  SCX_EV_BYPASS_DISPATCH:               12
                  SCX_EV_BYPASS_ACTIVATE:                1

================================================================================

00:18:14 [0m[34m[INFO] [0mUnregister scx_bpfland scheduler
Error: EXIT: runnable task stall (cyclictest[987538] failed to run for 6.319s)
