15:29:06 [INFO] scx_flow 1.0.0 x86_64-unknown-linux-gnu
15:29:06 [INFO] Starting scx_flow scheduler
15:29:10 [INFO] autotune=latency gen=1 reserve_cap=275us shared_slice=900us refill_floor=120us preempt_budget=175us preempt_refill=225us debt_min=1 urgent_burst_max=3 reserved_quota_max=4 reserved_lane_max=4 local_burst_max=4
15:29:11 [INFO] autotune=latency gen=2 reserve_cap=300us shared_slice=900us refill_floor=140us preempt_budget=200us preempt_refill=250us debt_min=1 urgent_burst_max=3 reserved_quota_max=4 reserved_lane_max=4 local_burst_max=3
15:29:12 [INFO] autotune=latency gen=3 reserve_cap=300us shared_slice=900us refill_floor=140us preempt_budget=225us preempt_refill=250us debt_min=1 urgent_burst_max=3 reserved_quota_max=4 reserved_lane_max=4 local_burst_max=3

DEBUG DUMP
================================================================================

kworker/u64:2[4163520] triggered exit kind 1026:
  runnable task stall (cyclictest[858311] failed to run for 6.857s)

Backtrace:
  scx_watchdog_workfn+0x12a/0x1c0
  process_scheduled_works+0x1f3/0x5e0
  worker_thread+0x18d/0x340
  kthread+0x205/0x280
  ret_from_fork+0x118/0x260
  ret_from_fork_asm+0x1a/0x30

CPU states
----------

CPU 0   : nr_run=3 flags=0x1 cpu_rel=0 ops_qseq=84778667 ksync=291213202
          curr=bash[858315] class=rt_sched_class

  R cyclictest[858311] -6857ms
      scx_state/flags=3/0x9 dsq_flags=0x0 ops_state/qseq=0/0
      sticky/holding_cpu=-1/-1 dsq_id=0x8000000000000002
      dsq_vtime=0 slice=50000 weight=244
      cpus=0001 no_mig=0

    __x64_sys_clock_nanosleep+0xea/0x160
    do_syscall_64+0x75/0x280
    entry_SYSCALL_64_after_hwframe+0x79/0x81

  R cyclictest[858307] -6854ms
      scx_state/flags=3/0x9 dsq_flags=0x0 ops_state/qseq=0/0
      sticky/holding_cpu=-1/-1 dsq_id=0x8000000000000002
      dsq_vtime=0 slice=50000 weight=244
      cpus=0001 no_mig=0

    __x64_sys_clock_nanosleep+0xea/0x160
    do_syscall_64+0x75/0x280
    entry_SYSCALL_64_after_hwframe+0x79/0x81

  R kworker/0:1[772311] -6592ms
      scx_state/flags=3/0x9 dsq_flags=0x0 ops_state/qseq=0/0
      sticky/holding_cpu=-1/-1 dsq_id=0x8000000000000002
      dsq_vtime=864634255 slice=900000 weight=100
      cpus=0001 no_mig=0

    kthread+0x205/0x280
    ret_from_fork+0x118/0x260
    ret_from_fork_asm+0x1a/0x30

CPU 5   : nr_run=1 flags=0x9 cpu_rel=0 ops_qseq=53768079 ksync=196896269
          curr=kilo[34320] class=ext_sched_class

 *R kilo[34320] -74ms
      scx_state/flags=3/0x5 dsq_flags=0x0 ops_state/qseq=0/0
      sticky/holding_cpu=-1/-1 dsq_id=(n/a)
      dsq_vtime=454878 slice=900000 weight=244
      cpus=ffff no_mig=0

CPU 7   : nr_run=1 flags=0x1 cpu_rel=0 ops_qseq=59009668 ksync=215559404
          curr=code[811173] class=ext_sched_class

 *R code[811173] -1ms
      scx_state/flags=3/0xd dsq_flags=0x0 ops_state/qseq=0/0
      sticky/holding_cpu=-1/-1 dsq_id=(n/a)
      dsq_vtime=310948409 slice=759577 weight=244
      cpus=ffff no_mig=0

CPU 10  : nr_run=1 flags=0x9 cpu_rel=0 ops_qseq=70121881 ksync=248220794
          curr=kilo[116809] class=ext_sched_class

 *R kilo[116809] -75ms
      scx_state/flags=3/0x5 dsq_flags=0x0 ops_state/qseq=0/0
      sticky/holding_cpu=-1/-1 dsq_id=(n/a)
      dsq_vtime=48118716 slice=900000 weight=244
      cpus=ffff no_mig=0

CPU 11  : nr_run=1 flags=0x9 cpu_rel=0 ops_qseq=55450599 ksync=200531524
          curr=code[811196] class=ext_sched_class

 *R code[811196] -42ms
      scx_state/flags=3/0x5 dsq_flags=0x0 ops_state/qseq=0/0
      sticky/holding_cpu=-1/-1 dsq_id=(n/a)
      dsq_vtime=42522756 slice=900000 weight=244
      cpus=ffff no_mig=0

CPU 14  : nr_run=1 flags=0x1 cpu_rel=0 ops_qseq=67734472 ksync=251180843
          curr=kworker/u64:2[4163520] class=ext_sched_class

 *R kworker/u64:2[4163520] +0ms
      scx_state/flags=3/0xd dsq_flags=0x0 ops_state/qseq=0/0
      sticky/holding_cpu=-1/-1 dsq_id=(n/a)
      dsq_vtime=67722415 slice=300000 weight=100
      cpus=ffff no_mig=0

    scx_dump_state+0x7d1/0xce0
    scx_error_irq_workfn+0x24/0x40
    irq_work_run+0x63/0xd0
    __sysvec_irq_work+0x1f/0x30
    sysvec_irq_work+0x4f/0x80
    asm_sysvec_irq_work+0x1a/0x20
    scx_watchdog_workfn+0x15d/0x1c0
    process_scheduled_works+0x1f3/0x5e0
    worker_thread+0x18d/0x340
    kthread+0x205/0x280
    ret_from_fork+0x118/0x260
    ret_from_fork_asm+0x1a/0x30

Event counters
--------------
              SCX_EV_SELECT_CPU_FALLBACK:                0
       SCX_EV_DISPATCH_LOCAL_DSQ_OFFLINE:                0
               SCX_EV_DISPATCH_KEEP_LAST:                2
                 SCX_EV_ENQ_SKIP_EXITING:                0
      SCX_EV_ENQ_SKIP_MIGRATION_DISABLED:                0
                 SCX_EV_REFILL_SLICE_DFL:                6
                  SCX_EV_BYPASS_DURATION:         34820803
                  SCX_EV_BYPASS_DISPATCH:                4
                  SCX_EV_BYPASS_ACTIVATE:                1

================================================================================

Error: EXIT: runnable task stall (cyclictest[858311] failed to run for 6.857s)
