05:37:06 [INFO] scx_flow 1.0.0 x86_64-unknown-linux-gnu
05:37:06 [INFO] Starting scx_flow scheduler
05:37:10 [INFO] autotune=latency gen=1 reserve_cap=275us shared_slice=900us refill_floor=120us preempt_budget=175us preempt_refill=225us
05:37:11 [INFO] autotune=latency gen=2 reserve_cap=300us shared_slice=900us refill_floor=140us preempt_budget=200us preempt_refill=250us
05:37:12 [INFO] autotune=latency gen=3 reserve_cap=300us shared_slice=900us refill_floor=140us preempt_budget=225us preempt_refill=250us

DEBUG DUMP
================================================================================

kworker/u64:0[2285407] triggered exit kind 1026:
  runnable task stall (cyclictest[2285397] failed to run for 6.982s)

Backtrace:
  scx_watchdog_workfn+0x12a/0x1c0
  process_scheduled_works+0x1f3/0x5e0
  worker_thread+0x18d/0x340
  kthread+0x205/0x280
  ret_from_fork+0x118/0x260
  ret_from_fork_asm+0x1a/0x30

CPU states
----------

CPU 0   : nr_run=4 flags=0x1 cpu_rel=0 ops_qseq=54138083 ksync=181496501
          curr=bash[2285403] class=rt_sched_class

  R cyclictest[2285397] -6982ms
      scx_state/flags=3/0x9 dsq_flags=0x0 ops_state/qseq=0/0
      sticky/holding_cpu=-1/-1 dsq_id=0x8000000000000002
      dsq_vtime=0 slice=50000 weight=244
      cpus=0001 no_mig=0

    __x64_sys_clock_nanosleep+0xea/0x160
    do_syscall_64+0x75/0x280
    entry_SYSCALL_64_after_hwframe+0x79/0x81

  R cyclictest[2285393] -6979ms
      scx_state/flags=3/0x9 dsq_flags=0x0 ops_state/qseq=0/0
      sticky/holding_cpu=-1/-1 dsq_id=0x8000000000000002
      dsq_vtime=0 slice=50000 weight=244
      cpus=0001 no_mig=0

    __x64_sys_clock_nanosleep+0xea/0x160
    do_syscall_64+0x75/0x280
    entry_SYSCALL_64_after_hwframe+0x79/0x81

  R kworker/0:0[1934806] -6911ms
      scx_state/flags=3/0x9 dsq_flags=0x0 ops_state/qseq=0/0
      sticky/holding_cpu=-1/-1 dsq_id=0x8000000000000002
      dsq_vtime=4090219 slice=900000 weight=100
      cpus=0001 no_mig=0

    kthread+0x205/0x280
    ret_from_fork+0x118/0x260
    ret_from_fork_asm+0x1a/0x30

  R kworker/0:1H[152] -2047ms
      scx_state/flags=3/0x9 dsq_flags=0x0 ops_state/qseq=0/0
      sticky/holding_cpu=-1/-1 dsq_id=0x8000000000000002
      dsq_vtime=1614 slice=900000 weight=8668
      cpus=0001 no_mig=0

    kthread+0x205/0x280
    ret_from_fork+0x118/0x260
    ret_from_fork_asm+0x1a/0x30

CPU 1   : nr_run=1 flags=0x9 cpu_rel=0 ops_qseq=39718139 ksync=138381344
          curr=kilo[34320] class=ext_sched_class

 *R kilo[34320] -11ms
      scx_state/flags=3/0x5 dsq_flags=0x0 ops_state/qseq=0/0
      sticky/holding_cpu=-1/-1 dsq_id=(n/a)
      dsq_vtime=934344 slice=900000 weight=244
      cpus=ffff no_mig=0

CPU 2   : nr_run=1 flags=0x9 cpu_rel=0 ops_qseq=47975480 ksync=164552950
          curr=code[811196] class=ext_sched_class

 *R code[811196] -5ms
      scx_state/flags=3/0x5 dsq_flags=0x0 ops_state/qseq=0/0
      sticky/holding_cpu=-1/-1 dsq_id=(n/a)
      dsq_vtime=19436733 slice=900000 weight=244
      cpus=ffff no_mig=0

CPU 7   : nr_run=1 flags=0x1 cpu_rel=0 ops_qseq=40329652 ksync=140121083
          curr=kworker/u64:0[2285407] class=ext_sched_class

 *R kworker/u64:0[2285407] +0ms
      scx_state/flags=3/0xd dsq_flags=0x0 ops_state/qseq=0/0
      sticky/holding_cpu=-1/-1 dsq_id=(n/a)
      dsq_vtime=0 slice=300000 weight=100
      cpus=ffff no_mig=0

    scx_dump_state+0x7d1/0xce0
    scx_error_irq_workfn+0x24/0x40
    irq_work_run+0x63/0xd0
    __sysvec_irq_work+0x1f/0x30
    sysvec_irq_work+0x4f/0x80
    asm_sysvec_irq_work+0x1a/0x20
    scx_watchdog_workfn+0x15d/0x1c0
    process_scheduled_works+0x1f3/0x5e0
    worker_thread+0x18d/0x340
    kthread+0x205/0x280
    ret_from_fork+0x118/0x260
    ret_from_fork_asm+0x1a/0x30

CPU 15  : nr_run=1 flags=0x9 cpu_rel=0 ops_qseq=38623722 ksync=132231344
          curr=kilo[116809] class=ext_sched_class

 *R kilo[116809] -31ms
      scx_state/flags=3/0x5 dsq_flags=0x0 ops_state/qseq=0/0
      sticky/holding_cpu=-1/-1 dsq_id=(n/a)
      dsq_vtime=125325036 slice=900000 weight=244
      cpus=ffff no_mig=0

Event counters
--------------
              SCX_EV_SELECT_CPU_FALLBACK:                0
       SCX_EV_DISPATCH_LOCAL_DSQ_OFFLINE:                0
               SCX_EV_DISPATCH_KEEP_LAST:                1
                 SCX_EV_ENQ_SKIP_EXITING:                0
      SCX_EV_ENQ_SKIP_MIGRATION_DISABLED:                0
                 SCX_EV_REFILL_SLICE_DFL:                1
                  SCX_EV_BYPASS_DURATION:         23947621
                  SCX_EV_BYPASS_DISPATCH:                0
                  SCX_EV_BYPASS_ACTIVATE:                1

================================================================================

Error: EXIT: runnable task stall (cyclictest[2285397] failed to run for 6.982s)
