=== Measuring locality and placement signals for scx_flow ===
Results directory: /home/galpt/Desktop/Disk_D/sched-research/testing-scx_flow/locality-measurements/20260401_082126
Current scheduler: scx_flow_1.0.0_x86_64_unknown_linux_gnu
Duration: 20s
Sampling interval: 20ms
stress-ng workers: 4 @ 80%
stress-ng: info:  [154644] setting to a 20 secs run per stressor
stress-ng: info:  [154644] dispatching hogs: 4 cpu
stress-ng: info:  [154644] note: 16 cpus have scaling governors set to powersave and this may impact performance; setting /sys/devices/system/cpu/cpu*/cpufreq/scaling_governor to 'performance' may improve performance
stress-ng: info:  [154661] cpu: for stable load results, select a specific cpu stress method with --cpu-method other than 'all'
stress-ng: info:  [154663] cpu: for stable load results, select a specific cpu stress method with --cpu-method other than 'all'
stress-ng: info:  [154664] cpu: for stable load results, select a specific cpu stress method with --cpu-method other than 'all'
stress-ng: info:  [154665] cpu: for stable load results, select a specific cpu stress method with --cpu-method other than 'all'
stress-ng: metrc: [154644] stressor       bogo ops real time  usr time  sys time   bogo ops/s     bogo ops/s
stress-ng: metrc: [154644]                           (secs)    (secs)    (secs)   (real time) (usr+sys time)
stress-ng: metrc: [154644] cpu              111367     20.00     63.98      0.05      5567.07        1739.25
stress-ng: info:  [154644] skipped: 0
stress-ng: info:  [154644] passed: 4: cpu (4)
stress-ng: info:  [154644] failed: 0
stress-ng: info:  [154644] metrics untrustworthy: 0
stress-ng: info:  [154644] successful run completed in 20.01 secs

=== Locality measurement complete ===
CPU changes / 1000 samples: 48.73
LLC changes / 1000 samples: 0.00
LLC changes / CPU changes: 0.00
Report: /home/galpt/Desktop/Disk_D/sched-research/testing-scx_flow/locality-measurements/20260401_082126/locality_report.md
