00:05:52 [0m[34m[INFO] [0mNUMA nodes: 1
00:05:52 [0m[34m[INFO] [0mDisabling NUMA optimizations
00:05:52 [0m[34m[INFO] [0mscx_cosmos 1.1.0-gc505008f x86_64-unknown-linux-gnu SMT on
00:05:52 [0m[34m[INFO] [0mscheduler options: /usr/bin/scx_cosmos
00:05:52 [0m[34m[INFO] [0mscheduler flags: 0x36
00:05:52 [0m[34m[INFO] [0mSetting up performance counters for 16 CPUs...
00:05:52 [0m[34m[INFO] [0mPerformance counters configured successfully for all CPUs
00:05:52 [0m[34m[INFO] [0mSMT sibling CPUs: [1, 0, 3, 2, 5, 4, 7, 6, 9, 8, 11, 10, 13, 12, 15, 14]

DEBUG DUMP
================================================================================

kworker/u64:7[170703] triggered exit kind 1026:
  runnable task stall (ThreadPoolForeg[5485] failed to run for 6.579s)

Backtrace:
  scx_watchdog_workfn+0x12a/0x1c0
  process_scheduled_works+0x1f3/0x5e0
  worker_thread+0x18d/0x340
  kthread+0x205/0x280
  ret_from_fork+0x118/0x260
  ret_from_fork_asm+0x1a/0x30

CPU states
----------

CPU 0   : nr_run=5 flags=0x1 cpu_rel=0 ops_qseq=1156863 ksync=3710721
          curr=bash[579414] class=rt_sched_class

  R ThreadPoolForeg[5485] -6579ms
      scx_state/flags=3/0x9 dsq_flags=0x0 ops_state/qseq=0/0
      sticky/holding_cpu=-1/-1 dsq_id=0x8000000000000002
      dsq_vtime=10051465 slice=24400 weight=244
      cpus=ffff no_mig=0

    asm_sysvec_apic_timer_interrupt+0x1a/0x20

  R cyclictest[579410] -6578ms
      scx_state/flags=3/0x9 dsq_flags=0x0 ops_state/qseq=0/0
      sticky/holding_cpu=-1/-1 dsq_id=0x8000000000000002
      dsq_vtime=806233627 slice=24400 weight=244
      cpus=0001 no_mig=0

    __x64_sys_clock_nanosleep+0xea/0x160
    do_syscall_64+0x75/0x280
    entry_SYSCALL_64_after_hwframe+0x79/0x81

  R ThreadPoolForeg[6124] -6575ms
      scx_state/flags=3/0x9 dsq_flags=0x0 ops_state/qseq=0/0
      sticky/holding_cpu=-1/-1 dsq_id=0x8000000000000002
      dsq_vtime=75421 slice=24400 weight=244
      cpus=ffff no_mig=0

    __x64_sys_futex+0x142/0x260
    do_syscall_64+0x75/0x280
    entry_SYSCALL_64_after_hwframe+0x79/0x81

  R cyclictest[579406] -6574ms
      scx_state/flags=3/0x9 dsq_flags=0x0 ops_state/qseq=0/0
      sticky/holding_cpu=-1/-1 dsq_id=0x8000000000000002
      dsq_vtime=805593582 slice=24400 weight=244
      cpus=0001 no_mig=0

    __x64_sys_clock_nanosleep+0xea/0x160
    do_syscall_64+0x75/0x280
    entry_SYSCALL_64_after_hwframe+0x79/0x81

  R kworker/0:0[530137] -6527ms
      scx_state/flags=3/0x9 dsq_flags=0x0 ops_state/qseq=0/0
      sticky/holding_cpu=-1/-1 dsq_id=0x8000000000000002
      dsq_vtime=340712618 slice=10000 weight=100
      cpus=0001 no_mig=0

    kthread+0x205/0x280
    ret_from_fork+0x118/0x260
    ret_from_fork_asm+0x1a/0x30

CPU 6   : nr_run=1 flags=0x1 cpu_rel=0 ops_qseq=590943 ksync=2522707
          curr=kworker/u64:7[170703] class=ext_sched_class

 *R kworker/u64:7[170703] +0ms
      scx_state/flags=3/0xd dsq_flags=0x0 ops_state/qseq=0/0
      sticky/holding_cpu=-1/-1 dsq_id=(n/a)
      dsq_vtime=18499025 slice=10000 weight=100
      cpus=ffff no_mig=0

    scx_dump_state+0x7d1/0xce0
    scx_error_irq_workfn+0x24/0x40
    irq_work_run+0x63/0xd0
    __sysvec_irq_work+0x1f/0x30
    sysvec_irq_work+0x4f/0x80
    asm_sysvec_irq_work+0x1a/0x20
    scx_watchdog_workfn+0x15d/0x1c0
    process_scheduled_works+0x1f3/0x5e0
    worker_thread+0x18d/0x340
    kthread+0x205/0x280
    ret_from_fork+0x118/0x260
    ret_from_fork_asm+0x1a/0x30

Event counters
--------------
              SCX_EV_SELECT_CPU_FALLBACK:                0
       SCX_EV_DISPATCH_LOCAL_DSQ_OFFLINE:                0
               SCX_EV_DISPATCH_KEEP_LAST:                0
                 SCX_EV_ENQ_SKIP_EXITING:                0
      SCX_EV_ENQ_SKIP_MIGRATION_DISABLED:                0
                 SCX_EV_REFILL_SLICE_DFL:               10
                  SCX_EV_BYPASS_DURATION:         19101286
                  SCX_EV_BYPASS_DISPATCH:               10
                  SCX_EV_BYPASS_ACTIVATE:                1

================================================================================

00:06:38 [0m[34m[INFO] [0mUnregister scx_cosmos scheduler
Error: EXIT: runnable task stall (ThreadPoolForeg[5485] failed to run for 6.579s)
