[scx_bpfland] tasks -> r:  2/16 | dispatch -> k: 0     d: 3     s: 0    
[scx_bpfland] tasks -> r:  6/16 | dispatch -> k: 0     d: 3856  s: 12   
[scx_bpfland] tasks -> r: 16/16 | dispatch -> k: 0     d: 3522  s: 3876 
[scx_bpfland] tasks -> r: 16/16 | dispatch -> k: 0     d: 3801  s: 3693 
[scx_bpfland] tasks -> r: 12/16 | dispatch -> k: 0     d: 5003  s: 1766 
[scx_bpfland] tasks -> r: 11/16 | dispatch -> k: 0     d: 5715  s: 892  
[scx_bpfland] tasks -> r: 12/16 | dispatch -> k: 0     d: 6331  s: 139  
[scx_bpfland] tasks -> r: 13/16 | dispatch -> k: 0     d: 5697  s: 694  
[scx_bpfland] tasks -> r: 16/16 | dispatch -> k: 0     d: 5919  s: 493  
[scx_bpfland] tasks -> r: 10/16 | dispatch -> k: 0     d: 5420  s: 735  
[scx_bpfland] tasks -> r:  9/16 | dispatch -> k: 0     d: 5460  s: 955  
[scx_bpfland] tasks -> r: 13/16 | dispatch -> k: 0     d: 6194  s: 303  
[scx_bpfland] tasks -> r: 10/16 | dispatch -> k: 0     d: 5037  s: 683  
[scx_bpfland] tasks -> r: 16/16 | dispatch -> k: 0     d: 6172  s: 776  
[scx_bpfland] tasks -> r:  7/16 | dispatch -> k: 0     d: 6035  s: 1142 
[scx_bpfland] tasks -> r: 12/16 | dispatch -> k: 0     d: 5484  s: 1155 
[scx_bpfland] tasks -> r: 10/16 | dispatch -> k: 0     d: 5987  s: 547  
[scx_bpfland] tasks -> r: 10/16 | dispatch -> k: 0     d: 5611  s: 906  
[scx_bpfland] tasks -> r: 12/16 | dispatch -> k: 0     d: 6306  s: 180  
[scx_bpfland] tasks -> r: 14/16 | dispatch -> k: 0     d: 5680  s: 912  
[scx_bpfland] tasks -> r: 15/16 | dispatch -> k: 0     d: 6105  s: 706  
[scx_bpfland] tasks -> r: 16/16 | dispatch -> k: 0     d: 6210  s: 772  
[scx_bpfland] tasks -> r: 10/16 | dispatch -> k: 0     d: 5697  s: 404  
[scx_bpfland] tasks -> r:  9/16 | dispatch -> k: 0     d: 5242  s: 684  
[scx_bpfland] tasks -> r: 14/16 | dispatch -> k: 0     d: 5479  s: 830  
[scx_bpfland] tasks -> r: 12/16 | dispatch -> k: 0     d: 6394  s: 283  
[scx_bpfland] tasks -> r: 14/16 | dispatch -> k: 0     d: 5504  s: 1021 
[scx_bpfland] tasks -> r: 14/16 | dispatch -> k: 0     d: 5435  s: 723  
[scx_bpfland] tasks -> r: 16/16 | dispatch -> k: 0     d: 5710  s: 587  
[scx_bpfland] tasks -> r: 11/16 | dispatch -> k: 0     d: 6635  s: 233  
[scx_bpfland] tasks -> r:  8/16 | dispatch -> k: 0     d: 4763  s: 1308 
[scx_bpfland] tasks -> r: 10/16 | dispatch -> k: 0     d: 4727  s: 1005 
[scx_bpfland] tasks -> r: 15/16 | dispatch -> k: 0     d: 6055  s: 276  
[scx_bpfland] tasks -> r: 10/16 | dispatch -> k: 0     d: 5099  s: 948  
[scx_bpfland] tasks -> r:  8/16 | dispatch -> k: 0     d: 4721  s: 1013 
[scx_bpfland] tasks -> r: 13/16 | dispatch -> k: 0     d: 5454  s: 784  
[scx_bpfland] tasks -> r: 15/16 | dispatch -> k: 0     d: 4672  s: 1223 
[scx_bpfland] tasks -> r: 12/16 | dispatch -> k: 0     d: 5187  s: 1125 
[scx_bpfland] tasks -> r: 16/16 | dispatch -> k: 0     d: 5921  s: 333  
[scx_bpfland] tasks -> r: 11/16 | dispatch -> k: 0     d: 5782  s: 1747 
[scx_bpfland] tasks -> r: 16/16 | dispatch -> k: 0     d: 6203  s: 571  
[scx_bpfland] tasks -> r: 15/16 | dispatch -> k: 0     d: 5047  s: 1057 
[scx_bpfland] tasks -> r: 10/16 | dispatch -> k: 0     d: 5411  s: 881  
[scx_bpfland] tasks -> r: 11/16 | dispatch -> k: 0     d: 5188  s: 952  
[scx_bpfland] tasks -> r: 12/16 | dispatch -> k: 0     d: 5800  s: 482  
[scx_bpfland] tasks -> r: 11/16 | dispatch -> k: 0     d: 4938  s: 1101 
[scx_bpfland] tasks -> r: 16/16 | dispatch -> k: 0     d: 5533  s: 646  
[scx_bpfland] tasks -> r:  8/16 | dispatch -> k: 0     d: 4809  s: 1089 
[scx_bpfland] tasks -> r: 12/16 | dispatch -> k: 0     d: 5140  s: 1061 
[scx_bpfland] tasks -> r: 15/16 | dispatch -> k: 0     d: 5173  s: 1149 
[scx_bpfland] tasks -> r: 14/16 | dispatch -> k: 0     d: 6526  s: 217  
[scx_bpfland] tasks -> r: 16/16 | dispatch -> k: 0     d: 5443  s: 1215 
[scx_bpfland] tasks -> r:  9/16 | dispatch -> k: 0     d: 5972  s: 1259 
[scx_bpfland] tasks -> r: 13/16 | dispatch -> k: 0     d: 5259  s: 1053 
[scx_bpfland] tasks -> r: 15/16 | dispatch -> k: 0     d: 4968  s: 1254 
[scx_bpfland] tasks -> r:  7/16 | dispatch -> k: 0     d: 5457  s: 1039 
[scx_bpfland] tasks -> r: 16/16 | dispatch -> k: 0     d: 5285  s: 796  
[scx_bpfland] tasks -> r: 14/16 | dispatch -> k: 0     d: 3768  s: 2539 
[scx_bpfland] tasks -> r: 16/16 | dispatch -> k: 0     d: 6430  s: 413  
[scx_bpfland] tasks -> r: 13/16 | dispatch -> k: 0     d: 5542  s: 793  
[scx_bpfland] tasks -> r: 16/16 | dispatch -> k: 0     d: 5233  s: 1213 
[scx_bpfland] tasks -> r: 16/16 | dispatch -> k: 0     d: 4274  s: 3193 
[scx_bpfland] tasks -> r:  7/16 | dispatch -> k: 0     d: 5809  s: 837  
[scx_bpfland] tasks -> r: 10/16 | dispatch -> k: 0     d: 4644  s: 1015 
[scx_bpfland] tasks -> r: 12/16 | dispatch -> k: 0     d: 4641  s: 1690 
[scx_bpfland] tasks -> r:  8/16 | dispatch -> k: 0     d: 5850  s: 623  
[scx_bpfland] tasks -> r:  9/16 | dispatch -> k: 0     d: 4087  s: 1194 
[scx_bpfland] tasks -> r: 10/16 | dispatch -> k: 0     d: 5165  s: 463  
[scx_bpfland] tasks -> r:  8/16 | dispatch -> k: 0     d: 4829  s: 626  
[scx_bpfland] tasks -> r: 11/16 | dispatch -> k: 0     d: 4799  s: 532  
[scx_bpfland] tasks -> r: 10/16 | dispatch -> k: 0     d: 5860  s: 252  
[scx_bpfland] tasks -> r: 11/16 | dispatch -> k: 0     d: 4611  s: 1334 
[scx_bpfland] tasks -> r: 16/16 | dispatch -> k: 0     d: 4571  s: 578  
[scx_bpfland] tasks -> r:  6/16 | dispatch -> k: 0     d: 4469  s: 622  
[scx_bpfland] tasks -> r:  9/16 | dispatch -> k: 0     d: 4547  s: 999  
[scx_bpfland] tasks -> r: 16/16 | dispatch -> k: 0     d: 5865  s: 228  
[scx_bpfland] tasks -> r: 10/16 | dispatch -> k: 0     d: 5258  s: 676  
[scx_bpfland] tasks -> r:  9/16 | dispatch -> k: 0     d: 4990  s: 560  
[scx_bpfland] tasks -> r:  9/16 | dispatch -> k: 0     d: 5038  s: 568  
[scx_bpfland] tasks -> r: 13/16 | dispatch -> k: 0     d: 5941  s: 161  
[scx_bpfland] tasks -> r: 11/16 | dispatch -> k: 0     d: 5464  s: 751  
[scx_bpfland] tasks -> r: 14/16 | dispatch -> k: 0     d: 4662  s: 836  
[scx_bpfland] tasks -> r: 10/16 | dispatch -> k: 0     d: 5704  s: 112  
[scx_bpfland] tasks -> r: 10/16 | dispatch -> k: 0     d: 4539  s: 687  
[scx_bpfland] tasks -> r:  9/16 | dispatch -> k: 0     d: 4974  s: 605  
[scx_bpfland] tasks -> r:  9/16 | dispatch -> k: 0     d: 5320  s: 771  
[scx_bpfland] tasks -> r: 13/16 | dispatch -> k: 0     d: 5653  s: 81   
[scx_bpfland] tasks -> r:  4/16 | dispatch -> k: 0     d: 4493  s: 753  
[scx_bpfland] tasks -> r: 16/16 | dispatch -> k: 0     d: 4325  s: 821  
[scx_bpfland] tasks -> r: 10/16 | dispatch -> k: 0     d: 5862  s: 894  
[scx_bpfland] tasks -> r: 11/16 | dispatch -> k: 0     d: 5672  s: 798  
[scx_bpfland] tasks -> r: 14/16 | dispatch -> k: 0     d: 5124  s: 649  
[scx_bpfland] tasks -> r:  8/16 | dispatch -> k: 0     d: 5091  s: 671  
[scx_bpfland] tasks -> r: 11/16 | dispatch -> k: 0     d: 5659  s: 93   
[scx_bpfland] tasks -> r:  9/16 | dispatch -> k: 0     d: 5111  s: 786  
[scx_bpfland] tasks -> r: 16/16 | dispatch -> k: 0     d: 5195  s: 707  
[scx_bpfland] tasks -> r:  9/16 | dispatch -> k: 0     d: 4706  s: 807  
[scx_bpfland] tasks -> r: 16/16 | dispatch -> k: 0     d: 5475  s: 473  
[scx_bpfland] tasks -> r: 16/16 | dispatch -> k: 0     d: 4871  s: 458  
[scx_bpfland] tasks -> r:  5/16 | dispatch -> k: 0     d: 4658  s: 1084 
[scx_bpfland] tasks -> r: 12/16 | dispatch -> k: 0     d: 4897  s: 994  
[scx_bpfland] tasks -> r:  8/16 | dispatch -> k: 0     d: 4363  s: 1121 
[scx_bpfland] tasks -> r: 10/16 | dispatch -> k: 0     d: 5283  s: 441  
[scx_bpfland] tasks -> r:  6/16 | dispatch -> k: 0     d: 5785  s: 299  
[scx_bpfland] tasks -> r: 16/16 | dispatch -> k: 0     d: 5889  s: 302  
[scx_bpfland] tasks -> r: 14/16 | dispatch -> k: 0     d: 5928  s: 116  
[scx_bpfland] tasks -> r:  7/16 | dispatch -> k: 0     d: 5589  s: 32   
[scx_bpfland] tasks -> r:  7/16 | dispatch -> k: 0     d: 5388  s: 186  
[scx_bpfland] tasks -> r:  4/16 | dispatch -> k: 0     d: 5384  s: 192  
[scx_bpfland] tasks -> r:  5/16 | dispatch -> k: 0     d: 5161  s: 382  
[scx_bpfland] tasks -> r: 16/16 | dispatch -> k: 0     d: 6079  s: 103  
[scx_bpfland] tasks -> r:  5/16 | dispatch -> k: 0     d: 5966  s: 32   
[scx_bpfland] tasks -> r:  6/16 | dispatch -> k: 0     d: 5601  s: 400  
[scx_bpfland] tasks -> r: 10/16 | dispatch -> k: 0     d: 5325  s: 278  
[scx_bpfland] tasks -> r: 11/16 | dispatch -> k: 0     d: 6067  s: 435  
[scx_bpfland] tasks -> r: 10/16 | dispatch -> k: 0     d: 5891  s: 267  
[scx_bpfland] tasks -> r:  6/16 | dispatch -> k: 0     d: 6051  s: 125  
[scx_bpfland] tasks -> r: 11/16 | dispatch -> k: 0     d: 5927  s: 56   
[scx_bpfland] tasks -> r: 16/16 | dispatch -> k: 0     d: 5835  s: 69   
[scx_bpfland] tasks -> r:  7/16 | dispatch -> k: 0     d: 5572  s: 213  
[scx_bpfland] tasks -> r:  7/16 | dispatch -> k: 0     d: 5348  s: 375  
[scx_bpfland] tasks -> r:  6/16 | dispatch -> k: 0     d: 5895  s: 444  
[scx_bpfland] tasks -> r:  8/16 | dispatch -> k: 0     d: 7392  s: 1062 
[scx_bpfland] tasks -> r: 10/16 | dispatch -> k: 0     d: 5691  s: 12   
[scx_bpfland] tasks -> r:  8/16 | dispatch -> k: 0     d: 5698  s: 210  
[scx_bpfland] tasks -> r: 11/16 | dispatch -> k: 0     d: 5605  s: 359  
[scx_bpfland] tasks -> r:  3/16 | dispatch -> k: 0     d: 5922  s: 334  
[scx_bpfland] tasks -> r:  7/16 | dispatch -> k: 0     d: 5775  s: 189  
[scx_bpfland] tasks -> r:  8/16 | dispatch -> k: 0     d: 5810  s: 171  
[scx_bpfland] tasks -> r:  6/16 | dispatch -> k: 0     d: 5564  s: 249  
[scx_bpfland] tasks -> r:  9/16 | dispatch -> k: 0     d: 5936  s: 228  
[scx_bpfland] tasks -> r:  9/16 | dispatch -> k: 0     d: 5683  s: 224  
[scx_bpfland] tasks -> r:  5/16 | dispatch -> k: 0     d: 5502  s: 379  
[scx_bpfland] tasks -> r:  8/16 | dispatch -> k: 0     d: 5592  s: 20   
[scx_bpfland] tasks -> r:  8/16 | dispatch -> k: 0     d: 5673  s: 245  
[scx_bpfland] tasks -> r:  5/16 | dispatch -> k: 0     d: 6033  s: 272  
[scx_bpfland] tasks -> r:  7/16 | dispatch -> k: 0     d: 5677  s: 271  
[scx_bpfland] tasks -> r:  6/16 | dispatch -> k: 0     d: 4533  s: 980  
[scx_bpfland] tasks -> r: 14/16 | dispatch -> k: 0     d: 5352  s: 261  
[scx_bpfland] tasks -> r:  7/16 | dispatch -> k: 0     d: 5771  s: 75   
[scx_bpfland] tasks -> r:  6/16 | dispatch -> k: 0     d: 6414  s: 371  
[scx_bpfland] tasks -> r:  8/16 | dispatch -> k: 0     d: 5432  s: 202  
[scx_bpfland] tasks -> r: 13/16 | dispatch -> k: 0     d: 5511  s: 285  
[scx_bpfland] tasks -> r:  7/16 | dispatch -> k: 0     d: 5444  s: 144  
[scx_bpfland] tasks -> r: 16/16 | dispatch -> k: 0     d: 5893  s: 174  
[scx_bpfland] tasks -> r:  8/16 | dispatch -> k: 0     d: 5989  s: 106  
[scx_bpfland] tasks -> r:  7/16 | dispatch -> k: 0     d: 5553  s: 137  
[scx_bpfland] tasks -> r:  8/16 | dispatch -> k: 0     d: 5451  s: 224  
[scx_bpfland] tasks -> r:  7/16 | dispatch -> k: 0     d: 5680  s: 200  
[scx_bpfland] tasks -> r:  6/16 | dispatch -> k: 0     d: 5924  s: 250  
[scx_bpfland] tasks -> r:  7/16 | dispatch -> k: 0     d: 6089  s: 197  
[scx_bpfland] tasks -> r:  8/16 | dispatch -> k: 0     d: 5711  s: 301  
[scx_bpfland] tasks -> r:  5/16 | dispatch -> k: 0     d: 6200  s: 792  
[scx_bpfland] tasks -> r: 13/16 | dispatch -> k: 0     d: 6088  s: 425  
[scx_bpfland] tasks -> r: 16/16 | dispatch -> k: 0     d: 6054  s: 254  
[scx_bpfland] tasks -> r:  5/16 | dispatch -> k: 0     d: 6308  s: 266  
[scx_bpfland] tasks -> r: 11/16 | dispatch -> k: 0     d: 5696  s: 288  
[scx_bpfland] tasks -> r:  6/16 | dispatch -> k: 0     d: 5657  s: 355  
[scx_bpfland] tasks -> r: 10/16 | dispatch -> k: 0     d: 5620  s: 264  
[scx_bpfland] tasks -> r:  8/16 | dispatch -> k: 0     d: 5772  s: 219  
[scx_bpfland] tasks -> r: 10/16 | dispatch -> k: 0     d: 6025  s: 182  
[scx_bpfland] tasks -> r:  6/16 | dispatch -> k: 0     d: 5395  s: 244  
[scx_bpfland] tasks -> r:  6/16 | dispatch -> k: 0     d: 5807  s: 254  
[scx_bpfland] tasks -> r: 14/16 | dispatch -> k: 0     d: 6238  s: 67   
[scx_bpfland] tasks -> r: 16/16 | dispatch -> k: 0     d: 5932  s: 272  
[scx_bpfland] tasks -> r:  5/16 | dispatch -> k: 0     d: 6821  s: 436  
[scx_bpfland] tasks -> r:  6/16 | dispatch -> k: 0     d: 5410  s: 375  
[scx_bpfland] tasks -> r:  9/16 | dispatch -> k: 0     d: 5590  s: 206  
[scx_bpfland] tasks -> r:  7/16 | dispatch -> k: 0     d: 5640  s: 227  
[scx_bpfland] tasks -> r:  7/16 | dispatch -> k: 0     d: 5950  s: 258  
[scx_bpfland] tasks -> r:  6/16 | dispatch -> k: 0     d: 5812  s: 283  
[scx_bpfland] tasks -> r:  5/16 | dispatch -> k: 0     d: 6298  s: 352  
[scx_bpfland] tasks -> r:  4/16 | dispatch -> k: 0     d: 5580  s: 258  
[scx_bpfland] tasks -> r: 10/16 | dispatch -> k: 0     d: 7092  s: 319  
[scx_bpfland] tasks -> r:  7/16 | dispatch -> k: 0     d: 6372  s: 336  
[scx_bpfland] tasks -> r:  5/16 | dispatch -> k: 0     d: 5836  s: 358  
[scx_bpfland] tasks -> r:  4/16 | dispatch -> k: 0     d: 6142  s: 185  
[scx_bpfland] tasks -> r:  8/16 | dispatch -> k: 0     d: 5977  s: 148  
[scx_bpfland] tasks -> r:  4/16 | dispatch -> k: 0     d: 5717  s: 208  
[scx_bpfland] tasks -> r:  8/16 | dispatch -> k: 0     d: 5685  s: 259  
[scx_bpfland] tasks -> r:  4/16 | dispatch -> k: 0     d: 5734  s: 285  
[scx_bpfland] tasks -> r: 16/16 | dispatch -> k: 0     d: 5628  s: 198  
[scx_bpfland] tasks -> r:  6/16 | dispatch -> k: 0     d: 5821  s: 60   
[scx_bpfland] tasks -> r:  5/16 | dispatch -> k: 0     d: 5610  s: 249  
[scx_bpfland] tasks -> r:  2/16 | dispatch -> k: 0     d: 5854  s: 328  
[scx_bpfland] tasks -> r:  6/16 | dispatch -> k: 0     d: 6030  s: 139  
[scx_bpfland] tasks -> r: 10/16 | dispatch -> k: 0     d: 5511  s: 156  
[scx_bpfland] tasks -> r:  9/16 | dispatch -> k: 0     d: 5627  s: 247  
[scx_bpfland] tasks -> r:  9/16 | dispatch -> k: 0     d: 5628  s: 275  
[scx_bpfland] tasks -> r:  6/16 | dispatch -> k: 0     d: 5885  s: 249  
[scx_bpfland] tasks -> r:  6/16 | dispatch -> k: 0     d: 6827  s: 452  
[scx_bpfland] tasks -> r: 16/16 | dispatch -> k: 0     d: 6571  s: 267  
[scx_bpfland] tasks -> r:  5/16 | dispatch -> k: 0     d: 5754  s: 344  
[scx_bpfland] tasks -> r:  5/16 | dispatch -> k: 0     d: 5770  s: 114  
[scx_bpfland] tasks -> r:  3/16 | dispatch -> k: 0     d: 5203  s: 38   
[scx_bpfland] tasks -> r:  3/16 | dispatch -> k: 0     d: 4145  s: 23   
[scx_bpfland] tasks -> r:  4/16 | dispatch -> k: 0     d: 3776  s: 43   
[scx_bpfland] tasks -> r:  3/16 | dispatch -> k: 0     d: 3578  s: 50   
[scx_bpfland] tasks -> r:  6/16 | dispatch -> k: 0     d: 3846  s: 51   
[scx_bpfland] tasks -> r:  4/16 | dispatch -> k: 0     d: 3545  s: 189  
[scx_bpfland] tasks -> r:  3/16 | dispatch -> k: 0     d: 3531  s: 105  
[scx_bpfland] tasks -> r:  3/16 | dispatch -> k: 0     d: 3633  s: 53   
[scx_bpfland] tasks -> r:  4/16 | dispatch -> k: 0     d: 4026  s: 10   
[scx_bpfland] tasks -> r:  6/16 | dispatch -> k: 0     d: 3691  s: 148  
[scx_bpfland] tasks -> r:  4/16 | dispatch -> k: 0     d: 3396  s: 17   
[scx_bpfland] tasks -> r:  4/16 | dispatch -> k: 0     d: 3755  s: 9    
[scx_bpfland] tasks -> r: 12/16 | dispatch -> k: 0     d: 3536  s: 5    
[scx_bpfland] tasks -> r:  2/16 | dispatch -> k: 0     d: 3443  s: 0    
[scx_bpfland] tasks -> r:  6/16 | dispatch -> k: 0     d: 3386  s: 15   
[scx_bpfland] tasks -> r:  5/16 | dispatch -> k: 0     d: 3480  s: 31   
[scx_bpfland] tasks -> r:  3/16 | dispatch -> k: 0     d: 3926  s: 7    
[scx_bpfland] tasks -> r:  2/16 | dispatch -> k: 0     d: 3700  s: 7    
[scx_bpfland] tasks -> r:  4/16 | dispatch -> k: 0     d: 3448  s: 14   
[scx_bpfland] tasks -> r:  4/16 | dispatch -> k: 0     d: 3491  s: 7    
[scx_bpfland] tasks -> r:  4/16 | dispatch -> k: 0     d: 3788  s: 16   
[scx_bpfland] tasks -> r: 13/16 | dispatch -> k: 0     d: 4602  s: 9    
[scx_bpfland] tasks -> r:  3/16 | dispatch -> k: 0     d: 3942  s: 6    
[scx_bpfland] tasks -> r:  4/16 | dispatch -> k: 0     d: 3601  s: 13   
[scx_bpfland] tasks -> r:  5/16 | dispatch -> k: 0     d: 3361  s: 19   
[scx_bpfland] tasks -> r:  2/16 | dispatch -> k: 0     d: 3466  s: 140  
[scx_bpfland] tasks -> r:  2/16 | dispatch -> k: 0     d: 3536  s: 39   
[scx_bpfland] tasks -> r:  3/16 | dispatch -> k: 0     d: 4069  s: 0    
[scx_bpfland] tasks -> r:  3/16 | dispatch -> k: 0     d: 3715  s: 8    
[scx_bpfland] tasks -> r:  3/16 | dispatch -> k: 0     d: 3343  s: 50   
[scx_bpfland] tasks -> r: 12/16 | dispatch -> k: 0     d: 6390  s: 54   
[scx_bpfland] tasks -> r:  5/16 | dispatch -> k: 0     d: 3804  s: 43   
[scx_bpfland] tasks -> r:  4/16 | dispatch -> k: 0     d: 3708  s: 242  
[scx_bpfland] tasks -> r:  5/16 | dispatch -> k: 0     d: 3508  s: 15   
[scx_bpfland] tasks -> r:  2/16 | dispatch -> k: 0     d: 3371  s: 35   
[scx_bpfland] tasks -> r:  0/16 | dispatch -> k: 0     d: 3027  s: 26   
