15:36:34 [INFO] scx_flow 1.0.0 x86_64-unknown-linux-gnu
15:36:34 [INFO] Starting scx_flow scheduler
15:36:38 [INFO] autotune=latency gen=1 reserve_cap=275us shared_slice=900us refill_floor=120us preempt_budget=175us preempt_refill=225us debt_min=1 urgent_burst_max=3 reserved_quota_max=4 reserved_lane_max=4 local_burst_max=4
15:36:39 [INFO] autotune=latency gen=2 reserve_cap=300us shared_slice=900us refill_floor=140us preempt_budget=200us preempt_refill=250us debt_min=1 urgent_burst_max=3 reserved_quota_max=4 reserved_lane_max=4 local_burst_max=3
15:36:40 [INFO] autotune=latency gen=3 reserve_cap=300us shared_slice=900us refill_floor=140us preempt_budget=225us preempt_refill=250us debt_min=1 urgent_burst_max=3 reserved_quota_max=4 reserved_lane_max=4 local_burst_max=3

DEBUG DUMP
================================================================================

kworker/u64:4[422028] triggered exit kind 1026:
  runnable task stall (cyclictest[946512] failed to run for 5.591s)

Backtrace:
  scx_watchdog_workfn+0x12a/0x1c0
  process_scheduled_works+0x1f3/0x5e0
  worker_thread+0x18d/0x340
  kthread+0x205/0x280
  ret_from_fork+0x118/0x260
  ret_from_fork_asm+0x1a/0x30

CPU states
----------

CPU 0   : nr_run=3 flags=0x1 cpu_rel=0 ops_qseq=85386308 ksync=293581740
          curr=bash[946516] class=rt_sched_class

  R cyclictest[946512] -5591ms
      scx_state/flags=3/0x9 dsq_flags=0x0 ops_state/qseq=0/0
      sticky/holding_cpu=-1/-1 dsq_id=0x8000000000000002
      dsq_vtime=0 slice=50000 weight=244
      cpus=0001 no_mig=0

    __x64_sys_clock_nanosleep+0xea/0x160
    do_syscall_64+0x75/0x280
    entry_SYSCALL_64_after_hwframe+0x79/0x81

  R cyclictest[946508] -5587ms
      scx_state/flags=3/0x9 dsq_flags=0x0 ops_state/qseq=0/0
      sticky/holding_cpu=-1/-1 dsq_id=0x8000000000000002
      dsq_vtime=0 slice=50000 weight=244
      cpus=0001 no_mig=0

    __x64_sys_clock_nanosleep+0xea/0x160
    do_syscall_64+0x75/0x280
    entry_SYSCALL_64_after_hwframe+0x79/0x81

  R kworker/0:1[772311] -5503ms
      scx_state/flags=3/0x9 dsq_flags=0x0 ops_state/qseq=0/0
      sticky/holding_cpu=-1/-1 dsq_id=0x8000000000000002
      dsq_vtime=2916254 slice=900000 weight=100
      cpus=0001 no_mig=0

    kthread+0x205/0x280
    ret_from_fork+0x118/0x260
    ret_from_fork_asm+0x1a/0x30

CPU 2   : nr_run=1 flags=0x1 cpu_rel=0 ops_qseq=71898009 ksync=258309740
          curr=Chrome_ChildIOT[810915] class=ext_sched_class

 *R Chrome_ChildIOT[810915] +0ms
      scx_state/flags=3/0xd dsq_flags=0x0 ops_state/qseq=0/0
      sticky/holding_cpu=-1/-1 dsq_id=(n/a)
      dsq_vtime=505015355 slice=300000 weight=244
      cpus=ffff no_mig=0

CPU 4   : nr_run=2 flags=0x1 cpu_rel=0 ops_qseq=67826118 ksync=245337189
          curr=code[811196] class=ext_sched_class

 *R code[811196] +0ms
      scx_state/flags=3/0x5 dsq_flags=0x0 ops_state/qseq=0/0
      sticky/holding_cpu=-1/-1 dsq_id=(n/a)
      dsq_vtime=50500568 slice=900000 weight=244
      cpus=ffff no_mig=0

  R kilo[34320] +0ms
      scx_state/flags=3/0x1 dsq_flags=0x0 ops_state/qseq=0/0
      sticky/holding_cpu=-1/-1 dsq_id=0x402
      dsq_vtime=487662 slice=900000 weight=244
      cpus=ffff no_mig=0

    asm_sysvec_apic_timer_interrupt+0x1a/0x20

CPU 8   : nr_run=1 flags=0x1 cpu_rel=0 ops_qseq=71317126 ksync=261018683
          curr=code[811173] class=ext_sched_class

 *R code[811173] -1ms
      scx_state/flags=3/0xd dsq_flags=0x0 ops_state/qseq=0/0
      sticky/holding_cpu=-1/-1 dsq_id=(n/a)
      dsq_vtime=264140143 slice=733038 weight=244
      cpus=ffff no_mig=0

CPU 10  : nr_run=1 flags=0x1 cpu_rel=0 ops_qseq=70457053 ksync=249452337
          curr=kworker/u64:4[422028] class=ext_sched_class

 *R kworker/u64:4[422028] +0ms
      scx_state/flags=3/0xd dsq_flags=0x0 ops_state/qseq=0/0
      sticky/holding_cpu=-1/-1 dsq_id=(n/a)
      dsq_vtime=84288885 slice=300000 weight=100
      cpus=ffff no_mig=0

    scx_dump_state+0x7d1/0xce0
    scx_error_irq_workfn+0x24/0x40
    irq_work_run+0x63/0xd0
    __sysvec_irq_work+0x1f/0x30
    sysvec_irq_work+0x4f/0x80
    asm_sysvec_irq_work+0x1a/0x20
    scx_watchdog_workfn+0x15d/0x1c0
    process_scheduled_works+0x1f3/0x5e0
    worker_thread+0x18d/0x340
    kthread+0x205/0x280
    ret_from_fork+0x118/0x260
    ret_from_fork_asm+0x1a/0x30

CPU 11  : nr_run=1 flags=0x1 cpu_rel=0 ops_qseq=55712975 ksync=201759190
          curr=swapper/11[0] class=idle_sched_class

  R ThreadPoolForeg[129058] +0ms
      scx_state/flags=3/0x9 dsq_flags=0x0 ops_state/qseq=0/0
      sticky/holding_cpu=-1/-1 dsq_id=0x402
      dsq_vtime=96003338 slice=900000 weight=100
      cpus=ffff no_mig=0

    __x64_sys_futex+0x142/0x260
    do_syscall_64+0x75/0x280
    entry_SYSCALL_64_after_hwframe+0x79/0x81

CPU 12  : nr_run=1 flags=0x21 cpu_rel=0 ops_qseq=74659563 ksync=272125592
          curr=kilo[116809] class=ext_sched_class

 *R kilo[116809] +0ms
      scx_state/flags=3/0x5 dsq_flags=0x0 ops_state/qseq=0/0
      sticky/holding_cpu=-1/-1 dsq_id=(n/a)
      dsq_vtime=1889178 slice=900000 weight=244
      cpus=ffff no_mig=0

CPU 14  : nr_run=2 flags=0x1 cpu_rel=0 ops_qseq=68120528 ksync=252682359
          curr=swapper/14[0] class=idle_sched_class

  R plasma-systemmo[156079] +0ms
      scx_state/flags=3/0x9 dsq_flags=0x0 ops_state/qseq=0/0
      sticky/holding_cpu=-1/-1 dsq_id=0x3ff
      dsq_vtime=14122609 slice=300000 weight=100
      cpus=ffff no_mig=0

    do_syscall_64+0x75/0x280
    entry_SYSCALL_64_after_hwframe+0x79/0x81

  R code[810908] +0ms
      scx_state/flags=3/0x9 dsq_flags=0x0 ops_state/qseq=0/0
      sticky/holding_cpu=-1/-1 dsq_id=0x402
      dsq_vtime=509824884 slice=900000 weight=244
      cpus=ffff no_mig=0

    __x64_sys_futex+0x142/0x260
    do_syscall_64+0x75/0x280
    entry_SYSCALL_64_after_hwframe+0x79/0x81

Event counters
--------------
              SCX_EV_SELECT_CPU_FALLBACK:                0
       SCX_EV_DISPATCH_LOCAL_DSQ_OFFLINE:                0
               SCX_EV_DISPATCH_KEEP_LAST:                4
                 SCX_EV_ENQ_SKIP_EXITING:                0
      SCX_EV_ENQ_SKIP_MIGRATION_DISABLED:                0
                 SCX_EV_REFILL_SLICE_DFL:               46
                  SCX_EV_BYPASS_DURATION:         29053061
                  SCX_EV_BYPASS_DISPATCH:               42
                  SCX_EV_BYPASS_ACTIVATE:                1

================================================================================

Error: EXIT: runnable task stall (cyclictest[946512] failed to run for 5.591s)
