15:19:39 [INFO] scx_flow 1.0.0 x86_64-unknown-linux-gnu
15:19:39 [INFO] Starting scx_flow scheduler
15:19:43 [INFO] autotune=latency gen=1 reserve_cap=275us shared_slice=900us refill_floor=120us preempt_budget=175us preempt_refill=225us debt_min=1 urgent_burst_max=3 reserved_quota_max=4 reserved_lane_max=4 local_burst_max=4
15:19:44 [INFO] autotune=latency gen=2 reserve_cap=300us shared_slice=900us refill_floor=140us preempt_budget=200us preempt_refill=250us debt_min=1 urgent_burst_max=3 reserved_quota_max=4 reserved_lane_max=4 local_burst_max=3
15:19:45 [INFO] autotune=latency gen=3 reserve_cap=300us shared_slice=900us refill_floor=140us preempt_budget=225us preempt_refill=250us debt_min=1 urgent_burst_max=3 reserved_quota_max=4 reserved_lane_max=4 local_burst_max=3

DEBUG DUMP
================================================================================

kworker/u64:4[422028] triggered exit kind 1026:
  runnable task stall (cyclictest[769960] failed to run for 6.864s)

Backtrace:
  scx_watchdog_workfn+0x12a/0x1c0
  process_scheduled_works+0x1f3/0x5e0
  worker_thread+0x18d/0x340
  kthread+0x205/0x280
  ret_from_fork+0x118/0x260
  ret_from_fork_asm+0x1a/0x30

CPU states
----------

CPU 0   : nr_run=3 flags=0x1 cpu_rel=0 ops_qseq=84115143 ksync=288669977
          curr=bash[769964] class=rt_sched_class

  R cyclictest[769960] -6864ms
      scx_state/flags=3/0x9 dsq_flags=0x0 ops_state/qseq=0/0
      sticky/holding_cpu=-1/-1 dsq_id=0x8000000000000002
      dsq_vtime=0 slice=50000 weight=244
      cpus=0001 no_mig=0

    __x64_sys_clock_nanosleep+0xea/0x160
    do_syscall_64+0x75/0x280
    entry_SYSCALL_64_after_hwframe+0x79/0x81

  R cyclictest[769956] -6863ms
      scx_state/flags=3/0x9 dsq_flags=0x0 ops_state/qseq=0/0
      sticky/holding_cpu=-1/-1 dsq_id=0x8000000000000002
      dsq_vtime=0 slice=50000 weight=244
      cpus=0001 no_mig=0

    __x64_sys_clock_nanosleep+0xea/0x160
    do_syscall_64+0x75/0x280
    entry_SYSCALL_64_after_hwframe+0x79/0x81

  R kworker/0:2[424530] -6720ms
      scx_state/flags=3/0x9 dsq_flags=0x0 ops_state/qseq=0/0
      sticky/holding_cpu=-1/-1 dsq_id=0x8000000000000002
      dsq_vtime=3215658 slice=900000 weight=100
      cpus=0001 no_mig=0

    kthread+0x205/0x280
    ret_from_fork+0x118/0x260
    ret_from_fork_asm+0x1a/0x30

CPU 1   : nr_run=2 flags=0x1 cpu_rel=0 ops_qseq=55987216 ksync=205259651
          curr=ThreadPoolForeg[810932] class=ext_sched_class

 *R ThreadPoolForeg[810932] -1ms
      scx_state/flags=3/0x5 dsq_flags=0x0 ops_state/qseq=0/0
      sticky/holding_cpu=-1/-1 dsq_id=(n/a)
      dsq_vtime=5307963 slice=900000 weight=244
      cpus=ffff no_mig=0

  R ThreadPoolForeg[811199] +0ms
      scx_state/flags=3/0x9 dsq_flags=0x0 ops_state/qseq=0/0
      sticky/holding_cpu=-1/-1 dsq_id=0x400
      dsq_vtime=17752575 slice=300000 weight=244
      cpus=ffff no_mig=0

    asm_sysvec_apic_timer_interrupt+0x1a/0x20

CPU 2   : nr_run=1 flags=0x1 cpu_rel=0 ops_qseq=71109561 ksync=254777232
          curr=ThreadPoolForeg[810928] class=ext_sched_class

 *R ThreadPoolForeg[810928] -1ms
      scx_state/flags=3/0x5 dsq_flags=0x0 ops_state/qseq=0/0
      sticky/holding_cpu=-1/-1 dsq_id=(n/a)
      dsq_vtime=5938461 slice=265162 weight=244
      cpus=ffff no_mig=0

CPU 3   : nr_run=1 flags=0x21 cpu_rel=0 ops_qseq=55086064 ksync=200495488
          curr=ThreadPoolForeg[810929] class=ext_sched_class

 *R ThreadPoolForeg[810929] -1ms
      scx_state/flags=3/0x5 dsq_flags=0x0 ops_state/qseq=0/0
      sticky/holding_cpu=-1/-1 dsq_id=(n/a)
      dsq_vtime=5920778 slice=253039 weight=244
      cpus=ffff no_mig=0

CPU 4   : nr_run=2 flags=0x21 cpu_rel=0 ops_qseq=67115233 ksync=242324376
          curr=kilo[34320] class=ext_sched_class

 *R kilo[34320] -1ms
      scx_state/flags=3/0x5 dsq_flags=0x0 ops_state/qseq=0/0
      sticky/holding_cpu=-1/-1 dsq_id=(n/a)
      dsq_vtime=299154 slice=900000 weight=244
      cpus=ffff no_mig=0

  R ThreadPoolForeg[811529] +0ms
      scx_state/flags=3/0x9 dsq_flags=0x0 ops_state/qseq=0/0
      sticky/holding_cpu=-1/-1 dsq_id=0x400
      dsq_vtime=1299159 slice=300000 weight=244
      cpus=ffff no_mig=0

    asm_sysvec_apic_timer_interrupt+0x1a/0x20

CPU 5   : nr_run=2 flags=0x1 cpu_rel=0 ops_qseq=53469513 ksync=195416831
          curr=kworker/u64:4[422028] class=ext_sched_class

 *R kworker/u64:4[422028] +0ms
      scx_state/flags=3/0x5 dsq_flags=0x0 ops_state/qseq=0/0
      sticky/holding_cpu=-1/-1 dsq_id=(n/a)
      dsq_vtime=137807060 slice=300000 weight=100
      cpus=ffff no_mig=0

    scx_dump_state+0x7d1/0xce0
    scx_error_irq_workfn+0x24/0x40
    irq_work_run+0x63/0xd0
    __sysvec_irq_work+0x1f/0x30
    sysvec_irq_work+0x4f/0x80
    asm_sysvec_irq_work+0x1a/0x20
    scx_watchdog_workfn+0x15d/0x1c0
    process_scheduled_works+0x1f3/0x5e0
    worker_thread+0x18d/0x340
    kthread+0x205/0x280
    ret_from_fork+0x118/0x260
    ret_from_fork_asm+0x1a/0x30

  R ThreadPoolForeg[811532] +0ms
      scx_state/flags=3/0x9 dsq_flags=0x0 ops_state/qseq=0/0
      sticky/holding_cpu=-1/-1 dsq_id=0x3ff
      dsq_vtime=1105518 slice=300000 weight=244
      cpus=ffff no_mig=0

    __x64_sys_futex+0x142/0x260
    do_syscall_64+0x75/0x280
    entry_SYSCALL_64_after_hwframe+0x79/0x81

CPU 6   : nr_run=1 flags=0x1 cpu_rel=0 ops_qseq=80615453 ksync=279630974
          curr=ThreadPoolForeg[810914] class=ext_sched_class

 *R ThreadPoolForeg[810914] -1ms
      scx_state/flags=3/0x5 dsq_flags=0x0 ops_state/qseq=0/0
      sticky/holding_cpu=-1/-1 dsq_id=(n/a)
      dsq_vtime=8358802 slice=214810 weight=244
      cpus=ffff no_mig=0

CPU 7   : nr_run=1 flags=0x1 cpu_rel=0 ops_qseq=58658379 ksync=213994704
          curr=swapper/7[0] class=idle_sched_class

  R ThreadPoolForeg[810931] +0ms
      scx_state/flags=3/0x1 dsq_flags=0x0 ops_state/qseq=0/0
      sticky/holding_cpu=-1/-1 dsq_id=0x402
      dsq_vtime=5045285 slice=900000 weight=244
      cpus=ffff no_mig=0

    asm_sysvec_apic_timer_interrupt+0x1a/0x20

CPU 8   : nr_run=2 flags=0x1 cpu_rel=0 ops_qseq=70318317 ksync=257002033
          curr=ThreadPoolForeg[811519] class=ext_sched_class

 *R ThreadPoolForeg[811519] +0ms
      scx_state/flags=3/0x5 dsq_flags=0x0 ops_state/qseq=0/0
      sticky/holding_cpu=-1/-1 dsq_id=(n/a)
      dsq_vtime=5870309 slice=300000 weight=244
      cpus=ffff no_mig=0

  R ThreadPoolForeg[811525] +0ms
      scx_state/flags=3/0x1 dsq_flags=0x0 ops_state/qseq=0/0
      sticky/holding_cpu=-1/-1 dsq_id=0x400
      dsq_vtime=4948143 slice=300000 weight=244
      cpus=ffff no_mig=0

    asm_sysvec_apic_timer_interrupt+0x1a/0x20

CPU 9   : nr_run=2 flags=0x1 cpu_rel=0 ops_qseq=57654561 ksync=209497622
          curr=ThreadPoolForeg[811524] class=ext_sched_class

 *R ThreadPoolForeg[811524] -1ms
      scx_state/flags=3/0x5 dsq_flags=0x0 ops_state/qseq=0/0
      sticky/holding_cpu=-1/-1 dsq_id=(n/a)
      dsq_vtime=5358710 slice=300000 weight=244
      cpus=ffff no_mig=0

  R ThreadPoolForeg[811527] +0ms
      scx_state/flags=3/0x1 dsq_flags=0x0 ops_state/qseq=0/0
      sticky/holding_cpu=-1/-1 dsq_id=0x400
      dsq_vtime=1697471 slice=300000 weight=244
      cpus=ffff no_mig=0

    asm_sysvec_apic_timer_interrupt+0x1a/0x20

CPU 10  : nr_run=3 flags=0x21 cpu_rel=0 ops_qseq=69736508 ksync=246812020
          curr=kilo[116809] class=ext_sched_class

 *R kilo[116809] -1ms
      scx_state/flags=3/0x5 dsq_flags=0x0 ops_state/qseq=0/0
      sticky/holding_cpu=-1/-1 dsq_id=(n/a)
      dsq_vtime=46877022 slice=343120 weight=244
      cpus=ffff no_mig=0

  R code[810908] -1ms
      scx_state/flags=3/0x9 dsq_flags=0x0 ops_state/qseq=0/0
      sticky/holding_cpu=-1/-1 dsq_id=0x402
      dsq_vtime=269575931 slice=900000 weight=244
      cpus=ffff no_mig=0

    __x64_sys_futex+0x142/0x260
    do_syscall_64+0x75/0x280
    entry_SYSCALL_64_after_hwframe+0x79/0x81

  R Discord[128971] -1ms
      scx_state/flags=3/0x9 dsq_flags=0x0 ops_state/qseq=0/0
      sticky/holding_cpu=-1/-1 dsq_id=0x402
      dsq_vtime=382297203 slice=900000 weight=194
      cpus=ffff no_mig=0

    do_syscall_64+0x75/0x280
    entry_SYSCALL_64_after_hwframe+0x79/0x81

CPU 11  : nr_run=2 flags=0x1 cpu_rel=0 ops_qseq=55154660 ksync=199169317
          curr=swapper/11[0] class=idle_sched_class

  R code[811196] +0ms
      scx_state/flags=3/0x1 dsq_flags=0x0 ops_state/qseq=0/0
      sticky/holding_cpu=-1/-1 dsq_id=0x402
      dsq_vtime=36496844 slice=900000 weight=244
      cpus=ffff no_mig=0

    asm_sysvec_apic_timer_interrupt+0x1a/0x20

  R Compositor[129061] +0ms
      scx_state/flags=3/0x9 dsq_flags=0x0 ops_state/qseq=0/0
      sticky/holding_cpu=-1/-1 dsq_id=0x401
      dsq_vtime=74306727 slice=1200000 weight=596
      cpus=ffff no_mig=0

    __x64_sys_futex+0x142/0x260
    do_syscall_64+0x75/0x280
    entry_SYSCALL_64_after_hwframe+0x79/0x81

CPU 12  : nr_run=2 flags=0x1 cpu_rel=0 ops_qseq=73853136 ksync=268555580
          curr=ThreadPoolForeg[811523] class=ext_sched_class

 *R ThreadPoolForeg[811523] -1ms
      scx_state/flags=3/0x5 dsq_flags=0x0 ops_state/qseq=0/0
      sticky/holding_cpu=-1/-1 dsq_id=(n/a)
      dsq_vtime=5452401 slice=300000 weight=244
      cpus=ffff no_mig=0

  R ThreadPoolForeg[811520] +0ms
      scx_state/flags=3/0x1 dsq_flags=0x0 ops_state/qseq=0/0
      sticky/holding_cpu=-1/-1 dsq_id=0x400
      dsq_vtime=6014143 slice=300000 weight=244
      cpus=ffff no_mig=0

    asm_sysvec_apic_timer_interrupt+0x1a/0x20

CPU 13  : nr_run=1 flags=0x1 cpu_rel=0 ops_qseq=56928772 ksync=206669852
          curr=ThreadPoolForeg[810930] class=ext_sched_class

 *R ThreadPoolForeg[810930] -1ms
      scx_state/flags=3/0x5 dsq_flags=0x0 ops_state/qseq=0/0
      sticky/holding_cpu=-1/-1 dsq_id=(n/a)
      dsq_vtime=5604324 slice=367543 weight=244
      cpus=ffff no_mig=0

CPU 14  : nr_run=1 flags=0x1 cpu_rel=0 ops_qseq=67353734 ksync=249426067
          curr=ThreadPoolForeg[810916] class=ext_sched_class

 *R ThreadPoolForeg[810916] -1ms
      scx_state/flags=3/0x5 dsq_flags=0x0 ops_state/qseq=0/0
      sticky/holding_cpu=-1/-1 dsq_id=(n/a)
      dsq_vtime=7303832 slice=251619 weight=244
      cpus=ffff no_mig=0

CPU 15  : nr_run=2 flags=0x1 cpu_rel=0 ops_qseq=54853383 ksync=198451306
          curr=ThreadPoolForeg[811201] class=ext_sched_class

 *R ThreadPoolForeg[811201] -1ms
      scx_state/flags=3/0x5 dsq_flags=0x0 ops_state/qseq=0/0
      sticky/holding_cpu=-1/-1 dsq_id=(n/a)
      dsq_vtime=6124749 slice=300000 weight=244
      cpus=ffff no_mig=0

  R ThreadPoolForeg[811530] +0ms
      scx_state/flags=3/0x1 dsq_flags=0x0 ops_state/qseq=0/0
      sticky/holding_cpu=-1/-1 dsq_id=0x400
      dsq_vtime=1068157 slice=300000 weight=244
      cpus=ffff no_mig=0

    asm_sysvec_apic_timer_interrupt+0x1a/0x20

Event counters
--------------
              SCX_EV_SELECT_CPU_FALLBACK:                0
       SCX_EV_DISPATCH_LOCAL_DSQ_OFFLINE:                0
               SCX_EV_DISPATCH_KEEP_LAST:                1
                 SCX_EV_ENQ_SKIP_EXITING:                0
      SCX_EV_ENQ_SKIP_MIGRATION_DISABLED:                0
                 SCX_EV_REFILL_SLICE_DFL:               33
                  SCX_EV_BYPASS_DURATION:         30062472
                  SCX_EV_BYPASS_DISPATCH:               32
                  SCX_EV_BYPASS_ACTIVATE:                1

================================================================================

Error: EXIT: runnable task stall (cyclictest[769960] failed to run for 6.864s)
