[scx_bpfland] tasks -> r: 12/16 | dispatch -> k: 0     d: 3     s: 0    
[scx_bpfland] tasks -> r: 10/16 | dispatch -> k: 0     d: 4080  s: 18   
[scx_bpfland] tasks -> r: 16/16 | dispatch -> k: 0     d: 3949  s: 3617 
[scx_bpfland] tasks -> r:  9/16 | dispatch -> k: 0     d: 3486  s: 3423 
[scx_bpfland] tasks -> r: 11/16 | dispatch -> k: 0     d: 4853  s: 1195 
[scx_bpfland] tasks -> r: 16/16 | dispatch -> k: 0     d: 5277  s: 767  
[scx_bpfland] tasks -> r:  9/16 | dispatch -> k: 0     d: 5523  s: 335  
[scx_bpfland] tasks -> r: 11/16 | dispatch -> k: 0     d: 5492  s: 854  
[scx_bpfland] tasks -> r:  9/16 | dispatch -> k: 0     d: 5197  s: 627  
[scx_bpfland] tasks -> r: 16/16 | dispatch -> k: 0     d: 5862  s: 211  
[scx_bpfland] tasks -> r: 13/16 | dispatch -> k: 0     d: 5165  s: 499  
[scx_bpfland] tasks -> r: 12/16 | dispatch -> k: 0     d: 4646  s: 575  
[scx_bpfland] tasks -> r: 16/16 | dispatch -> k: 0     d: 5800  s: 449  
[scx_bpfland] tasks -> r: 10/16 | dispatch -> k: 0     d: 4964  s: 429  
[scx_bpfland] tasks -> r: 14/16 | dispatch -> k: 0     d: 4937  s: 694  
[scx_bpfland] tasks -> r: 11/16 | dispatch -> k: 0     d: 5824  s: 464  
[scx_bpfland] tasks -> r: 13/16 | dispatch -> k: 0     d: 5105  s: 810  
[scx_bpfland] tasks -> r: 10/16 | dispatch -> k: 0     d: 5240  s: 609  
[scx_bpfland] tasks -> r: 16/16 | dispatch -> k: 0     d: 5995  s: 900  
[scx_bpfland] tasks -> r:  7/16 | dispatch -> k: 0     d: 4077  s: 1107 
[scx_bpfland] tasks -> r: 12/16 | dispatch -> k: 0     d: 5267  s: 590  
[scx_bpfland] tasks -> r: 12/16 | dispatch -> k: 0     d: 5894  s: 18   
[scx_bpfland] tasks -> r: 10/16 | dispatch -> k: 0     d: 5162  s: 917  
[scx_bpfland] tasks -> r: 14/16 | dispatch -> k: 0     d: 3715  s: 2231 
[scx_bpfland] tasks -> r: 14/16 | dispatch -> k: 0     d: 5871  s: 39   
[scx_bpfland] tasks -> r: 12/16 | dispatch -> k: 0     d: 4967  s: 818  
[scx_bpfland] tasks -> r: 12/16 | dispatch -> k: 0     d: 5152  s: 661  
[scx_bpfland] tasks -> r: 12/16 | dispatch -> k: 0     d: 5342  s: 770  
[scx_bpfland] tasks -> r: 11/16 | dispatch -> k: 0     d: 5430  s: 595  
[scx_bpfland] tasks -> r: 12/16 | dispatch -> k: 0     d: 5751  s: 74   
[scx_bpfland] tasks -> r: 15/16 | dispatch -> k: 0     d: 4662  s: 765  
[scx_bpfland] tasks -> r:  9/16 | dispatch -> k: 0     d: 4913  s: 333  
[scx_bpfland] tasks -> r: 11/16 | dispatch -> k: 0     d: 4653  s: 1098 
[scx_bpfland] tasks -> r: 10/16 | dispatch -> k: 0     d: 4497  s: 902  
[scx_bpfland] tasks -> r: 10/16 | dispatch -> k: 0     d: 6097  s: 554  
[scx_bpfland] tasks -> r:  7/16 | dispatch -> k: 0     d: 4630  s: 875  
[scx_bpfland] tasks -> r: 10/16 | dispatch -> k: 0     d: 4283  s: 1096 
[scx_bpfland] tasks -> r: 16/16 | dispatch -> k: 0     d: 5829  s: 381  
[scx_bpfland] tasks -> r: 10/16 | dispatch -> k: 0     d: 5597  s: 1099 
[scx_bpfland] tasks -> r:  9/16 | dispatch -> k: 0     d: 5807  s: 780  
[scx_bpfland] tasks -> r: 15/16 | dispatch -> k: 0     d: 5326  s: 623  
[scx_bpfland] tasks -> r: 13/16 | dispatch -> k: 0     d: 5503  s: 253  
[scx_bpfland] tasks -> r: 16/16 | dispatch -> k: 0     d: 5196  s: 978  
[scx_bpfland] tasks -> r: 14/16 | dispatch -> k: 0     d: 4404  s: 1976 
[scx_bpfland] tasks -> r: 16/16 | dispatch -> k: 0     d: 5843  s: 446  
[scx_bpfland] tasks -> r: 11/16 | dispatch -> k: 0     d: 4769  s: 773  
[scx_bpfland] tasks -> r:  9/16 | dispatch -> k: 0     d: 5037  s: 645  
[scx_bpfland] tasks -> r:  7/16 | dispatch -> k: 0     d: 4944  s: 1080 
[scx_bpfland] tasks -> r: 16/16 | dispatch -> k: 0     d: 5554  s: 199  
[scx_bpfland] tasks -> r: 10/16 | dispatch -> k: 0     d: 5078  s: 452  
[scx_bpfland] tasks -> r: 10/16 | dispatch -> k: 0     d: 4194  s: 906  
[scx_bpfland] tasks -> r:  9/16 | dispatch -> k: 0     d: 5510  s: 19   
[scx_bpfland] tasks -> r:  9/16 | dispatch -> k: 0     d: 4836  s: 1052 
[scx_bpfland] tasks -> r:  9/16 | dispatch -> k: 0     d: 5433  s: 181  
[scx_bpfland] tasks -> r: 14/16 | dispatch -> k: 0     d: 4326  s: 979  
[scx_bpfland] tasks -> r: 16/16 | dispatch -> k: 0     d: 4910  s: 718  
[scx_bpfland] tasks -> r: 14/16 | dispatch -> k: 0     d: 5561  s: 121  
[scx_bpfland] tasks -> r:  8/16 | dispatch -> k: 0     d: 5425  s: 789  
[scx_bpfland] tasks -> r:  9/16 | dispatch -> k: 0     d: 5266  s: 607  
[scx_bpfland] tasks -> r:  9/16 | dispatch -> k: 0     d: 5731  s: 75   
[scx_bpfland] tasks -> r: 16/16 | dispatch -> k: 0     d: 4382  s: 818  
[scx_bpfland] tasks -> r: 13/16 | dispatch -> k: 0     d: 4078  s: 1309 
[scx_bpfland] tasks -> r:  9/16 | dispatch -> k: 0     d: 5606  s: 413  
[scx_bpfland] tasks -> r: 14/16 | dispatch -> k: 0     d: 4938  s: 643  
[scx_bpfland] tasks -> r: 12/16 | dispatch -> k: 0     d: 4807  s: 765  
[scx_bpfland] tasks -> r: 12/16 | dispatch -> k: 0     d: 6032  s: 448  
[scx_bpfland] tasks -> r: 12/16 | dispatch -> k: 0     d: 5029  s: 813  
[scx_bpfland] tasks -> r:  9/16 | dispatch -> k: 0     d: 4663  s: 1147 
[scx_bpfland] tasks -> r:  9/16 | dispatch -> k: 0     d: 6607  s: 369  
[scx_bpfland] tasks -> r: 10/16 | dispatch -> k: 0     d: 5097  s: 915  
[scx_bpfland] tasks -> r:  7/16 | dispatch -> k: 0     d: 4959  s: 503  
[scx_bpfland] tasks -> r:  8/16 | dispatch -> k: 0     d: 4404  s: 816  
[scx_bpfland] tasks -> r: 10/16 | dispatch -> k: 0     d: 5091  s: 719  
[scx_bpfland] tasks -> r: 16/16 | dispatch -> k: 0     d: 4840  s: 468  
[scx_bpfland] tasks -> r: 11/16 | dispatch -> k: 0     d: 4472  s: 1205 
[scx_bpfland] tasks -> r: 16/16 | dispatch -> k: 0     d: 5139  s: 436  
[scx_bpfland] tasks -> r:  9/16 | dispatch -> k: 0     d: 4812  s: 614  
[scx_bpfland] tasks -> r: 14/16 | dispatch -> k: 0     d: 5224  s: 819  
[scx_bpfland] tasks -> r: 10/16 | dispatch -> k: 0     d: 5081  s: 729  
[scx_bpfland] tasks -> r:  8/16 | dispatch -> k: 0     d: 5722  s: 154  
[scx_bpfland] tasks -> r:  8/16 | dispatch -> k: 0     d: 4863  s: 741  
[scx_bpfland] tasks -> r: 14/16 | dispatch -> k: 0     d: 4928  s: 662  
[scx_bpfland] tasks -> r:  9/16 | dispatch -> k: 0     d: 5410  s: 730  
[scx_bpfland] tasks -> r:  8/16 | dispatch -> k: 0     d: 5422  s: 361  
[scx_bpfland] tasks -> r:  9/16 | dispatch -> k: 0     d: 4979  s: 1296 
[scx_bpfland] tasks -> r: 16/16 | dispatch -> k: 0     d: 5047  s: 662  
[scx_bpfland] tasks -> r: 16/16 | dispatch -> k: 0     d: 5395  s: 459  
[scx_bpfland] tasks -> r:  9/16 | dispatch -> k: 0     d: 5382  s: 697  
[scx_bpfland] tasks -> r:  9/16 | dispatch -> k: 0     d: 4884  s: 742  
[scx_bpfland] tasks -> r: 11/16 | dispatch -> k: 0     d: 4983  s: 702  
[scx_bpfland] tasks -> r: 16/16 | dispatch -> k: 0     d: 5705  s: 204  
[scx_bpfland] tasks -> r:  9/16 | dispatch -> k: 0     d: 4940  s: 611  
[scx_bpfland] tasks -> r: 11/16 | dispatch -> k: 0     d: 5039  s: 941  
[scx_bpfland] tasks -> r: 13/16 | dispatch -> k: 0     d: 4560  s: 1056 
[scx_bpfland] tasks -> r: 16/16 | dispatch -> k: 0     d: 6311  s: 717  
[scx_bpfland] tasks -> r: 14/16 | dispatch -> k: 0     d: 4681  s: 690  
[scx_bpfland] tasks -> r: 14/16 | dispatch -> k: 0     d: 5037  s: 249  
[scx_bpfland] tasks -> r: 13/16 | dispatch -> k: 0     d: 4812  s: 994  
[scx_bpfland] tasks -> r:  8/16 | dispatch -> k: 0     d: 4663  s: 669  
[scx_bpfland] tasks -> r:  6/16 | dispatch -> k: 0     d: 5074  s: 563  
[scx_bpfland] tasks -> r: 16/16 | dispatch -> k: 0     d: 4340  s: 1088 
[scx_bpfland] tasks -> r: 12/16 | dispatch -> k: 0     d: 4478  s: 887  
[scx_bpfland] tasks -> r:  9/16 | dispatch -> k: 0     d: 6240  s: 33   
[scx_bpfland] tasks -> r: 10/16 | dispatch -> k: 0     d: 5219  s: 271  
[scx_bpfland] tasks -> r:  8/16 | dispatch -> k: 0     d: 7531  s: 559  
[scx_bpfland] tasks -> r: 16/16 | dispatch -> k: 0     d: 6018  s: 39   
[scx_bpfland] tasks -> r: 15/16 | dispatch -> k: 0     d: 5690  s: 223  
[scx_bpfland] tasks -> r:  4/16 | dispatch -> k: 0     d: 5927  s: 240  
[scx_bpfland] tasks -> r:  6/16 | dispatch -> k: 0     d: 5592  s: 175  
[scx_bpfland] tasks -> r:  6/16 | dispatch -> k: 0     d: 5658  s: 120  
[scx_bpfland] tasks -> r: 10/16 | dispatch -> k: 0     d: 5354  s: 145  
[scx_bpfland] tasks -> r:  9/16 | dispatch -> k: 0     d: 5012  s: 753  
[scx_bpfland] tasks -> r:  5/16 | dispatch -> k: 0     d: 5711  s: 536  
[scx_bpfland] tasks -> r: 16/16 | dispatch -> k: 0     d: 5881  s: 49   
[scx_bpfland] tasks -> r: 15/16 | dispatch -> k: 0     d: 5636  s: 234  
[scx_bpfland] tasks -> r:  7/16 | dispatch -> k: 0     d: 6544  s: 324  
[scx_bpfland] tasks -> r: 10/16 | dispatch -> k: 0     d: 5643  s: 148  
[scx_bpfland] tasks -> r:  7/16 | dispatch -> k: 0     d: 5505  s: 582  
[scx_bpfland] tasks -> r:  8/16 | dispatch -> k: 0     d: 5724  s: 267  
[scx_bpfland] tasks -> r: 14/16 | dispatch -> k: 0     d: 6228  s: 345  
[scx_bpfland] tasks -> r:  9/16 | dispatch -> k: 0     d: 5679  s: 223  
[scx_bpfland] tasks -> r:  7/16 | dispatch -> k: 0     d: 5369  s: 212  
[scx_bpfland] tasks -> r:  8/16 | dispatch -> k: 0     d: 5963  s: 369  
[scx_bpfland] tasks -> r:  8/16 | dispatch -> k: 0     d: 5352  s: 291  
[scx_bpfland] tasks -> r:  8/16 | dispatch -> k: 0     d: 5670  s: 236  
[scx_bpfland] tasks -> r:  9/16 | dispatch -> k: 0     d: 5572  s: 172  
[scx_bpfland] tasks -> r:  8/16 | dispatch -> k: 0     d: 5517  s: 141  
[scx_bpfland] tasks -> r: 13/16 | dispatch -> k: 0     d: 6103  s: 155  
[scx_bpfland] tasks -> r:  7/16 | dispatch -> k: 0     d: 5810  s: 66   
[scx_bpfland] tasks -> r:  6/16 | dispatch -> k: 0     d: 5680  s: 218  
[scx_bpfland] tasks -> r:  7/16 | dispatch -> k: 0     d: 4840  s: 324  
[scx_bpfland] tasks -> r:  8/16 | dispatch -> k: 0     d: 5544  s: 242  
[scx_bpfland] tasks -> r:  7/16 | dispatch -> k: 0     d: 6231  s: 182  
[scx_bpfland] tasks -> r: 16/16 | dispatch -> k: 0     d: 6218  s: 61   
[scx_bpfland] tasks -> r:  7/16 | dispatch -> k: 0     d: 6345  s: 456  
[scx_bpfland] tasks -> r:  9/16 | dispatch -> k: 0     d: 5748  s: 222  
[scx_bpfland] tasks -> r:  6/16 | dispatch -> k: 0     d: 5225  s: 254  
[scx_bpfland] tasks -> r:  4/16 | dispatch -> k: 0     d: 5367  s: 484  
[scx_bpfland] tasks -> r: 11/16 | dispatch -> k: 0     d: 4966  s: 297  
[scx_bpfland] tasks -> r: 15/16 | dispatch -> k: 0     d: 6030  s: 111  
[scx_bpfland] tasks -> r:  8/16 | dispatch -> k: 0     d: 5625  s: 172  
[scx_bpfland] tasks -> r:  6/16 | dispatch -> k: 0     d: 5450  s: 192  
[scx_bpfland] tasks -> r:  8/16 | dispatch -> k: 0     d: 5663  s: 245  
[scx_bpfland] tasks -> r:  5/16 | dispatch -> k: 0     d: 5504  s: 183  
[scx_bpfland] tasks -> r:  8/16 | dispatch -> k: 0     d: 6595  s: 210  
[scx_bpfland] tasks -> r: 15/16 | dispatch -> k: 0     d: 6213  s: 76   
[scx_bpfland] tasks -> r:  8/16 | dispatch -> k: 0     d: 5495  s: 147  
[scx_bpfland] tasks -> r:  9/16 | dispatch -> k: 0     d: 5648  s: 373  
[scx_bpfland] tasks -> r:  7/16 | dispatch -> k: 0     d: 5435  s: 175  
[scx_bpfland] tasks -> r: 11/16 | dispatch -> k: 0     d: 5469  s: 252  
[scx_bpfland] tasks -> r:  7/16 | dispatch -> k: 0     d: 5368  s: 391  
[scx_bpfland] tasks -> r: 13/16 | dispatch -> k: 0     d: 5745  s: 267  
[scx_bpfland] tasks -> r:  3/16 | dispatch -> k: 0     d: 6187  s: 44   
[scx_bpfland] tasks -> r:  5/16 | dispatch -> k: 0     d: 5568  s: 257  
[scx_bpfland] tasks -> r:  6/16 | dispatch -> k: 0     d: 5206  s: 278  
[scx_bpfland] tasks -> r:  8/16 | dispatch -> k: 0     d: 5242  s: 259  
[scx_bpfland] tasks -> r: 11/16 | dispatch -> k: 0     d: 5342  s: 250  
[scx_bpfland] tasks -> r:  5/16 | dispatch -> k: 0     d: 8173  s: 380  
[scx_bpfland] tasks -> r:  4/16 | dispatch -> k: 0     d: 5531  s: 381  
[scx_bpfland] tasks -> r:  8/16 | dispatch -> k: 0     d: 5607  s: 243  
[scx_bpfland] tasks -> r:  5/16 | dispatch -> k: 0     d: 5587  s: 273  
[scx_bpfland] tasks -> r:  7/16 | dispatch -> k: 0     d: 5509  s: 200  
[scx_bpfland] tasks -> r: 11/16 | dispatch -> k: 0     d: 5933  s: 303  
[scx_bpfland] tasks -> r:  8/16 | dispatch -> k: 0     d: 5720  s: 99   
[scx_bpfland] tasks -> r:  5/16 | dispatch -> k: 0     d: 5700  s: 348  
[scx_bpfland] tasks -> r:  6/16 | dispatch -> k: 0     d: 6556  s: 457  
[scx_bpfland] tasks -> r: 16/16 | dispatch -> k: 0     d: 6538  s: 54   
[scx_bpfland] tasks -> r:  4/16 | dispatch -> k: 0     d: 6021  s: 211  
[scx_bpfland] tasks -> r:  8/16 | dispatch -> k: 0     d: 5820  s: 205  
[scx_bpfland] tasks -> r:  9/16 | dispatch -> k: 0     d: 5213  s: 346  
[scx_bpfland] tasks -> r:  6/16 | dispatch -> k: 0     d: 5262  s: 284  
[scx_bpfland] tasks -> r: 15/16 | dispatch -> k: 0     d: 5368  s: 168  
[scx_bpfland] tasks -> r: 15/16 | dispatch -> k: 0     d: 6186  s: 243  
[scx_bpfland] tasks -> r: 14/16 | dispatch -> k: 0     d: 5630  s: 254  
[scx_bpfland] tasks -> r:  7/16 | dispatch -> k: 0     d: 5700  s: 126  
[scx_bpfland] tasks -> r:  9/16 | dispatch -> k: 0     d: 6219  s: 352  
[scx_bpfland] tasks -> r:  7/16 | dispatch -> k: 0     d: 6078  s: 203  
[scx_bpfland] tasks -> r:  6/16 | dispatch -> k: 0     d: 6157  s: 322  
[scx_bpfland] tasks -> r:  7/16 | dispatch -> k: 0     d: 5807  s: 178  
[scx_bpfland] tasks -> r:  6/16 | dispatch -> k: 0     d: 5825  s: 224  
[scx_bpfland] tasks -> r: 10/16 | dispatch -> k: 0     d: 5458  s: 250  
[scx_bpfland] tasks -> r:  7/16 | dispatch -> k: 0     d: 5375  s: 264  
[scx_bpfland] tasks -> r:  8/16 | dispatch -> k: 0     d: 5943  s: 370  
[scx_bpfland] tasks -> r: 11/16 | dispatch -> k: 0     d: 5733  s: 269  
[scx_bpfland] tasks -> r:  8/16 | dispatch -> k: 0     d: 6453  s: 571  
[scx_bpfland] tasks -> r:  7/16 | dispatch -> k: 0     d: 5818  s: 234  
[scx_bpfland] tasks -> r: 13/16 | dispatch -> k: 0     d: 5641  s: 210  
[scx_bpfland] tasks -> r:  3/16 | dispatch -> k: 0     d: 6148  s: 306  
[scx_bpfland] tasks -> r:  6/16 | dispatch -> k: 0     d: 6174  s: 18   
[scx_bpfland] tasks -> r:  7/16 | dispatch -> k: 0     d: 5660  s: 160  
[scx_bpfland] tasks -> r:  4/16 | dispatch -> k: 0     d: 5396  s: 229  
[scx_bpfland] tasks -> r:  8/16 | dispatch -> k: 0     d: 5591  s: 188  
[scx_bpfland] tasks -> r:  3/16 | dispatch -> k: 0     d: 5405  s: 339  
[scx_bpfland] tasks -> r:  5/16 | dispatch -> k: 0     d: 3712  s: 14   
[scx_bpfland] tasks -> r: 11/16 | dispatch -> k: 0     d: 3906  s: 8    
[scx_bpfland] tasks -> r: 10/16 | dispatch -> k: 0     d: 3796  s: 3    
[scx_bpfland] tasks -> r:  3/16 | dispatch -> k: 0     d: 3488  s: 0    
[scx_bpfland] tasks -> r:  5/16 | dispatch -> k: 0     d: 4210  s: 2    
[scx_bpfland] tasks -> r:  3/16 | dispatch -> k: 0     d: 3721  s: 11   
[scx_bpfland] tasks -> r:  4/16 | dispatch -> k: 0     d: 3258  s: 23   
[scx_bpfland] tasks -> r:  4/16 | dispatch -> k: 0     d: 4076  s: 188  
[scx_bpfland] tasks -> r:  5/16 | dispatch -> k: 0     d: 3802  s: 0    
[scx_bpfland] tasks -> r:  4/16 | dispatch -> k: 0     d: 3915  s: 12   
[scx_bpfland] tasks -> r:  7/16 | dispatch -> k: 0     d: 3676  s: 13   
[scx_bpfland] tasks -> r:  3/16 | dispatch -> k: 0     d: 3337  s: 54   
[scx_bpfland] tasks -> r:  4/16 | dispatch -> k: 0     d: 2862  s: 23   
[scx_bpfland] tasks -> r:  3/16 | dispatch -> k: 0     d: 3250  s: 12   
[scx_bpfland] tasks -> r: 12/16 | dispatch -> k: 0     d: 3771  s: 14   
[scx_bpfland] tasks -> r:  4/16 | dispatch -> k: 0     d: 5948  s: 0    
[scx_bpfland] tasks -> r: 10/16 | dispatch -> k: 0     d: 3346  s: 15   
[scx_bpfland] tasks -> r:  4/16 | dispatch -> k: 0     d: 3465  s: 17   
[scx_bpfland] tasks -> r:  4/16 | dispatch -> k: 0     d: 3390  s: 10   
[scx_bpfland] tasks -> r: 10/16 | dispatch -> k: 0     d: 4152  s: 31   
[scx_bpfland] tasks -> r:  6/16 | dispatch -> k: 0     d: 3454  s: 1    
[scx_bpfland] tasks -> r:  3/16 | dispatch -> k: 0     d: 3615  s: 6    
[scx_bpfland] tasks -> r:  2/16 | dispatch -> k: 0     d: 3688  s: 435  
[scx_bpfland] tasks -> r:  4/16 | dispatch -> k: 0     d: 3599  s: 38   
[scx_bpfland] tasks -> r:  4/16 | dispatch -> k: 0     d: 4036  s: 18   
[scx_bpfland] tasks -> r:  4/16 | dispatch -> k: 0     d: 3589  s: 7    
[scx_bpfland] tasks -> r:  4/16 | dispatch -> k: 0     d: 3491  s: 25   
[scx_bpfland] tasks -> r:  4/16 | dispatch -> k: 0     d: 3483  s: 32   
[scx_bpfland] tasks -> r:  3/16 | dispatch -> k: 0     d: 3476  s: 34   
[scx_bpfland] tasks -> r:  3/16 | dispatch -> k: 0     d: 3998  s: 1    
[scx_bpfland] tasks -> r:  5/16 | dispatch -> k: 0     d: 3625  s: 19   
[scx_bpfland] tasks -> r:  3/16 | dispatch -> k: 0     d: 3204  s: 19   
[scx_bpfland] tasks -> r:  3/16 | dispatch -> k: 0     d: 3963  s: 18   
[scx_bpfland] tasks -> r:  3/16 | dispatch -> k: 0     d: 4182  s: 84   
[scx_bpfland] tasks -> r:  4/16 | dispatch -> k: 0     d: 3795  s: 13   
[scx_bpfland] tasks -> r:  3/16 | dispatch -> k: 0     d: 3443  s: 21   
[scx_bpfland] tasks -> r:  0/16 | dispatch -> k: 0     d: 2572  s: 10   
