00:19:12 [0m[34m[INFO] [0mNUMA nodes: 1
00:19:12 [0m[34m[INFO] [0mDisabling NUMA optimizations
00:19:12 [0m[34m[INFO] [0mscx_bpfland 1.1.0-gc505008f x86_64-unknown-linux-gnu SMT on
00:19:12 [0m[34m[INFO] [0mscheduler options: /usr/bin/scx_bpfland
00:19:12 [0m[34m[INFO] [0mscheduler flags: 0x36
00:19:12 [0m[34m[INFO] [0mprimary CPU domain = 0xffff
00:19:12 [0m[34m[INFO] [0mcpufreq performance level: max
00:19:12 [0m[34m[INFO] [0mSMT sibling CPUs: [1, 0, 3, 2, 5, 4, 7, 6, 9, 8, 11, 10, 13, 12, 15, 14]

DEBUG DUMP
================================================================================

kworker/u64:1[906346] triggered exit kind 1026:
  runnable task stall (cyclictest[1150015] failed to run for 6.282s)

Backtrace:
  scx_watchdog_workfn+0x12a/0x1c0
  process_scheduled_works+0x1f3/0x5e0
  worker_thread+0x18d/0x340
  kthread+0x205/0x280
  ret_from_fork+0x118/0x260
  ret_from_fork_asm+0x1a/0x30

CPU states
----------

CPU 0   : nr_run=3 flags=0x1 cpu_rel=0 ops_qseq=1598729 ksync=6411118
          curr=bash[1150019] class=rt_sched_class

  R cyclictest[1150015] -6282ms
      scx_state/flags=3/0x9 dsq_flags=0x1 ops_state/qseq=0/0
      sticky/holding_cpu=-1/-1 dsq_id=0x0
      dsq_vtime=69213290034 slice=2440000 weight=244
      cpus=0001 no_mig=0

    __x64_sys_clock_nanosleep+0xea/0x160
    do_syscall_64+0x75/0x280
    entry_SYSCALL_64_after_hwframe+0x79/0x81

  R cyclictest[1150011] -6273ms
      scx_state/flags=3/0x9 dsq_flags=0x1 ops_state/qseq=0/0
      sticky/holding_cpu=-1/-1 dsq_id=0x0
      dsq_vtime=69212782395 slice=2440000 weight=244
      cpus=0001 no_mig=0

    __x64_sys_clock_nanosleep+0xea/0x160
    do_syscall_64+0x75/0x280
    entry_SYSCALL_64_after_hwframe+0x79/0x81

  R kworker/0:2[148] -6016ms
      scx_state/flags=3/0x9 dsq_flags=0x1 ops_state/qseq=0/0
      sticky/holding_cpu=-1/-1 dsq_id=0x0
      dsq_vtime=69849800305 slice=500000 weight=100
      cpus=0001 no_mig=0

    kthread+0x205/0x280
    ret_from_fork+0x118/0x260
    ret_from_fork_asm+0x1a/0x30

CPU 2   : nr_run=1 flags=0x1 cpu_rel=0 ops_qseq=676939 ksync=4568631
          curr=code[5766] class=ext_sched_class

 *R code[5766] -1ms
      scx_state/flags=3/0xd dsq_flags=0x0 ops_state/qseq=0/0
      sticky/holding_cpu=-1/-1 dsq_id=(n/a)
      dsq_vtime=69442182429 slice=2338018 weight=244
      cpus=ffff no_mig=0

CPU 7   : nr_run=1 flags=0x1 cpu_rel=0 ops_qseq=493843 ksync=3638677
          curr=Discord[2897] class=ext_sched_class

 *R Discord[2897] -2ms
      scx_state/flags=3/0xd dsq_flags=0x0 ops_state/qseq=0/0
      sticky/holding_cpu=-1/-1 dsq_id=(n/a)
      dsq_vtime=72873321000 slice=4749961 weight=596
      cpus=ffff no_mig=0

CPU 11  : nr_run=2 flags=0x9 cpu_rel=0 ops_qseq=493114 ksync=3617669
          curr=code[5788] class=ext_sched_class

 *R code[5788] -66ms
      scx_state/flags=3/0xd dsq_flags=0x0 ops_state/qseq=0/0
      sticky/holding_cpu=-1/-1 dsq_id=(n/a)
      dsq_vtime=74220401570 slice=444287 weight=244
      cpus=ffff no_mig=0

  R kworker/11:1[244] +0ms
      scx_state/flags=3/0x9 dsq_flags=0x1 ops_state/qseq=0/0
      sticky/holding_cpu=-1/-1 dsq_id=0xb
      dsq_vtime=74100401570 slice=1000000 weight=100
      cpus=0800 no_mig=0

    kthread+0x205/0x280
    ret_from_fork+0x118/0x260
    ret_from_fork_asm+0x1a/0x30

CPU 13  : nr_run=1 flags=0x1 cpu_rel=0 ops_qseq=496899 ksync=3185372
          curr=kworker/u64:1[906346] class=ext_sched_class

 *R kworker/u64:1[906346] +0ms
      scx_state/flags=3/0xd dsq_flags=0x0 ops_state/qseq=0/0
      sticky/holding_cpu=-1/-1 dsq_id=(n/a)
      dsq_vtime=72905294528 slice=1000000 weight=100
      cpus=ffff no_mig=0

    scx_dump_state+0x7d1/0xce0
    scx_error_irq_workfn+0x24/0x40
    irq_work_run+0x63/0xd0
    __sysvec_irq_work+0x1f/0x30
    sysvec_irq_work+0x4f/0x80
    asm_sysvec_irq_work+0x1a/0x20
    scx_watchdog_workfn+0x15d/0x1c0
    process_scheduled_works+0x1f3/0x5e0
    worker_thread+0x18d/0x340
    kthread+0x205/0x280
    ret_from_fork+0x118/0x260
    ret_from_fork_asm+0x1a/0x30

Event counters
--------------
              SCX_EV_SELECT_CPU_FALLBACK:                0
       SCX_EV_DISPATCH_LOCAL_DSQ_OFFLINE:                0
               SCX_EV_DISPATCH_KEEP_LAST:                0
                 SCX_EV_ENQ_SKIP_EXITING:                0
      SCX_EV_ENQ_SKIP_MIGRATION_DISABLED:                0
                 SCX_EV_REFILL_SLICE_DFL:               14
                  SCX_EV_BYPASS_DURATION:         19206397
                  SCX_EV_BYPASS_DISPATCH:               14
                  SCX_EV_BYPASS_ACTIVATE:                1

================================================================================

00:19:58 [0m[34m[INFO] [0mUnregister scx_bpfland scheduler
Error: EXIT: runnable task stall (cyclictest[1150015] failed to run for 6.282s)
